Lean (version 4.19.0, x86_64-unknown-linux-gnu, commit 6caaee842e94, Release)
BEGIN FamilyAlgebra.FamilyAlgebra 2026-10-09T04:24:43Z
'FamilyAlgebra.zero_locus' depends on axioms: [propext, Quot.sound]
'FamilyAlgebra.exactly_six_base_zeros' depends on axioms: [propext]
END FamilyAlgebra.FamilyAlgebra status=0 peak_KiB=495288
BEGIN FamilyAlgebra.FieldAlgebra 2026-10-09T04:24:44Z
'FamilyAlgebra.field_zero_locus_cross' depends on axioms: [propext, Classical.choice, Quot.sound]
'FamilyAlgebra.field_zero_locus' depends on axioms: [propext, Classical.choice, Quot.sound]
'FamilyAlgebra.squared_basis_independent' depends on axioms: [propext, Classical.choice, Quot.sound]
END FamilyAlgebra.FieldAlgebra status=0 peak_KiB=1136328
BEGIN FamilyAlgebra.PfaffianExpansion 2026-10-09T04:24:45Z
'FamilyAlgebra.Pfaffian.finite_expansion' depends on axioms: [propext, Quot.sound]
'FamilyAlgebra.Pfaffian.weighted_finite_expansion' depends on axioms: [propext, Quot.sound]
END FamilyAlgebra.PfaffianExpansion status=0 peak_KiB=1177868
BEGIN FamilyAlgebra.ConcretePlanes 2026-10-09T04:24:46Z
'FamilyAlgebra.family_odd_pair' depends on axioms: [propext, Quot.sound]
'FamilyAlgebra.lift_polar' depends on axioms: [propext, Classical.choice, Quot.sound]
END FamilyAlgebra.ConcretePlanes status=0 peak_KiB=1155808
BEGIN FamilyAlgebra.CoefficientEvaluation 2026-10-09T04:24:47Z
'FamilyAlgebra.evaluate_terms' depends on axioms: [propext, Classical.choice, Quot.sound]
END FamilyAlgebra.CoefficientEvaluation status=0 peak_KiB=1156760
BEGIN FamilyAlgebra.ConcreteExpansion 2026-10-09T04:24:48Z
'FamilyAlgebra.pencil_expansion' depends on axioms: [propext, Classical.choice, Quot.sound]
END FamilyAlgebra.ConcreteExpansion status=0 peak_KiB=1150444
BEGIN FamilyAlgebra.ConcreteZeroLocus 2026-10-09T04:24:49Z
'FamilyAlgebra.concrete_zero_locus_six' depends on axioms: [propext, Classical.choice, Quot.sound]
'FamilyAlgebra.concrete_zero_locus' depends on axioms: [propext, Classical.choice, Quot.sound]
END FamilyAlgebra.ConcreteZeroLocus status=0 peak_KiB=1140216
BEGIN FamilyAlgebra.TraceCoordinates 2026-10-09T04:24:51Z
'FamilyAlgebra.TraceCoordinates.radical_iff' depends on axioms: [propext, Classical.choice, Quot.sound]
'FamilyAlgebra.TraceCoordinates.transfer_injective' depends on axioms: [propext, Classical.choice, Quot.sound]
END FamilyAlgebra.TraceCoordinates status=0 peak_KiB=1136784
BEGIN FamilyAlgebra.FiniteRealization 2026-10-09T04:24:52Z
'FamilyAlgebra.realized_zero_locus' depends on axioms: [propext, Classical.choice, Quot.sound]
'FamilyAlgebra.realized_trace_radical' depends on axioms: [propext, Classical.choice, Quot.sound]
'FamilyAlgebra.realized_trace_injective' depends on axioms: [propext, Classical.choice, Quot.sound]
END FamilyAlgebra.FiniteRealization status=0 peak_KiB=2048292
BEGIN FamilyAlgebra.TraceRank 2026-10-09T04:24:57Z
'FamilyAlgebra.TraceRank.transfer_rank' depends on axioms: [propext, Classical.choice, Quot.sound]
'FamilyAlgebra.TraceRank.realized_trace_rank' depends on axioms: [propext, Classical.choice, Quot.sound]
END FamilyAlgebra.TraceRank status=0 peak_KiB=2042756
BEGIN FamilyAlgebra.PencilInjection 2026-10-09T04:25:01Z
'FamilyAlgebra.trace_family_parameter_injective' depends on axioms: [propext, Classical.choice, Quot.sound]
'FamilyAlgebra.family_parameter_injective' depends on axioms: [propext, Classical.choice, Quot.sound]
END FamilyAlgebra.PencilInjection status=0 peak_KiB=1155220
BEGIN FamilyAlgebra.PfaffianKernel 2026-10-09T04:25:02Z
'FamilyAlgebra.singular_pencil_kernel' depends on axioms: [propext, Classical.choice, Quot.sound]
'FamilyAlgebra.pf_nonzero_kernel' depends on axioms: [propext, Classical.choice, Quot.sound]
END FamilyAlgebra.PfaffianKernel status=0 peak_KiB=1335932
BEGIN FamilyAlgebra.BinaryCoordinates 2026-10-09T04:25:07Z
'FamilyAlgebra.realized_binary_family' depends on axioms: [propext, Classical.choice, Quot.sound]
'FamilyAlgebra.binary_family_nondegenerate_iff' depends on axioms: [propext, Classical.choice, Quot.sound]
'FamilyAlgebra.binaryForm_alt' depends on axioms: [propext, Classical.choice, Quot.sound]
END FamilyAlgebra.BinaryCoordinates status=0 peak_KiB=2082544
BEGIN FamilyAlgebra.ParameterData 2026-10-09T04:25:13Z
END FamilyAlgebra.ParameterData status=0 peak_KiB=1484156
BEGIN FamilyAlgebra.ParameterLinearity 2026-10-09T04:25:14Z
'FamilyAlgebra.realized_fullLinearFamily' depends on axioms: [propext, Classical.choice, Quot.sound]
'FamilyAlgebra.linearFamily' depends on axioms: [propext, Classical.choice, Quot.sound]
'FamilyAlgebra.linearFamily_alt' depends on axioms: [propext, Classical.choice, Quot.sound]
END FamilyAlgebra.ParameterLinearity status=0 peak_KiB=2185000
BEGIN FamilyMaskCount.MaskCount 2026-10-09T04:25:27Z
<BOOTSTRAP_PROJECT>/FamilyMaskCount/MaskCount.lean:144:23: warning: Used `tac1 <;> tac2` where `(tac1; tac2)` would suffice
note: this linter can be disabled with `set_option linter.unnecessarySeqFocus false`
<BOOTSTRAP_PROJECT>/FamilyMaskCount/MaskCount.lean:144:35: warning: Used `tac1 <;> tac2` where `(tac1; tac2)` would suffice
note: this linter can be disabled with `set_option linter.unnecessarySeqFocus false`
<BOOTSTRAP_PROJECT>/FamilyMaskCount/MaskCount.lean:144:53: warning: Used `tac1 <;> tac2` where `(tac1; tac2)` would suffice
note: this linter can be disabled with `set_option linter.unnecessarySeqFocus false`
<BOOTSTRAP_PROJECT>/FamilyMaskCount/MaskCount.lean:144:63: warning: Used `tac1 <;> tac2` where `(tac1; tac2)` would suffice
note: this linter can be disabled with `set_option linter.unnecessarySeqFocus false`
'FamilyMaskCount.bad_card' depends on axioms: [propext, Classical.choice, Quot.sound]
'FamilyMaskCount.nonzero_bad_card' depends on axioms: [propext, Classical.choice, Quot.sound]
END FamilyMaskCount.MaskCount status=0 peak_KiB=1538304
BEGIN FastWalsh 2026-10-09T04:25:30Z
<BOOTSTRAP_PROJECT>/FastWalsh.lean:17:4: warning: unused variable `n`
note: this linter can be disabled with `set_option linter.unusedVariables false`
<BOOTSTRAP_PROJECT>/FastWalsh.lean:87:4: warning: unused variable `n`
note: this linter can be disabled with `set_option linter.unusedVariables false`
'FastWalsh.transform_eq_character_sum' depends on axioms: [propext, Classical.choice, Quot.sound]
'FastWalsh.fastWalsh_correct' depends on axioms: [propext, Classical.choice, Quot.sound]
'FastWalsh.fastBent_correct' depends on axioms: [propext, Classical.choice, Quot.sound]
END FastWalsh status=0 peak_KiB=488188
BEGIN Quadratic 2026-10-09T04:25:31Z
'FastWalsh.quadratic_component_correct' depends on axioms: [propext, Quot.sound]
END Quadratic status=0 peak_KiB=429820
BEGIN QuadraticWalshShift 2026-10-09T04:25:31Z
'QuadraticWalshShift.quadratic_bent_certificate' depends on axioms: [propext, Quot.sound]
'QuadraticWalshShift.quadraticComponent_translate' depends on axioms: [propext, Quot.sound]
'QuadraticWalshShift.additive_eq_of_basis' depends on axioms: [propext, Quot.sound]
'QuadraticWalshShift.coefficient_alignment_of_basis' depends on axioms: [propext, Quot.sound]
'QuadraticWalshShift.quadratic_bent_of_basis_and_zero' depends on axioms: [propext, Quot.sound]
'QuadraticWalshShift.walsh_shift' depends on axioms: [propext, Quot.sound]
END QuadraticWalshShift status=0 peak_KiB=501828
BEGIN QuadraticWalshParseval 2026-10-09T04:25:33Z
'QuadraticWalshParseval.walsh_parseval' depends on axioms: [propext, Classical.choice, Quot.sound]
'QuadraticWalshParseval.quadratic_bent_certificate' depends on axioms: [propext, Classical.choice, Quot.sound]
END QuadraticWalshParseval status=0 peak_KiB=450884
BEGIN QuadraticWalshRadical 2026-10-09T04:25:34Z
'QuadraticWalshRadical.binaryDot_detect' depends on axioms: [propext, Classical.choice, Quot.sound]
'QuadraticWalshRadical.quadratic_zero_coefficient_of_radical' depends on axioms: [propext, Classical.choice, Quot.sound]
'QuadraticWalshRadical.quadratic_not_bent_certificate' depends on axioms: [propext, Classical.choice, Quot.sound]
END QuadraticWalshRadical status=0 peak_KiB=448492
BEGIN QuadraticWalshMatrix 2026-10-09T04:25:34Z
'QuadraticWalshMatrix.bent_iff_polarForm_nondegenerate' depends on axioms: [propext, Classical.choice, Quot.sound]
'QuadraticWalshMatrix.bent_iff_matrix_injective' depends on axioms: [propext, Classical.choice, Quot.sound]
'QuadraticWalshMatrix.polarMatrix_entry' depends on axioms: [propext, Classical.choice, Quot.sound]
END QuadraticWalshMatrix status=0 peak_KiB=1759008
BEGIN FamilyAlgebra.ComponentCount 2026-10-09T04:25:37Z
'FamilyAlgebra.nonzero_nonbent_card_of_classification' depends on axioms: [propext, Classical.choice, Quot.sound]
END FamilyAlgebra.ComponentCount status=0 peak_KiB=2029288
BEGIN QuadraticWalshFamily 2026-10-09T04:25:39Z
'QuadraticWalshFamily.family_polarForm_eq' depends on axioms: [propext, Classical.choice, Quot.sound]
'QuadraticWalshFamily.family_bent_iff' depends on axioms: [propext, Classical.choice, Quot.sound]
'QuadraticWalshFamily.family_polar_entry' depends on axioms: [propext, Classical.choice, Quot.sound]
'QuadraticWalshFamily.pairCoefficient_component' depends on axioms: [propext, Classical.choice, Quot.sound]
END QuadraticWalshFamily status=0 peak_KiB=1707732
BEGIN FamilyAlgebra.UniformFamily 2026-10-09T04:25:43Z
'FamilyAlgebra.uniform_quadratic_family' depends on axioms: [propext, Classical.choice, Quot.sound]
'FamilyAlgebra.uniform_nonbent_count' depends on axioms: [propext, Classical.choice, Quot.sound]
'FamilyAlgebra.uniform_twelve_count' depends on axioms: [propext, Classical.choice, Quot.sound]
END FamilyAlgebra.UniformFamily status=0 peak_KiB=2044576
BEGIN FamilyAlgebra.UniformDegree 2026-10-09T04:25:46Z
'FamilyAlgebra.uniform_nonaffine_quadratic' depends on axioms: [propext, Classical.choice, Quot.sound]
END FamilyAlgebra.UniformDegree status=0 peak_KiB=2064452
SOURCE_ONLY_REPLAY_PASS
