info: toolchain not updated; already up-to-date
info: mathlib: running post-update hooks
Attempting to download 2623 file(s)

Downloaded: 1 file(s) [attempted 1/2623 = 0%]
Downloaded: 4 file(s) [attempted 4/2623 = 0%]
Downloaded: 5 file(s) [attempted 5/2623 = 0%]
Downloaded: 10 file(s) [attempted 10/2623 = 0%]
Downloaded: 12 file(s) [attempted 12/2623 = 0%]
Downloaded: 16 file(s) [attempted 16/2623 = 0%]
Downloaded: 21 file(s) [attempted 21/2623 = 0%]
Downloaded: 23 file(s) [attempted 23/2623 = 0%]
Downloaded: 27 file(s) [attempted 27/2623 = 1%]
Downloaded: 30 file(s) [attempted 30/2623 = 1%]
Downloaded: 34 file(s) [attempted 34/2623 = 1%]
Downloaded: 38 file(s) [attempted 38/2623 = 1%]
Downloaded: 43 file(s) [attempted 43/2623 = 1%]
Downloaded: 45 file(s) [attempted 45/2623 = 1%]
Downloaded: 49 file(s) [attempted 49/2623 = 1%]
Downloaded: 54 file(s) [attempted 54/2623 = 2%]
Downloaded: 58 file(s) [attempted 58/2623 = 2%]
Downloaded: 60 file(s) [attempted 60/2623 = 2%]
Downloaded: 65 file(s) [attempted 65/2623 = 2%]
Downloaded: 69 file(s) [attempted 69/2623 = 2%]
Downloaded: 74 file(s) [attempted 74/2623 = 2%]
Downloaded: 78 file(s) [attempted 78/2623 = 2%]
Downloaded: 80 file(s) [attempted 80/2623 = 3%]
Downloaded: 85 file(s) [attempted 85/2623 = 3%]
Downloaded: 87 file(s) [attempted 87/2623 = 3%]
Downloaded: 91 file(s) [attempted 91/2623 = 3%]
Downloaded: 96 file(s) [attempted 96/2623 = 3%]
Downloaded: 98 file(s) [attempted 98/2623 = 3%]
Downloaded: 100 file(s) [attempted 100/2623 = 3%]
Downloaded: 102 file(s) [attempted 102/2623 = 3%]
Downloaded: 105 file(s) [attempted 105/2623 = 4%]
Downloaded: 107 file(s) [attempted 107/2623 = 4%]
Downloaded: 111 file(s) [attempted 111/2623 = 4%]
Downloaded: 116 file(s) [attempted 116/2623 = 4%]
Downloaded: 120 file(s) [attempted 120/2623 = 4%]
Downloaded: 124 file(s) [attempted 124/2623 = 4%]
Downloaded: 129 file(s) [attempted 129/2623 = 4%]
Downloaded: 131 file(s) [attempted 131/2623 = 4%]
Downloaded: 135 file(s) [attempted 135/2623 = 5%]
Downloaded: 138 file(s) [attempted 138/2623 = 5%]
Downloaded: 142 file(s) [attempted 142/2623 = 5%]
Downloaded: 146 file(s) [attempted 146/2623 = 5%]
Downloaded: 149 file(s) [attempted 149/2623 = 5%]
Downloaded: 151 file(s) [attempted 151/2623 = 5%]
Downloaded: 155 file(s) [attempted 155/2623 = 5%]
Downloaded: 157 file(s) [attempted 157/2623 = 5%]
Downloaded: 160 file(s) [attempted 160/2623 = 6%]
Downloaded: 162 file(s) [attempted 162/2623 = 6%]
Downloaded: 168 file(s) [attempted 168/2623 = 6%]
Downloaded: 171 file(s) [attempted 171/2623 = 6%]
Downloaded: 175 file(s) [attempted 175/2623 = 6%]
Downloaded: 177 file(s) [attempted 177/2623 = 6%]
Downloaded: 179 file(s) [attempted 179/2623 = 6%]
Downloaded: 182 file(s) [attempted 182/2623 = 6%]
Downloaded: 184 file(s) [attempted 184/2623 = 7%]
Downloaded: 188 file(s) [attempted 188/2623 = 7%]
Downloaded: 193 file(s) [attempted 193/2623 = 7%]
Downloaded: 195 file(s) [attempted 195/2623 = 7%]
Downloaded: 197 file(s) [attempted 197/2623 = 7%]
Downloaded: 201 file(s) [attempted 201/2623 = 7%]
Downloaded: 206 file(s) [attempted 206/2623 = 7%]
Downloaded: 208 file(s) [attempted 208/2623 = 7%]
Downloaded: 210 file(s) [attempted 210/2623 = 8%]
Downloaded: 212 file(s) [attempted 212/2623 = 8%]
Downloaded: 215 file(s) [attempted 215/2623 = 8%]
Downloaded: 217 file(s) [attempted 217/2623 = 8%]
Downloaded: 219 file(s) [attempted 219/2623 = 8%]
Downloaded: 223 file(s) [attempted 223/2623 = 8%]
Downloaded: 226 file(s) [attempted 226/2623 = 8%]
Downloaded: 230 file(s) [attempted 230/2623 = 8%]
Downloaded: 232 file(s) [attempted 232/2623 = 8%]
Downloaded: 237 file(s) [attempted 237/2623 = 9%]
Downloaded: 239 file(s) [attempted 239/2623 = 9%]
Downloaded: 243 file(s) [attempted 243/2623 = 9%]
Downloaded: 248 file(s) [attempted 248/2623 = 9%]
Downloaded: 252 file(s) [attempted 252/2623 = 9%]
Downloaded: 256 file(s) [attempted 256/2623 = 9%]
Downloaded: 259 file(s) [attempted 259/2623 = 9%]
Downloaded: 261 file(s) [attempted 261/2623 = 9%]
Downloaded: 263 file(s) [attempted 263/2623 = 10%]
Downloaded: 265 file(s) [attempted 265/2623 = 10%]
Downloaded: 268 file(s) [attempted 268/2623 = 10%]
Downloaded: 270 file(s) [attempted 270/2623 = 10%]
Downloaded: 274 file(s) [attempted 274/2623 = 10%]
Downloaded: 276 file(s) [attempted 276/2623 = 10%]
Downloaded: 281 file(s) [attempted 281/2623 = 10%]
Downloaded: 283 file(s) [attempted 283/2623 = 10%]
Downloaded: 285 file(s) [attempted 285/2623 = 10%]
Downloaded: 287 file(s) [attempted 287/2623 = 10%]
Downloaded: 290 file(s) [attempted 290/2623 = 11%]
Downloaded: 294 file(s) [attempted 294/2623 = 11%]
Downloaded: 296 file(s) [attempted 296/2623 = 11%]
Downloaded: 298 file(s) [attempted 298/2623 = 11%]
Downloaded: 301 file(s) [attempted 301/2623 = 11%]
Downloaded: 303 file(s) [attempted 303/2623 = 11%]
Downloaded: 307 file(s) [attempted 307/2623 = 11%]
Downloaded: 312 file(s) [attempted 312/2623 = 11%]
Downloaded: 316 file(s) [attempted 316/2623 = 12%]
Downloaded: 320 file(s) [attempted 320/2623 = 12%]
Downloaded: 323 file(s) [attempted 323/2623 = 12%]
Downloaded: 327 file(s) [attempted 327/2623 = 12%]
Downloaded: 329 file(s) [attempted 329/2623 = 12%]
Downloaded: 331 file(s) [attempted 331/2623 = 12%]
Downloaded: 334 file(s) [attempted 334/2623 = 12%]
Downloaded: 336 file(s) [attempted 336/2623 = 12%]
Downloaded: 340 file(s) [attempted 340/2623 = 12%]
Downloaded: 342 file(s) [attempted 342/2623 = 13%]
Downloaded: 345 file(s) [attempted 345/2623 = 13%]
Downloaded: 347 file(s) [attempted 347/2623 = 13%]
Downloaded: 349 file(s) [attempted 349/2623 = 13%]
Downloaded: 351 file(s) [attempted 351/2623 = 13%]
Downloaded: 353 file(s) [attempted 353/2623 = 13%]
Downloaded: 356 file(s) [attempted 356/2623 = 13%]
Downloaded: 358 file(s) [attempted 358/2623 = 13%]
Downloaded: 362 file(s) [attempted 362/2623 = 13%]
Downloaded: 364 file(s) [attempted 364/2623 = 13%]
Downloaded: 367 file(s) [attempted 367/2623 = 13%]
Downloaded: 371 file(s) [attempted 371/2623 = 14%]
Downloaded: 373 file(s) [attempted 373/2623 = 14%]
Downloaded: 375 file(s) [attempted 375/2623 = 14%]
Downloaded: 378 file(s) [attempted 378/2623 = 14%]
Downloaded: 382 file(s) [attempted 382/2623 = 14%]
Downloaded: 384 file(s) [attempted 384/2623 = 14%]
Downloaded: 386 file(s) [attempted 386/2623 = 14%]
Downloaded: 391 file(s) [attempted 391/2623 = 14%]
Downloaded: 395 file(s) [attempted 395/2623 = 15%]
Downloaded: 397 file(s) [attempted 397/2623 = 15%]
Downloaded: 402 file(s) [attempted 402/2623 = 15%]
Downloaded: 404 file(s) [attempted 404/2623 = 15%]
Downloaded: 408 file(s) [attempted 408/2623 = 15%]
Downloaded: 413 file(s) [attempted 413/2623 = 15%]
Downloaded: 415 file(s) [attempted 415/2623 = 15%]
Downloaded: 419 file(s) [attempted 419/2623 = 15%]
Downloaded: 424 file(s) [attempted 424/2623 = 16%]
Downloaded: 426 file(s) [attempted 426/2623 = 16%]
Downloaded: 430 file(s) [attempted 430/2623 = 16%]
Downloaded: 433 file(s) [attempted 433/2623 = 16%]
Downloaded: 437 file(s) [attempted 437/2623 = 16%]
Downloaded: 441 file(s) [attempted 441/2623 = 16%]
Downloaded: 444 file(s) [attempted 444/2623 = 16%]
Downloaded: 446 file(s) [attempted 446/2623 = 17%]
Downloaded: 450 file(s) [attempted 450/2623 = 17%]
Downloaded: 452 file(s) [attempted 452/2623 = 17%]
Downloaded: 455 file(s) [attempted 455/2623 = 17%]
Downloaded: 459 file(s) [attempted 459/2623 = 17%]
Downloaded: 463 file(s) [attempted 463/2623 = 17%]
Downloaded: 466 file(s) [attempted 466/2623 = 17%]
Downloaded: 470 file(s) [attempted 470/2623 = 17%]
Downloaded: 472 file(s) [attempted 472/2623 = 17%]
Downloaded: 474 file(s) [attempted 474/2623 = 18%]
Downloaded: 477 file(s) [attempted 477/2623 = 18%]
Downloaded: 481 file(s) [attempted 481/2623 = 18%]
Downloaded: 483 file(s) [attempted 483/2623 = 18%]
Downloaded: 485 file(s) [attempted 485/2623 = 18%]
Downloaded: 490 file(s) [attempted 490/2623 = 18%]
Downloaded: 492 file(s) [attempted 492/2623 = 18%]
Downloaded: 494 file(s) [attempted 494/2623 = 18%]
Downloaded: 496 file(s) [attempted 496/2623 = 18%]
Downloaded: 501 file(s) [attempted 501/2623 = 19%]
Downloaded: 505 file(s) [attempted 505/2623 = 19%]
Downloaded: 512 file(s) [attempted 512/2623 = 19%]
Downloaded: 514 file(s) [attempted 514/2623 = 19%]
Downloaded: 516 file(s) [attempted 516/2623 = 19%]
Downloaded: 521 file(s) [attempted 521/2623 = 19%]
Downloaded: 523 file(s) [attempted 523/2623 = 19%]
Downloaded: 525 file(s) [attempted 525/2623 = 20%]
Downloaded: 527 file(s) [attempted 527/2623 = 20%]
Downloaded: 532 file(s) [attempted 532/2623 = 20%]
Downloaded: 534 file(s) [attempted 534/2623 = 20%]
Downloaded: 538 file(s) [attempted 538/2623 = 20%]
Downloaded: 543 file(s) [attempted 543/2623 = 20%]
Downloaded: 547 file(s) [attempted 547/2623 = 20%]
Downloaded: 549 file(s) [attempted 549/2623 = 20%]
Downloaded: 554 file(s) [attempted 554/2623 = 21%]
Downloaded: 558 file(s) [attempted 558/2623 = 21%]
Downloaded: 560 file(s) [attempted 560/2623 = 21%]
Downloaded: 563 file(s) [attempted 563/2623 = 21%]
Downloaded: 565 file(s) [attempted 565/2623 = 21%]
Downloaded: 567 file(s) [attempted 567/2623 = 21%]
Downloaded: 571 file(s) [attempted 571/2623 = 21%]
Downloaded: 574 file(s) [attempted 574/2623 = 21%]
Downloaded: 576 file(s) [attempted 576/2623 = 21%]
Downloaded: 578 file(s) [attempted 578/2623 = 22%]
Downloaded: 580 file(s) [attempted 580/2623 = 22%]
Downloaded: 585 file(s) [attempted 585/2623 = 22%]
Downloaded: 589 file(s) [attempted 589/2623 = 22%]
Downloaded: 591 file(s) [attempted 591/2623 = 22%]
Downloaded: 593 file(s) [attempted 593/2623 = 22%]
Downloaded: 596 file(s) [attempted 596/2623 = 22%]
Downloaded: 602 file(s) [attempted 602/2623 = 22%]
Downloaded: 604 file(s) [attempted 604/2623 = 23%]
Downloaded: 609 file(s) [attempted 609/2623 = 23%]
Downloaded: 613 file(s) [attempted 613/2623 = 23%]
Downloaded: 615 file(s) [attempted 615/2623 = 23%]
Downloaded: 618 file(s) [attempted 618/2623 = 23%]
Downloaded: 624 file(s) [attempted 624/2623 = 23%]
Downloaded: 629 file(s) [attempted 629/2623 = 23%]
Downloaded: 631 file(s) [attempted 631/2623 = 24%]
Downloaded: 633 file(s) [attempted 633/2623 = 24%]
Downloaded: 637 file(s) [attempted 637/2623 = 24%]
Downloaded: 642 file(s) [attempted 642/2623 = 24%]
Downloaded: 644 file(s) [attempted 644/2623 = 24%]
Downloaded: 648 file(s) [attempted 648/2623 = 24%]
Downloaded: 651 file(s) [attempted 651/2623 = 24%]
Downloaded: 654 file(s) [attempted 654/2623 = 24%]
Downloaded: 657 file(s) [attempted 657/2623 = 25%]
Downloaded: 659 file(s) [attempted 659/2623 = 25%]
Downloaded: 664 file(s) [attempted 664/2623 = 25%]
Downloaded: 666 file(s) [attempted 666/2623 = 25%]
Downloaded: 670 file(s) [attempted 670/2623 = 25%]
Downloaded: 675 file(s) [attempted 675/2623 = 25%]
Downloaded: 677 file(s) [attempted 677/2623 = 25%]
Downloaded: 681 file(s) [attempted 681/2623 = 25%]
Downloaded: 684 file(s) [attempted 684/2623 = 26%]
Downloaded: 688 file(s) [attempted 688/2623 = 26%]
Downloaded: 690 file(s) [attempted 690/2623 = 26%]
Downloaded: 692 file(s) [attempted 692/2623 = 26%]
Downloaded: 697 file(s) [attempted 697/2623 = 26%]
Downloaded: 699 file(s) [attempted 699/2623 = 26%]
Downloaded: 703 file(s) [attempted 703/2623 = 26%]
Downloaded: 708 file(s) [attempted 708/2623 = 26%]
Downloaded: 710 file(s) [attempted 710/2623 = 27%]
Downloaded: 714 file(s) [attempted 714/2623 = 27%]
Downloaded: 719 file(s) [attempted 719/2623 = 27%]
Downloaded: 721 file(s) [attempted 721/2623 = 27%]
Downloaded: 725 file(s) [attempted 725/2623 = 27%]
Downloaded: 730 file(s) [attempted 730/2623 = 27%]
Downloaded: 732 file(s) [attempted 732/2623 = 27%]
Downloaded: 736 file(s) [attempted 736/2623 = 28%]
Downloaded: 741 file(s) [attempted 741/2623 = 28%]
Downloaded: 743 file(s) [attempted 743/2623 = 28%]
Downloaded: 745 file(s) [attempted 745/2623 = 28%]
Downloaded: 750 file(s) [attempted 750/2623 = 28%]
Downloaded: 752 file(s) [attempted 752/2623 = 28%]
Downloaded: 756 file(s) [attempted 756/2623 = 28%]
Downloaded: 758 file(s) [attempted 758/2623 = 28%]
Downloaded: 763 file(s) [attempted 763/2623 = 29%]
Downloaded: 767 file(s) [attempted 767/2623 = 29%]
Downloaded: 772 file(s) [attempted 772/2623 = 29%]
Downloaded: 774 file(s) [attempted 774/2623 = 29%]
Downloaded: 778 file(s) [attempted 778/2623 = 29%]
Downloaded: 781 file(s) [attempted 781/2623 = 29%]
Downloaded: 785 file(s) [attempted 785/2623 = 29%]
Downloaded: 787 file(s) [attempted 787/2623 = 30%]
Downloaded: 789 file(s) [attempted 789/2623 = 30%]
Downloaded: 794 file(s) [attempted 794/2623 = 30%]
Downloaded: 796 file(s) [attempted 796/2623 = 30%]
Downloaded: 798 file(s) [attempted 798/2623 = 30%]
Downloaded: 800 file(s) [attempted 800/2623 = 30%]
Downloaded: 803 file(s) [attempted 803/2623 = 30%]
Downloaded: 807 file(s) [attempted 807/2623 = 30%]
Downloaded: 811 file(s) [attempted 811/2623 = 30%]
Downloaded: 816 file(s) [attempted 816/2623 = 31%]
Downloaded: 820 file(s) [attempted 820/2623 = 31%]
Downloaded: 822 file(s) [attempted 822/2623 = 31%]
Downloaded: 825 file(s) [attempted 825/2623 = 31%]
Downloaded: 829 file(s) [attempted 829/2623 = 31%]
Downloaded: 831 file(s) [attempted 831/2623 = 31%]
Downloaded: 833 file(s) [attempted 833/2623 = 31%]
Downloaded: 838 file(s) [attempted 838/2623 = 31%]
Downloaded: 842 file(s) [attempted 842/2623 = 32%]
Downloaded: 844 file(s) [attempted 844/2623 = 32%]
Downloaded: 847 file(s) [attempted 847/2623 = 32%]
Downloaded: 849 file(s) [attempted 849/2623 = 32%]
Downloaded: 851 file(s) [attempted 851/2623 = 32%]
Downloaded: 855 file(s) [attempted 855/2623 = 32%]
Downloaded: 858 file(s) [attempted 858/2623 = 32%]
Downloaded: 860 file(s) [attempted 860/2623 = 32%]
Downloaded: 864 file(s) [attempted 864/2623 = 32%]
Downloaded: 869 file(s) [attempted 869/2623 = 33%]
Downloaded: 873 file(s) [attempted 873/2623 = 33%]
Downloaded: 875 file(s) [attempted 875/2623 = 33%]
Downloaded: 877 file(s) [attempted 877/2623 = 33%]
Downloaded: 880 file(s) [attempted 880/2623 = 33%]
Downloaded: 882 file(s) [attempted 882/2623 = 33%]
Downloaded: 884 file(s) [attempted 884/2623 = 33%]
Downloaded: 886 file(s) [attempted 886/2623 = 33%]
Downloaded: 888 file(s) [attempted 888/2623 = 33%]
Downloaded: 891 file(s) [attempted 891/2623 = 33%]
Downloaded: 893 file(s) [attempted 893/2623 = 34%]
Downloaded: 897 file(s) [attempted 897/2623 = 34%]
Downloaded: 899 file(s) [attempted 899/2623 = 34%]
Downloaded: 902 file(s) [attempted 902/2623 = 34%]
Downloaded: 906 file(s) [attempted 906/2623 = 34%]
Downloaded: 908 file(s) [attempted 908/2623 = 34%]
Downloaded: 910 file(s) [attempted 910/2623 = 34%]
Downloaded: 913 file(s) [attempted 913/2623 = 34%]
Downloaded: 917 file(s) [attempted 917/2623 = 34%]
Downloaded: 919 file(s) [attempted 919/2623 = 35%]
Downloaded: 921 file(s) [attempted 921/2623 = 35%]
Downloaded: 926 file(s) [attempted 926/2623 = 35%]
Downloaded: 928 file(s) [attempted 928/2623 = 35%]
Downloaded: 932 file(s) [attempted 932/2623 = 35%]
Downloaded: 937 file(s) [attempted 937/2623 = 35%]
Downloaded: 939 file(s) [attempted 939/2623 = 35%]
Downloaded: 943 file(s) [attempted 943/2623 = 35%]
Downloaded: 948 file(s) [attempted 948/2623 = 36%]
Downloaded: 950 file(s) [attempted 950/2623 = 36%]
Downloaded: 952 file(s) [attempted 952/2623 = 36%]
Downloaded: 957 file(s) [attempted 957/2623 = 36%]
Downloaded: 961 file(s) [attempted 961/2623 = 36%]
Downloaded: 963 file(s) [attempted 963/2623 = 36%]
Downloaded: 965 file(s) [attempted 965/2623 = 36%]
Downloaded: 968 file(s) [attempted 968/2623 = 36%]
Downloaded: 972 file(s) [attempted 972/2623 = 37%]
Downloaded: 976 file(s) [attempted 976/2623 = 37%]
Downloaded: 981 file(s) [attempted 981/2623 = 37%]
Downloaded: 983 file(s) [attempted 983/2623 = 37%]
Downloaded: 987 file(s) [attempted 987/2623 = 37%]
Downloaded: 992 file(s) [attempted 992/2623 = 37%]
Downloaded: 994 file(s) [attempted 994/2623 = 37%]
Downloaded: 998 file(s) [attempted 998/2623 = 38%]
Downloaded: 1001 file(s) [attempted 1001/2623 = 38%]
Downloaded: 1005 file(s) [attempted 1005/2623 = 38%]
Downloaded: 1007 file(s) [attempted 1007/2623 = 38%]
Downloaded: 1009 file(s) [attempted 1009/2623 = 38%]
Downloaded: 1012 file(s) [attempted 1012/2623 = 38%]
Downloaded: 1016 file(s) [attempted 1016/2623 = 38%]
Downloaded: 1018 file(s) [attempted 1018/2623 = 38%]
Downloaded: 1020 file(s) [attempted 1020/2623 = 38%]
Downloaded: 1023 file(s) [attempted 1023/2623 = 39%]
Downloaded: 1025 file(s) [attempted 1025/2623 = 39%]
Downloaded: 1029 file(s) [attempted 1029/2623 = 39%]
Downloaded: 1031 file(s) [attempted 1031/2623 = 39%]
Downloaded: 1036 file(s) [attempted 1036/2623 = 39%]
Downloaded: 1040 file(s) [attempted 1040/2623 = 39%]
Downloaded: 1042 file(s) [attempted 1042/2623 = 39%]
Downloaded: 1045 file(s) [attempted 1045/2623 = 39%]
Downloaded: 1051 file(s) [attempted 1051/2623 = 40%]
Downloaded: 1053 file(s) [attempted 1053/2623 = 40%]
Downloaded: 1058 file(s) [attempted 1058/2623 = 40%]
Downloaded: 1060 file(s) [attempted 1060/2623 = 40%]
Downloaded: 1062 file(s) [attempted 1062/2623 = 40%]
Downloaded: 1064 file(s) [attempted 1064/2623 = 40%]
Downloaded: 1067 file(s) [attempted 1067/2623 = 40%]
Downloaded: 1071 file(s) [attempted 1071/2623 = 40%]
Downloaded: 1073 file(s) [attempted 1073/2623 = 40%]
Downloaded: 1075 file(s) [attempted 1075/2623 = 40%]
Downloaded: 1080 file(s) [attempted 1080/2623 = 41%]
Downloaded: 1084 file(s) [attempted 1084/2623 = 41%]
Downloaded: 1086 file(s) [attempted 1086/2623 = 41%]
Downloaded: 1089 file(s) [attempted 1089/2623 = 41%]
Downloaded: 1091 file(s) [attempted 1091/2623 = 41%]
Downloaded: 1095 file(s) [attempted 1095/2623 = 41%]
Downloaded: 1097 file(s) [attempted 1097/2623 = 41%]
Downloaded: 1100 file(s) [attempted 1100/2623 = 41%]
Downloaded: 1106 file(s) [attempted 1106/2623 = 42%]
Downloaded: 1111 file(s) [attempted 1111/2623 = 42%]
Downloaded: 1115 file(s) [attempted 1115/2623 = 42%]
Downloaded: 1117 file(s) [attempted 1117/2623 = 42%]
Downloaded: 1119 file(s) [attempted 1119/2623 = 42%]
Downloaded: 1122 file(s) [attempted 1122/2623 = 42%]
Downloaded: 1126 file(s) [attempted 1126/2623 = 42%]
Downloaded: 1128 file(s) [attempted 1128/2623 = 43%]
Downloaded: 1130 file(s) [attempted 1130/2623 = 43%]
Downloaded: 1133 file(s) [attempted 1133/2623 = 43%]
Downloaded: 1137 file(s) [attempted 1137/2623 = 43%]
Downloaded: 1139 file(s) [attempted 1139/2623 = 43%]
Downloaded: 1141 file(s) [attempted 1141/2623 = 43%]
Downloaded: 1144 file(s) [attempted 1144/2623 = 43%]
Downloaded: 1146 file(s) [attempted 1146/2623 = 43%]
Downloaded: 1148 file(s) [attempted 1148/2623 = 43%]
Downloaded: 1150 file(s) [attempted 1150/2623 = 43%]
Downloaded: 1155 file(s) [attempted 1155/2623 = 44%]
Downloaded: 1157 file(s) [attempted 1157/2623 = 44%]
Downloaded: 1159 file(s) [attempted 1159/2623 = 44%]
Downloaded: 1163 file(s) [attempted 1163/2623 = 44%]
Downloaded: 1166 file(s) [attempted 1166/2623 = 44%]
Downloaded: 1170 file(s) [attempted 1170/2623 = 44%]
Downloaded: 1172 file(s) [attempted 1172/2623 = 44%]
Downloaded: 1174 file(s) [attempted 1174/2623 = 44%]
Downloaded: 1179 file(s) [attempted 1179/2623 = 44%]
Downloaded: 1181 file(s) [attempted 1181/2623 = 45%]
Downloaded: 1185 file(s) [attempted 1185/2623 = 45%]
Downloaded: 1190 file(s) [attempted 1190/2623 = 45%]
Downloaded: 1194 file(s) [attempted 1194/2623 = 45%]
Downloaded: 1196 file(s) [attempted 1196/2623 = 45%]
Downloaded: 1201 file(s) [attempted 1201/2623 = 45%]
Downloaded: 1203 file(s) [attempted 1203/2623 = 45%]
Downloaded: 1205 file(s) [attempted 1205/2623 = 45%]
Downloaded: 1207 file(s) [attempted 1207/2623 = 46%]
Downloaded: 1210 file(s) [attempted 1210/2623 = 46%]
Downloaded: 1212 file(s) [attempted 1212/2623 = 46%]
Downloaded: 1216 file(s) [attempted 1216/2623 = 46%]
Downloaded: 1218 file(s) [attempted 1218/2623 = 46%]
Downloaded: 1221 file(s) [attempted 1221/2623 = 46%]
Downloaded: 1227 file(s) [attempted 1227/2623 = 46%]
Downloaded: 1229 file(s) [attempted 1229/2623 = 46%]
Downloaded: 1232 file(s) [attempted 1232/2623 = 46%]
Downloaded: 1234 file(s) [attempted 1234/2623 = 47%]
Downloaded: 1236 file(s) [attempted 1236/2623 = 47%]
Downloaded: 1240 file(s) [attempted 1240/2623 = 47%]
Downloaded: 1247 file(s) [attempted 1247/2623 = 47%]
Downloaded: 1249 file(s) [attempted 1249/2623 = 47%]
Downloaded: 1251 file(s) [attempted 1251/2623 = 47%]
Downloaded: 1256 file(s) [attempted 1256/2623 = 47%]
Downloaded: 1258 file(s) [attempted 1258/2623 = 47%]
Downloaded: 1262 file(s) [attempted 1262/2623 = 48%]
Downloaded: 1267 file(s) [attempted 1267/2623 = 48%]
Downloaded: 1269 file(s) [attempted 1269/2623 = 48%]
Downloaded: 1271 file(s) [attempted 1271/2623 = 48%]
Downloaded: 1273 file(s) [attempted 1273/2623 = 48%]
Downloaded: 1278 file(s) [attempted 1278/2623 = 48%]
Downloaded: 1282 file(s) [attempted 1282/2623 = 48%]
Downloaded: 1287 file(s) [attempted 1287/2623 = 49%]
Downloaded: 1289 file(s) [attempted 1289/2623 = 49%]
Downloaded: 1291 file(s) [attempted 1291/2623 = 49%]
Downloaded: 1295 file(s) [attempted 1295/2623 = 49%]
Downloaded: 1300 file(s) [attempted 1300/2623 = 49%]
Downloaded: 1304 file(s) [attempted 1304/2623 = 49%]
Downloaded: 1306 file(s) [attempted 1306/2623 = 49%]
Downloaded: 1311 file(s) [attempted 1311/2623 = 49%]
Downloaded: 1313 file(s) [attempted 1313/2623 = 50%]
Downloaded: 1315 file(s) [attempted 1315/2623 = 50%]
Downloaded: 1317 file(s) [attempted 1317/2623 = 50%]
Downloaded: 1322 file(s) [attempted 1322/2623 = 50%]
Downloaded: 1326 file(s) [attempted 1326/2623 = 50%]
Downloaded: 1328 file(s) [attempted 1328/2623 = 50%]
Downloaded: 1333 file(s) [attempted 1333/2623 = 50%]
Downloaded: 1335 file(s) [attempted 1335/2623 = 50%]
Downloaded: 1339 file(s) [attempted 1339/2623 = 51%]
Downloaded: 1344 file(s) [attempted 1344/2623 = 51%]
Downloaded: 1348 file(s) [attempted 1348/2623 = 51%]
Downloaded: 1350 file(s) [attempted 1350/2623 = 51%]
Downloaded: 1355 file(s) [attempted 1355/2623 = 51%]
Downloaded: 1359 file(s) [attempted 1359/2623 = 51%]
Downloaded: 1361 file(s) [attempted 1361/2623 = 51%]
Downloaded: 1366 file(s) [attempted 1366/2623 = 52%]
Downloaded: 1368 file(s) [attempted 1368/2623 = 52%]
Downloaded: 1372 file(s) [attempted 1372/2623 = 52%]
Downloaded: 1377 file(s) [attempted 1377/2623 = 52%]
Downloaded: 1381 file(s) [attempted 1381/2623 = 52%]
Downloaded: 1383 file(s) [attempted 1383/2623 = 52%]
Downloaded: 1386 file(s) [attempted 1386/2623 = 52%]
Downloaded: 1388 file(s) [attempted 1388/2623 = 52%]
Downloaded: 1392 file(s) [attempted 1392/2623 = 53%]
Downloaded: 1394 file(s) [attempted 1394/2623 = 53%]
Downloaded: 1397 file(s) [attempted 1397/2623 = 53%]
Downloaded: 1399 file(s) [attempted 1399/2623 = 53%]
Downloaded: 1403 file(s) [attempted 1403/2623 = 53%]
Downloaded: 1405 file(s) [attempted 1405/2623 = 53%]
Downloaded: 1408 file(s) [attempted 1408/2623 = 53%]
Downloaded: 1412 file(s) [attempted 1412/2623 = 53%]
Downloaded: 1414 file(s) [attempted 1414/2623 = 53%]
Downloaded: 1419 file(s) [attempted 1419/2623 = 54%]
Downloaded: 1423 file(s) [attempted 1423/2623 = 54%]
Downloaded: 1425 file(s) [attempted 1425/2623 = 54%]
Downloaded: 1427 file(s) [attempted 1427/2623 = 54%]
Downloaded: 1430 file(s) [attempted 1430/2623 = 54%]
Downloaded: 1432 file(s) [attempted 1432/2623 = 54%]
Downloaded: 1436 file(s) [attempted 1436/2623 = 54%]
Downloaded: 1441 file(s) [attempted 1441/2623 = 54%]
Downloaded: 1443 file(s) [attempted 1443/2623 = 55%]
Downloaded: 1447 file(s) [attempted 1447/2623 = 55%]
Downloaded: 1449 file(s) [attempted 1449/2623 = 55%]
Downloaded: 1454 file(s) [attempted 1454/2623 = 55%]
Downloaded: 1456 file(s) [attempted 1456/2623 = 55%]
Downloaded: 1460 file(s) [attempted 1460/2623 = 55%]
Downloaded: 1465 file(s) [attempted 1465/2623 = 55%]
Downloaded: 1467 file(s) [attempted 1467/2623 = 55%]
Downloaded: 1469 file(s) [attempted 1469/2623 = 56%]
Downloaded: 1471 file(s) [attempted 1471/2623 = 56%]
Downloaded: 1474 file(s) [attempted 1474/2623 = 56%]
Downloaded: 1478 file(s) [attempted 1478/2623 = 56%]
Downloaded: 1480 file(s) [attempted 1480/2623 = 56%]
Downloaded: 1485 file(s) [attempted 1485/2623 = 56%]
Downloaded: 1487 file(s) [attempted 1487/2623 = 56%]
Downloaded: 1491 file(s) [attempted 1491/2623 = 56%]
Downloaded: 1493 file(s) [attempted 1493/2623 = 56%]
Downloaded: 1498 file(s) [attempted 1498/2623 = 57%]
Downloaded: 1502 file(s) [attempted 1502/2623 = 57%]
Downloaded: 1504 file(s) [attempted 1504/2623 = 57%]
Downloaded: 1507 file(s) [attempted 1507/2623 = 57%]
Downloaded: 1513 file(s) [attempted 1513/2623 = 57%]
Downloaded: 1515 file(s) [attempted 1515/2623 = 57%]
Downloaded: 1518 file(s) [attempted 1518/2623 = 57%]
Downloaded: 1520 file(s) [attempted 1520/2623 = 57%]
Downloaded: 1524 file(s) [attempted 1524/2623 = 58%]
Downloaded: 1526 file(s) [attempted 1526/2623 = 58%]
Downloaded: 1531 file(s) [attempted 1531/2623 = 58%]
Downloaded: 1533 file(s) [attempted 1533/2623 = 58%]
Downloaded: 1537 file(s) [attempted 1537/2623 = 58%]
Downloaded: 1542 file(s) [attempted 1542/2623 = 58%]
Downloaded: 1546 file(s) [attempted 1546/2623 = 58%]
Downloaded: 1548 file(s) [attempted 1548/2623 = 59%]
Downloaded: 1553 file(s) [attempted 1553/2623 = 59%]
Downloaded: 1557 file(s) [attempted 1557/2623 = 59%]
Downloaded: 1559 file(s) [attempted 1559/2623 = 59%]
Downloaded: 1562 file(s) [attempted 1562/2623 = 59%]
Downloaded: 1564 file(s) [attempted 1564/2623 = 59%]
Downloaded: 1568 file(s) [attempted 1568/2623 = 59%]
Downloaded: 1570 file(s) [attempted 1570/2623 = 59%]
Downloaded: 1573 file(s) [attempted 1573/2623 = 59%]
Downloaded: 1575 file(s) [attempted 1575/2623 = 60%]
Downloaded: 1577 file(s) [attempted 1577/2623 = 60%]
Downloaded: 1581 file(s) [attempted 1581/2623 = 60%]
Downloaded: 1586 file(s) [attempted 1586/2623 = 60%]
Downloaded: 1590 file(s) [attempted 1590/2623 = 60%]
Downloaded: 1592 file(s) [attempted 1592/2623 = 60%]
Downloaded: 1597 file(s) [attempted 1597/2623 = 60%]
Downloaded: 1601 file(s) [attempted 1601/2623 = 61%]
Downloaded: 1603 file(s) [attempted 1603/2623 = 61%]
Downloaded: 1605 file(s) [attempted 1605/2623 = 61%]
Downloaded: 1608 file(s) [attempted 1608/2623 = 61%]
Downloaded: 1610 file(s) [attempted 1610/2623 = 61%]
Downloaded: 1612 file(s) [attempted 1612/2623 = 61%]
Downloaded: 1616 file(s) [attempted 1616/2623 = 61%]
Downloaded: 1619 file(s) [attempted 1619/2623 = 61%]
Downloaded: 1623 file(s) [attempted 1623/2623 = 61%]
Downloaded: 1627 file(s) [attempted 1627/2623 = 62%]
Downloaded: 1630 file(s) [attempted 1630/2623 = 62%]
Downloaded: 1634 file(s) [attempted 1634/2623 = 62%]
Downloaded: 1638 file(s) [attempted 1638/2623 = 62%]
Downloaded: 1641 file(s) [attempted 1641/2623 = 62%]
Downloaded: 1643 file(s) [attempted 1643/2623 = 62%]
Downloaded: 1645 file(s) [attempted 1645/2623 = 62%]
Downloaded: 1649 file(s) [attempted 1649/2623 = 62%]
Downloaded: 1654 file(s) [attempted 1654/2623 = 63%]
Downloaded: 1656 file(s) [attempted 1656/2623 = 63%]
Downloaded: 1660 file(s) [attempted 1660/2623 = 63%]
Downloaded: 1665 file(s) [attempted 1665/2623 = 63%]
Downloaded: 1667 file(s) [attempted 1667/2623 = 63%]
Downloaded: 1671 file(s) [attempted 1671/2623 = 63%]
Downloaded: 1676 file(s) [attempted 1676/2623 = 63%]
Downloaded: 1678 file(s) [attempted 1678/2623 = 63%]
Downloaded: 1682 file(s) [attempted 1682/2623 = 64%]
Downloaded: 1685 file(s) [attempted 1685/2623 = 64%]
Downloaded: 1687 file(s) [attempted 1687/2623 = 64%]
Downloaded: 1689 file(s) [attempted 1689/2623 = 64%]
Downloaded: 1693 file(s) [attempted 1693/2623 = 64%]
Downloaded: 1698 file(s) [attempted 1698/2623 = 64%]
Downloaded: 1700 file(s) [attempted 1700/2623 = 64%]
Downloaded: 1704 file(s) [attempted 1704/2623 = 64%]
Downloaded: 1707 file(s) [attempted 1707/2623 = 65%]
Downloaded: 1711 file(s) [attempted 1711/2623 = 65%]
Downloaded: 1715 file(s) [attempted 1715/2623 = 65%]
Downloaded: 1718 file(s) [attempted 1718/2623 = 65%]
Downloaded: 1722 file(s) [attempted 1722/2623 = 65%]
Downloaded: 1726 file(s) [attempted 1726/2623 = 65%]
Downloaded: 1731 file(s) [attempted 1731/2623 = 65%]
Downloaded: 1735 file(s) [attempted 1735/2623 = 66%]
Downloaded: 1737 file(s) [attempted 1737/2623 = 66%]
Downloaded: 1740 file(s) [attempted 1740/2623 = 66%]
Downloaded: 1742 file(s) [attempted 1742/2623 = 66%]
Downloaded: 1744 file(s) [attempted 1744/2623 = 66%]
Downloaded: 1748 file(s) [attempted 1748/2623 = 66%]
Downloaded: 1751 file(s) [attempted 1751/2623 = 66%]
Downloaded: 1755 file(s) [attempted 1755/2623 = 66%]
Downloaded: 1757 file(s) [attempted 1757/2623 = 66%]
Downloaded: 1759 file(s) [attempted 1759/2623 = 67%]
Downloaded: 1764 file(s) [attempted 1764/2623 = 67%]
Downloaded: 1766 file(s) [attempted 1766/2623 = 67%]
Downloaded: 1768 file(s) [attempted 1768/2623 = 67%]
Downloaded: 1770 file(s) [attempted 1770/2623 = 67%]
Downloaded: 1773 file(s) [attempted 1773/2623 = 67%]
Downloaded: 1777 file(s) [attempted 1777/2623 = 67%]
Downloaded: 1781 file(s) [attempted 1781/2623 = 67%]
Downloaded: 1786 file(s) [attempted 1786/2623 = 68%]
Downloaded: 1788 file(s) [attempted 1788/2623 = 68%]
Downloaded: 1792 file(s) [attempted 1792/2623 = 68%]
Downloaded: 1797 file(s) [attempted 1797/2623 = 68%]
Downloaded: 1801 file(s) [attempted 1801/2623 = 68%]
Downloaded: 1803 file(s) [attempted 1803/2623 = 68%]
Downloaded: 1806 file(s) [attempted 1806/2623 = 68%]
Downloaded: 1810 file(s) [attempted 1810/2623 = 69%]
Downloaded: 1812 file(s) [attempted 1812/2623 = 69%]
Downloaded: 1814 file(s) [attempted 1814/2623 = 69%]
Downloaded: 1819 file(s) [attempted 1819/2623 = 69%]
Downloaded: 1823 file(s) [attempted 1823/2623 = 69%]
Downloaded: 1825 file(s) [attempted 1825/2623 = 69%]
Downloaded: 1828 file(s) [attempted 1828/2623 = 69%]
Downloaded: 1830 file(s) [attempted 1830/2623 = 69%]
Downloaded: 1834 file(s) [attempted 1834/2623 = 69%]
Downloaded: 1836 file(s) [attempted 1836/2623 = 69%]
Downloaded: 1841 file(s) [attempted 1841/2623 = 70%]
Downloaded: 1845 file(s) [attempted 1845/2623 = 70%]
Downloaded: 1850 file(s) [attempted 1850/2623 = 70%]
Downloaded: 1854 file(s) [attempted 1854/2623 = 70%]
Downloaded: 1858 file(s) [attempted 1858/2623 = 70%]
Downloaded: 1863 file(s) [attempted 1863/2623 = 71%]
Downloaded: 1867 file(s) [attempted 1867/2623 = 71%]
Downloaded: 1869 file(s) [attempted 1869/2623 = 71%]
Downloaded: 1872 file(s) [attempted 1872/2623 = 71%]
Downloaded: 1874 file(s) [attempted 1874/2623 = 71%]
Downloaded: 1878 file(s) [attempted 1878/2623 = 71%]
Downloaded: 1880 file(s) [attempted 1880/2623 = 71%]
Downloaded: 1883 file(s) [attempted 1883/2623 = 71%]
Downloaded: 1885 file(s) [attempted 1885/2623 = 71%]
Downloaded: 1889 file(s) [attempted 1889/2623 = 72%]
Downloaded: 1891 file(s) [attempted 1891/2623 = 72%]
Downloaded: 1896 file(s) [attempted 1896/2623 = 72%]
Downloaded: 1898 file(s) [attempted 1898/2623 = 72%]
Downloaded: 1902 file(s) [attempted 1902/2623 = 72%]
Downloaded: 1905 file(s) [attempted 1905/2623 = 72%]
Downloaded: 1909 file(s) [attempted 1909/2623 = 72%]
Downloaded: 1911 file(s) [attempted 1911/2623 = 72%]
Downloaded: 1913 file(s) [attempted 1913/2623 = 72%]
Downloaded: 1916 file(s) [attempted 1916/2623 = 73%]
Downloaded: 1920 file(s) [attempted 1920/2623 = 73%]
Downloaded: 1922 file(s) [attempted 1922/2623 = 73%]
Downloaded: 1927 file(s) [attempted 1927/2623 = 73%]
Downloaded: 1931 file(s) [attempted 1931/2623 = 73%]
Downloaded: 1933 file(s) [attempted 1933/2623 = 73%]
Downloaded: 1935 file(s) [attempted 1935/2623 = 73%]
Downloaded: 1940 file(s) [attempted 1940/2623 = 73%]
Downloaded: 1942 file(s) [attempted 1942/2623 = 74%]
Downloaded: 1944 file(s) [attempted 1944/2623 = 74%]
Downloaded: 1946 file(s) [attempted 1946/2623 = 74%]
Downloaded: 1949 file(s) [attempted 1949/2623 = 74%]
Downloaded: 1955 file(s) [attempted 1955/2623 = 74%]
Downloaded: 1957 file(s) [attempted 1957/2623 = 74%]
Downloaded: 1960 file(s) [attempted 1960/2623 = 74%]
Downloaded: 1964 file(s) [attempted 1964/2623 = 74%]
Downloaded: 1966 file(s) [attempted 1966/2623 = 74%]
Downloaded: 1968 file(s) [attempted 1968/2623 = 75%]
Downloaded: 1971 file(s) [attempted 1971/2623 = 75%]
Downloaded: 1975 file(s) [attempted 1975/2623 = 75%]
Downloaded: 1979 file(s) [attempted 1979/2623 = 75%]
Downloaded: 1982 file(s) [attempted 1982/2623 = 75%]
Downloaded: 1986 file(s) [attempted 1986/2623 = 75%]
Downloaded: 1988 file(s) [attempted 1988/2623 = 75%]
Downloaded: 1990 file(s) [attempted 1990/2623 = 75%]
Downloaded: 1993 file(s) [attempted 1993/2623 = 75%]
Downloaded: 1995 file(s) [attempted 1995/2623 = 76%]
Downloaded: 1997 file(s) [attempted 1997/2623 = 76%]
Downloaded: 2001 file(s) [attempted 2001/2623 = 76%]
Downloaded: 2004 file(s) [attempted 2004/2623 = 76%]
Downloaded: 2008 file(s) [attempted 2008/2623 = 76%]
Downloaded: 2012 file(s) [attempted 2012/2623 = 76%]
Downloaded: 2015 file(s) [attempted 2015/2623 = 76%]
Downloaded: 2019 file(s) [attempted 2019/2623 = 76%]
Downloaded: 2023 file(s) [attempted 2023/2623 = 77%]
Downloaded: 2028 file(s) [attempted 2028/2623 = 77%]
Downloaded: 2030 file(s) [attempted 2030/2623 = 77%]
Downloaded: 2032 file(s) [attempted 2032/2623 = 77%]
Downloaded: 2034 file(s) [attempted 2034/2623 = 77%]
Downloaded: 2037 file(s) [attempted 2037/2623 = 77%]
Downloaded: 2039 file(s) [attempted 2039/2623 = 77%]
Downloaded: 2043 file(s) [attempted 2043/2623 = 77%]
Downloaded: 2045 file(s) [attempted 2045/2623 = 77%]
Downloaded: 2048 file(s) [attempted 2048/2623 = 78%]
Downloaded: 2050 file(s) [attempted 2050/2623 = 78%]
Downloaded: 2054 file(s) [attempted 2054/2623 = 78%]
Downloaded: 2056 file(s) [attempted 2056/2623 = 78%]
Downloaded: 2059 file(s) [attempted 2059/2623 = 78%]
Downloaded: 2061 file(s) [attempted 2061/2623 = 78%]
Downloaded: 2065 file(s) [attempted 2065/2623 = 78%]
Downloaded: 2067 file(s) [attempted 2067/2623 = 78%]
Downloaded: 2070 file(s) [attempted 2070/2623 = 78%]
Downloaded: 2072 file(s) [attempted 2072/2623 = 78%]
Downloaded: 2076 file(s) [attempted 2076/2623 = 79%]
Downloaded: 2078 file(s) [attempted 2078/2623 = 79%]
Downloaded: 2081 file(s) [attempted 2081/2623 = 79%]
Downloaded: 2085 file(s) [attempted 2085/2623 = 79%]
Downloaded: 2089 file(s) [attempted 2089/2623 = 79%]
Downloaded: 2092 file(s) [attempted 2092/2623 = 79%]
Downloaded: 2094 file(s) [attempted 2094/2623 = 79%]
Downloaded: 2098 file(s) [attempted 2098/2623 = 79%]
Downloaded: 2100 file(s) [attempted 2100/2623 = 80%]
Downloaded: 2105 file(s) [attempted 2105/2623 = 80%]
Downloaded: 2109 file(s) [attempted 2109/2623 = 80%]
Downloaded: 2111 file(s) [attempted 2111/2623 = 80%]
Downloaded: 2114 file(s) [attempted 2114/2623 = 80%]
Downloaded: 2118 file(s) [attempted 2118/2623 = 80%]
Downloaded: 2120 file(s) [attempted 2120/2623 = 80%]
Downloaded: 2122 file(s) [attempted 2122/2623 = 80%]
Downloaded: 2125 file(s) [attempted 2125/2623 = 81%]
Downloaded: 2127 file(s) [attempted 2127/2623 = 81%]
Downloaded: 2131 file(s) [attempted 2131/2623 = 81%]
Downloaded: 2133 file(s) [attempted 2133/2623 = 81%]
Downloaded: 2138 file(s) [attempted 2138/2623 = 81%]
Downloaded: 2142 file(s) [attempted 2142/2623 = 81%]
Downloaded: 2144 file(s) [attempted 2144/2623 = 81%]
Downloaded: 2147 file(s) [attempted 2147/2623 = 81%]
Downloaded: 2149 file(s) [attempted 2149/2623 = 81%]
Downloaded: 2153 file(s) [attempted 2153/2623 = 82%]
Downloaded: 2155 file(s) [attempted 2155/2623 = 82%]
Downloaded: 2160 file(s) [attempted 2160/2623 = 82%]
Downloaded: 2162 file(s) [attempted 2162/2623 = 82%]
Downloaded: 2166 file(s) [attempted 2166/2623 = 82%]
Downloaded: 2169 file(s) [attempted 2169/2623 = 82%]
Downloaded: 2171 file(s) [attempted 2171/2623 = 82%]
Downloaded: 2173 file(s) [attempted 2173/2623 = 82%]
Downloaded: 2175 file(s) [attempted 2175/2623 = 82%]
Downloaded: 2177 file(s) [attempted 2177/2623 = 82%]
Downloaded: 2182 file(s) [attempted 2182/2623 = 83%]
Downloaded: 2186 file(s) [attempted 2186/2623 = 83%]
Downloaded: 2188 file(s) [attempted 2188/2623 = 83%]
Downloaded: 2193 file(s) [attempted 2193/2623 = 83%]
Downloaded: 2195 file(s) [attempted 2195/2623 = 83%]
Downloaded: 2197 file(s) [attempted 2197/2623 = 83%]
Downloaded: 2199 file(s) [attempted 2199/2623 = 83%]
Downloaded: 2202 file(s) [attempted 2202/2623 = 83%]
Downloaded: 2204 file(s) [attempted 2204/2623 = 84%]
Downloaded: 2208 file(s) [attempted 2208/2623 = 84%]
Downloaded: 2210 file(s) [attempted 2210/2623 = 84%]
Downloaded: 2213 file(s) [attempted 2213/2623 = 84%]
Downloaded: 2217 file(s) [attempted 2217/2623 = 84%]
Downloaded: 2219 file(s) [attempted 2219/2623 = 84%]
Downloaded: 2221 file(s) [attempted 2221/2623 = 84%]
Downloaded: 2223 file(s) [attempted 2223/2623 = 84%]
Downloaded: 2226 file(s) [attempted 2226/2623 = 84%]
Downloaded: 2228 file(s) [attempted 2228/2623 = 84%]
Downloaded: 2232 file(s) [attempted 2232/2623 = 85%]
Downloaded: 2234 file(s) [attempted 2234/2623 = 85%]
Downloaded: 2239 file(s) [attempted 2239/2623 = 85%]
Downloaded: 2241 file(s) [attempted 2241/2623 = 85%]
Downloaded: 2245 file(s) [attempted 2245/2623 = 85%]
Downloaded: 2248 file(s) [attempted 2248/2623 = 85%]
Downloaded: 2250 file(s) [attempted 2250/2623 = 85%]
Downloaded: 2252 file(s) [attempted 2252/2623 = 85%]
Downloaded: 2256 file(s) [attempted 2256/2623 = 86%]
Downloaded: 2261 file(s) [attempted 2261/2623 = 86%]
Downloaded: 2265 file(s) [attempted 2265/2623 = 86%]
Downloaded: 2270 file(s) [attempted 2270/2623 = 86%]
Downloaded: 2272 file(s) [attempted 2272/2623 = 86%]
Downloaded: 2276 file(s) [attempted 2276/2623 = 86%]
Downloaded: 2278 file(s) [attempted 2278/2623 = 86%]
Downloaded: 2283 file(s) [attempted 2283/2623 = 87%]
Downloaded: 2285 file(s) [attempted 2285/2623 = 87%]
Downloaded: 2287 file(s) [attempted 2287/2623 = 87%]
Downloaded: 2289 file(s) [attempted 2289/2623 = 87%]
Downloaded: 2294 file(s) [attempted 2294/2623 = 87%]
Downloaded: 2296 file(s) [attempted 2296/2623 = 87%]
Downloaded: 2298 file(s) [attempted 2298/2623 = 87%]
Downloaded: 2300 file(s) [attempted 2300/2623 = 87%]
Downloaded: 2303 file(s) [attempted 2303/2623 = 87%]
Downloaded: 2307 file(s) [attempted 2307/2623 = 87%]
Downloaded: 2311 file(s) [attempted 2311/2623 = 88%]
Downloaded: 2314 file(s) [attempted 2314/2623 = 88%]
Downloaded: 2318 file(s) [attempted 2318/2623 = 88%]
Downloaded: 2322 file(s) [attempted 2322/2623 = 88%]
Downloaded: 2325 file(s) [attempted 2325/2623 = 88%]
Downloaded: 2327 file(s) [attempted 2327/2623 = 88%]
Downloaded: 2329 file(s) [attempted 2329/2623 = 88%]
Downloaded: 2333 file(s) [attempted 2333/2623 = 88%]
Downloaded: 2340 file(s) [attempted 2340/2623 = 89%]
Downloaded: 2344 file(s) [attempted 2344/2623 = 89%]
Downloaded: 2347 file(s) [attempted 2347/2623 = 89%]
Downloaded: 2349 file(s) [attempted 2349/2623 = 89%]
Downloaded: 2353 file(s) [attempted 2353/2623 = 89%]
Downloaded: 2355 file(s) [attempted 2355/2623 = 89%]
Downloaded: 2360 file(s) [attempted 2360/2623 = 89%]
Downloaded: 2364 file(s) [attempted 2364/2623 = 90%]
Downloaded: 2366 file(s) [attempted 2366/2623 = 90%]
Downloaded: 2371 file(s) [attempted 2371/2623 = 90%]
Downloaded: 2373 file(s) [attempted 2373/2623 = 90%]
Downloaded: 2375 file(s) [attempted 2375/2623 = 90%]
Downloaded: 2377 file(s) [attempted 2377/2623 = 90%]
Downloaded: 2380 file(s) [attempted 2380/2623 = 90%]
Downloaded: 2382 file(s) [attempted 2382/2623 = 90%]
Downloaded: 2384 file(s) [attempted 2384/2623 = 90%]
Downloaded: 2388 file(s) [attempted 2388/2623 = 91%]
Downloaded: 2393 file(s) [attempted 2393/2623 = 91%]
Downloaded: 2397 file(s) [attempted 2397/2623 = 91%]
Downloaded: 2399 file(s) [attempted 2399/2623 = 91%]
Downloaded: 2404 file(s) [attempted 2404/2623 = 91%]
Downloaded: 2408 file(s) [attempted 2408/2623 = 91%]
Downloaded: 2410 file(s) [attempted 2410/2623 = 91%]
Downloaded: 2417 file(s) [attempted 2417/2623 = 92%]
Downloaded: 2419 file(s) [attempted 2419/2623 = 92%]
Downloaded: 2421 file(s) [attempted 2421/2623 = 92%]
Downloaded: 2424 file(s) [attempted 2424/2623 = 92%]
Downloaded: 2426 file(s) [attempted 2426/2623 = 92%]
Downloaded: 2430 file(s) [attempted 2430/2623 = 92%]
Downloaded: 2432 file(s) [attempted 2432/2623 = 92%]
Downloaded: 2437 file(s) [attempted 2437/2623 = 92%]
Downloaded: 2439 file(s) [attempted 2439/2623 = 92%]
Downloaded: 2441 file(s) [attempted 2441/2623 = 93%]
Downloaded: 2443 file(s) [attempted 2443/2623 = 93%]
Downloaded: 2446 file(s) [attempted 2446/2623 = 93%]
Downloaded: 2450 file(s) [attempted 2450/2623 = 93%]
Downloaded: 2452 file(s) [attempted 2452/2623 = 93%]
Downloaded: 2454 file(s) [attempted 2454/2623 = 93%]
Downloaded: 2457 file(s) [attempted 2457/2623 = 93%]
Downloaded: 2461 file(s) [attempted 2461/2623 = 93%]
Downloaded: 2463 file(s) [attempted 2463/2623 = 93%]
Downloaded: 2468 file(s) [attempted 2468/2623 = 94%]
Downloaded: 2470 file(s) [attempted 2470/2623 = 94%]
Downloaded: 2472 file(s) [attempted 2472/2623 = 94%]
Downloaded: 2474 file(s) [attempted 2474/2623 = 94%]
Downloaded: 2476 file(s) [attempted 2476/2623 = 94%]
Downloaded: 2479 file(s) [attempted 2479/2623 = 94%]
Downloaded: 2481 file(s) [attempted 2481/2623 = 94%]
Downloaded: 2485 file(s) [attempted 2485/2623 = 94%]
Downloaded: 2490 file(s) [attempted 2490/2623 = 94%]
Downloaded: 2492 file(s) [attempted 2492/2623 = 95%]
Downloaded: 2496 file(s) [attempted 2496/2623 = 95%]
Downloaded: 2501 file(s) [attempted 2501/2623 = 95%]
Downloaded: 2503 file(s) [attempted 2503/2623 = 95%]
Downloaded: 2505 file(s) [attempted 2505/2623 = 95%]
Downloaded: 2509 file(s) [attempted 2509/2623 = 95%]
Downloaded: 2516 file(s) [attempted 2516/2623 = 95%]
Downloaded: 2518 file(s) [attempted 2518/2623 = 95%]
Downloaded: 2520 file(s) [attempted 2520/2623 = 96%]
Downloaded: 2525 file(s) [attempted 2525/2623 = 96%]
Downloaded: 2529 file(s) [attempted 2529/2623 = 96%]
Downloaded: 2531 file(s) [attempted 2531/2623 = 96%]
Downloaded: 2536 file(s) [attempted 2536/2623 = 96%]
Downloaded: 2538 file(s) [attempted 2538/2623 = 96%]
Downloaded: 2542 file(s) [attempted 2542/2623 = 96%]
Downloaded: 2547 file(s) [attempted 2547/2623 = 97%]
Downloaded: 2551 file(s) [attempted 2551/2623 = 97%]
Downloaded: 2553 file(s) [attempted 2553/2623 = 97%]
Downloaded: 2556 file(s) [attempted 2556/2623 = 97%]
Downloaded: 2558 file(s) [attempted 2558/2623 = 97%]
Downloaded: 2562 file(s) [attempted 2562/2623 = 97%]
Downloaded: 2564 file(s) [attempted 2564/2623 = 97%]
Downloaded: 2567 file(s) [attempted 2567/2623 = 97%]
Downloaded: 2571 file(s) [attempted 2571/2623 = 98%]
Downloaded: 2575 file(s) [attempted 2575/2623 = 98%]
Downloaded: 2578 file(s) [attempted 2578/2623 = 98%]
Downloaded: 2582 file(s) [attempted 2582/2623 = 98%]
Downloaded: 2584 file(s) [attempted 2584/2623 = 98%]
Downloaded: 2586 file(s) [attempted 2586/2623 = 98%]
Downloaded: 2591 file(s) [attempted 2591/2623 = 98%]
Downloaded: 2595 file(s) [attempted 2595/2623 = 98%]
Downloaded: 2597 file(s) [attempted 2597/2623 = 99%]
Downloaded: 2600 file(s) [attempted 2600/2623 = 99%]
Downloaded: 2602 file(s) [attempted 2602/2623 = 99%]
Downloaded: 2606 file(s) [attempted 2606/2623 = 99%]
Downloaded: 2608 file(s) [attempted 2608/2623 = 99%]
Downloaded: 2613 file(s) [attempted 2613/2623 = 99%]
Downloaded: 2617 file(s) [attempted 2617/2623 = 99%]
Downloaded: 2619 file(s) [attempted 2619/2623 = 99%]
Downloaded: 2622 file(s) [attempted 2622/2623 = 99%]
Downloaded: 2623 file(s) [attempted 2623/2623 = 100%] (100% success)
Decompressing 6641 file(s)
Unpacked in 7313 ms
Completed successfully!
