'BooleanANF.QuadraticFour.representation' depends on axioms: [propext, Classical.choice, Quot.sound]
'BooleanANF.QuadraticFour.quadratic_weights' depends on axioms: [propext, Classical.choice, Quot.sound]
'BooleanANF.QuadraticFour.quadratic_min_weight' depends on axioms: [propext, Classical.choice, Quot.sound]
'BooleanANF.QuadraticFour.quadratic_min_cost' depends on axioms: [propext, Classical.choice, Quot.sound]
'BooleanANF.QuadraticFour.quadratic_even_weight' depends on axioms: [propext, Classical.choice, Quot.sound]
'BooleanANF.QuadraticFour.quadratic_small_weight' depends on axioms: [propext, Classical.choice, Quot.sound]
'BooleanANF.QuadraticFour.weight_four_affine_plane' depends on axioms: [propext, Classical.choice, Quot.sound]
'BooleanANF.QuadraticFour.polar_poly' depends on axioms: [propext, Quot.sound]
'BooleanANF.QuadraticFour.isRadical_poly' depends on axioms: [propext, Quot.sound]
'BooleanANF.QuadraticFour.radical_one_weights' depends on axioms: [propext, Classical.choice, Quot.sound]
'BooleanANF.QuadraticFour.radical_four_weights' depends on axioms: [propext, Classical.choice, Quot.sound]
'BooleanANF.QuadraticFour.cost_two_eq_radical' depends on axioms: [propext, Classical.choice, Quot.sound]
'BooleanANF.QuadraticFour.exists_unique_cost_two' depends on axioms: [propext, Classical.choice, Quot.sound]
'BooleanANF.QuadraticFour.cost_four_iff_nonzero_coset' depends on axioms: [propext, Classical.choice, Quot.sound]
'BooleanANF.QuadraticFour.nonzero_coset_perturbation' depends on axioms: [propext, Classical.choice, Quot.sound]
'BooleanANF.QuadraticFour.costFourPerturbations_card' depends on axioms: [propext, Classical.choice, Quot.sound]
'BooleanANF.QuadraticFour.affine_nonzero_min_cost' depends on axioms: [propext, Classical.choice, Quot.sound]
'BooleanANF.QuadraticFour.affine_weight_mod_eight' depends on axioms: [propext, Classical.choice, Quot.sound]
'BooleanANF.QuadraticFour.radical_one_min_cost' depends on axioms: [propext, Classical.choice, Quot.sound]
'BooleanANF.QuadraticFour.same_polar_affine_difference' depends on axioms: [propext, Classical.choice, Quot.sound]
'BooleanANF.QuadraticFour.nonaffine_radical_cards' depends on axioms: [propext, Classical.choice, Quot.sound]
'BooleanANF.QuadraticFour.pair_radical_geometry' depends on axioms: [propext, Classical.choice, Quot.sound]
'BooleanANF.QuadraticFour.pair_radical_sum_nonconstant' depends on axioms: [propext, Classical.choice, Quot.sound]
'BooleanANF.QuadraticFour.constant_sum_costs' depends on axioms: [propext, Classical.choice, Quot.sound]
'BooleanANF.QuadraticFour.quadratic_first_moment_zero' depends on axioms: [propext, Classical.choice, Quot.sound]

AUDIT {"module": "QuadraticFourAudit", "exit": 0, "seconds": 3.513, "peak_rss_kib": 1538988, "termination": null}
