AUDIT ProgressivePool.StoredCheckExecution.mapQueries.eq_1 : []
AUDIT ProgressivePool.no_divisor_block_9 : []
AUDIT _private.StoppedSignatureEndpoint.0.ProgressivePool.OperationalSignatureEndpoint.pack.match_1.eq_1 : [propext,
 Quot.sound,
 Classical.choice]
AUDIT ProgressivePool.EpochComposition.anyBad_probability_cons : [propext, Quot.sound, Classical.choice]
AUDIT ProgressivePool.MultiEpochExecution.coldRun_refines : [propext, Quot.sound, Classical.choice]
AUDIT ProgressivePool.EpochResourceBounds.final_reservation_epochs : [propext, Quot.sound, Classical.choice]
AUDIT ProgressivePool.AdaptiveTail.tail_node_marked : [propext, Quot.sound, Classical.choice]
AUDIT ProgressivePool.cursorBufferedRun.eq_1 : [propext, Quot.sound, Classical.choice]
AUDIT ProgressivePool.FreshSampling.acceptProbability.eq_1 : [propext, Quot.sound, Classical.choice]
AUDIT ProgressivePool.AdaptiveTail.tail_node_unmarked._proof_1 : [propext, Quot.sound]
AUDIT ProgressivePool.certified_confidence_ratio : [propext, Classical.choice, Quot.sound]
AUDIT ProgressivePool.FinalStoredInvocation.checkFresh_accepting_set._proof_4 : [propext, Quot.sound, Classical.choice]
AUDIT _private.EpochFreshEndpoint.0.ProgressivePool.zeroRowsAt.match_1.eq_2 : [propext, Quot.sound, Classical.choice]
AUDIT ProgressivePool.MatchedEarlyCertificates.rs_storage_ceiling : [propext, Classical.choice, Quot.sound]
AUDIT _private.AdaptiveTranscript.0.ProgressivePool.pathValid.match_1.eq_1 : []
AUDIT ProgressivePool.pathObservations.eq_2 : []
AUDIT ProgressivePool.OperationalEarlyTradeoff.actual_prefix_below_seven_rows : [propext, Quot.sound, Classical.choice]
AUDIT _private.StoredCheckExecution.0.ProgressivePool.StoredCheckExecution.dotLoop.match_1.eq_2 : []
AUDIT ProgressivePool.CompletedStoppedInvocation.finalMachine_total_multiplications : [propext,
 Quot.sound,
 Classical.choice]
AUDIT ProgressivePool.CostAndConfidence.runSchedule.eq_2 : []
AUDIT ProgressivePool.StoppingEpochExecution.prepend.eq_1 : []
AUDIT ProgressivePool.TraceErasure.coldRun_total_multiplications : [propext, Quot.sound, Classical.choice]
AUDIT ProgressivePool.FinalTraceErasure.fieldSlots_card : [propext, Quot.sound, Classical.choice]
AUDIT ProgressivePool.OperationalSignatureEndpoint.rawRun_pack : [propext, Quot.sound, Classical.choice]
AUDIT ProgressivePool.MultiEpochExecution.Result.mk.inj : []
AUDIT ProgressivePool.not_mem_spoiledRows : [propext, Quot.sound]
AUDIT ProgressivePool.rowCompatible.eq_1 : []
AUDIT ProgressivePool.IncrementalPreparation.runTasks_value : [propext, Quot.sound, Classical.choice]
AUDIT ProgressivePool.no_divisor_block_67 : []
AUDIT ProgressivePool.StoppingEpochExecution.coldRun_preparation : [propext, Quot.sound, Classical.choice]
AUDIT ProgressivePool.FreshSampling.allHit_eq_pi : [propext, Quot.sound, Classical.choice]
AUDIT ProgressivePool.EpochComposition.sampleWeight_nonneg : [propext, Quot.sound, Classical.choice]
AUDIT ProgressivePool.no_divisor_block_45 : []
AUDIT ProgressivePool.EpochResourceBounds.lookaheadReads.eq_1 : [propext, Classical.choice, Quot.sound]
AUDIT ProgressivePool.rowInputs.eq_1 : [propext, Quot.sound, Classical.choice]
AUDIT ProgressivePool.pathObservations.eq_1 : []
AUDIT ProgressivePool.no_divisor_block_57 : []
AUDIT ProgressivePool.actual_transcript_card : [propext, Quot.sound, Classical.choice]
AUDIT ProgressivePool.IncrementalPreparation.step_multiplications : [propext, Quot.sound, Classical.choice]
AUDIT ProgressivePool.MatchedEarlyCertificates.rs_early_thresholds : [propext, Classical.choice, Quot.sound]
AUDIT ProgressivePool.EpochComposition.appendDraws.eq_1 : []
AUDIT ProgressivePool.no_divisor_block_72 : []
AUDIT ProgressivePool.no_divisor_block_120 : []
AUDIT ProgressivePool.StoppingEpochExecution.run_preparation : [propext, Quot.sound, Classical.choice]
AUDIT _private.AdaptiveTail.0.ProgressivePool.AdaptiveTail.successes.match_1.eq_2 : []
AUDIT ProgressivePool.InvocationProgram.stop.inj : []
AUDIT ProgressivePool.IndexedPreparation.runInvocations_eq : [propext, Classical.choice, Quot.sound]
AUDIT _private.FinalResidual.0.ProgressivePool.finalExperiment.match_1.eq_1 : []
AUDIT ProgressivePool.no_divisor_block_35 : []
AUDIT ProgressivePool.mem_rowInputs._proof_1 : [propext, Quot.sound]
AUDIT ProgressivePool.EpochComposition.historyAt_append_prefix : []
AUDIT _private.CostAndConfidence.0.ProgressivePool.CostAndConfidence.decEqCostState._proof_2._@.CostAndConfidence._hyg.268 : []
AUDIT ProgressivePool.VerifierInterface.threshold.eq_1 : []
AUDIT ProgressivePool.AdaptiveTail.tail_node_unmarked : [propext, Quot.sound, Classical.choice]
AUDIT ProgressivePool.IndexedPreparation.runInvocations.eq_1 : [propext, Classical.choice, Quot.sound]
AUDIT ProgressivePool.no_divisor_block_115 : []
AUDIT ProgressivePool.CompletedStoppedInvocation.finish_checking : [propext, Quot.sound, Classical.choice]
AUDIT ProgressivePool.FinalStoredInvocation.final_invocation_acceptance : [propext, Classical.choice, Quot.sound]
AUDIT ProgressivePool.gatedEpochErrorMass_le : [propext, Quot.sound, Classical.choice]
AUDIT _private.StoppedSignatureEndpoint.0.ProgressivePool.OperationalSignatureEndpoint.pack.match_1.eq_2 : [propext,
 Quot.sound,
 Classical.choice]
AUDIT ProgressivePool.cursorBuffered_preparation : [propext, Quot.sound, Classical.choice]
AUDIT _private.FinalResidual.0.ProgressivePool.runOutput.match_1.eq_2 : []
AUDIT ProgressivePool.no_divisor_block_113 : []
AUDIT ProgressivePool.EpochComposition.badAt.eq_2 : []
AUDIT ProgressivePool.FinalStoredInvocation.zero_threshold_reserved : [propext, Classical.choice, Quot.sound]
AUDIT ProgressivePool.no_divisor_block_101 : []
AUDIT ProgressivePool.global_signature_joint._proof_1 : [propext, Quot.sound, Classical.choice]
AUDIT _private.StoredBufferedExecution.0.ProgressivePool.StoredBufferedExecution.mapInvocationInputs.match_1.eq_2 : []
AUDIT ProgressivePool.StoppingEpochExecution.run.eq_2 : [propext, Classical.choice, Quot.sound]
AUDIT ProgressivePool.CostAndConfidence.gamma_nonneg : [propext, Classical.choice, Quot.sound]
AUDIT ProgressivePool.no_divisor_block_123 : []
AUDIT ProgressivePool.no_divisor_block_64 : []
AUDIT ProgressivePool.TraceErasure.coldRun.eq_1 : [propext, Classical.choice, Quot.sound]
AUDIT ProgressivePool.StoppedSignatureEndpoint.operational_signature_bound : [propext, Quot.sound, Classical.choice]
AUDIT ProgressivePool.OperationalSignatureEndpoint.machine_mass_eq : [propext, Quot.sound, Classical.choice]
AUDIT ProgressivePool.OperationalSignatureEndpoint.pack.eq_2 : [propext, Quot.sound, Classical.choice]
AUDIT ProgressivePool.StoredBufferedExecution.Result.mk.injEq : [propext]
AUDIT ProgressivePool.average_pointwise_bound : [propext, Quot.sound, Classical.choice]
AUDIT ProgressivePool.compiled_query_height : [propext, Quot.sound]
AUDIT ProgressivePool.FinalStoredInvocation.checkFresh_accepted_iff_mem._proof_2 : [propext, Quot.sound]
AUDIT ProgressivePool.runOutput_map : [propext, Quot.sound]
AUDIT ProgressivePool.no_divisor_block_47 : []
AUDIT ProgressivePool.EpochComposition.designated_count_bound._proof_1 : [propext, Quot.sound]
AUDIT ProgressivePool.no_divisor_block_44 : []
AUDIT ProgressivePool.CostAndConfidence.alpha.eq_1 : [propext, Classical.choice, Quot.sound]
AUDIT ProgressivePool.no_divisor_block_125 : []
AUDIT _private.FinalResidual.0.ProgressivePool.runOutput.match_1.eq_1 : []
AUDIT ProgressivePool.virtualPass.eq_2 : []
AUDIT ProgressivePool.EpochComposition.sampleProbability_nonneg : [propext, Quot.sound, Classical.choice]
AUDIT ProgressivePool.IncrementalPreparation.initial.eq_1 : [propext]
AUDIT ProgressivePool.no_divisor_block_126 : []
AUDIT ProgressivePool.TraceErasure.bufferedRun.eq_2 : [propext, Classical.choice, Quot.sound]
AUDIT ProgressivePool.no_divisor_block_62 : []
AUDIT ProgressivePool.no_divisor_block_78 : []
AUDIT ProgressivePool.actual_transcript_cell : [propext, Quot.sound, Classical.choice]
AUDIT ProgressivePool.FreshSampling.acceptProbability_le_one : [propext, Quot.sound, Classical.choice]
AUDIT ProgressivePool.spoiledRows_append._proof_3 : [propext]
AUDIT ProgressivePool.MultiEpochCost.coldRun_checking : [propext, Quot.sound, Classical.choice]
AUDIT _private.HistoryCells.0.ProgressivePool.historyTree.match_1.eq_1 : []
AUDIT ProgressivePool.cursorBufferedRun.eq_2 : [propext, Quot.sound, Classical.choice]
AUDIT ProgressivePool.no_divisor_block_6 : []
AUDIT ProgressivePool.parameter_prime_checked._proof_2 : [propext, Quot.sound]
AUDIT ProgressivePool.MultiEpochExecution.rawRun.eq_2 : [propext, Quot.sound, Classical.choice]
AUDIT ProgressivePool.AdaptiveTail.marked_tail_bound : [propext, Quot.sound, Classical.choice]
AUDIT ProgressivePool.no_divisor_block_63 : []
AUDIT ProgressivePool.CompletedStoppedInvocation.errorIndices_eq._proof_2 : [propext]
AUDIT ProgressivePool.OperationalSignatureEndpoint.machine_zeros._proof_1 : [propext, Quot.sound]
AUDIT ProgressivePool.TraceErasure.run.eq_2 : [propext, Classical.choice, Quot.sound]
AUDIT ProgressivePool.CostAndConfidence.reachable_total_cost : [propext, Quot.sound]
AUDIT ProgressivePool.CostAndConfidence.CostState.mk.inj : []
AUDIT ProgressivePool.no_divisor_block_27 : []
AUDIT ProgressivePool.StoredCheckExecution.Execution.mk.sizeOf_spec : []
AUDIT ProgressivePool.rowDot_zero_card_eq : [propext, Quot.sound, Classical.choice]
AUDIT ProgressivePool.buffered_output_projection : [propext, Quot.sound, Classical.choice]
AUDIT ProgressivePool.CostAndConfidence.zero_threshold_charges_preparation : [propext]
AUDIT ProgressivePool.no_divisor_block_81 : []
AUDIT _private.FinalStoredInvocation.0.ProgressivePool.FinalStoredInvocation.checkFresh.match_1.eq_1 : []
AUDIT ProgressivePool.OperationalSignatureEndpoint.machine_refines : [propext, Quot.sound, Classical.choice]
AUDIT ProgressivePool.freshMark_eq._proof_1 : [propext, Quot.sound]
AUDIT ProgressivePool.OperationalSignatureEndpoint.rawFinal.eq_1 : [propext, Quot.sound, Classical.choice]
AUDIT ProgressivePool.uniform_pool_bad_fraction : [propext, Quot.sound, Classical.choice]
AUDIT ProgressivePool.StoppedSignatureEndpoint.machine_zeros : [propext, Quot.sound, Classical.choice]
AUDIT ProgressivePool.AdaptiveTail.depthLE.eq_2 : []
AUDIT ProgressivePool.TraceErasure.prepend.eq_1 : []
AUDIT ProgressivePool.spoiledRows.eq_1 : [propext, Quot.sound]
AUDIT ProgressivePool.uniform_row_conditioned_count : [propext, Quot.sound, Classical.choice]
AUDIT ProgressivePool.bindQueries_height._proof_1 : [propext, Quot.sound]
AUDIT _private.CostAndConfidence.0.ProgressivePool.CostAndConfidence.runSchedule.match_1.eq_1 : []
AUDIT _private.OperationalSignatureEndpoint.0.ProgressivePool.OperationalSignatureEndpoint.sources.match_1.eq_2 : []
AUDIT ProgressivePool.FinalStoredInvocation.checkFresh.eq_2 : [propext]
AUDIT ProgressivePool.no_divisor_block_54 : []
AUDIT ProgressivePool.IndexedPreparation.CursorState.mk.inj : []
AUDIT ProgressivePool.IndexedPreparation.indexed_fold_storedRow : [propext, Classical.choice, Quot.sound]
AUDIT ProgressivePool.no_divisor_block_49 : []
AUDIT ProgressivePool.OperationalSignatureEndpoint.machine_zeros._proof_2 : [propext, Quot.sound]
AUDIT ProgressivePool.IndexedPreparation.specificationTasks.eq_1 : [Quot.sound, propext, Classical.choice]
AUDIT ProgressivePool.no_divisor_block_95 : []
AUDIT ProgressivePool.IncrementalPreparation.runChunks.eq_1 : [propext, Classical.choice, Quot.sound]
AUDIT ProgressivePool.epochs_fresh_joint._proof_1 : [propext, Quot.sound, Classical.choice]
AUDIT ProgressivePool.flattenInvocations.eq_2 : []
AUDIT ProgressivePool.CostAndConfidence.runSchedule.eq_1 : []
AUDIT ProgressivePool.no_divisor_block_98 : []
AUDIT ProgressivePool.CompletedStoppedInvocation.errorIndices.eq_1 : [propext, Quot.sound, Classical.choice]
AUDIT ProgressivePool.EpochResourceBounds.entered_epochs_le_of_reservations_le : [propext, Quot.sound]
AUDIT ProgressivePool.EpochComposition.Epoch.mk.inj : []
AUDIT ProgressivePool.EpochComposition.designated_count_bound._proof_2 : [propext, Quot.sound]
AUDIT ProgressivePool.IncrementalPreparation.allTasks.eq_1 : [propext, Quot.sound, Classical.choice]
AUDIT ProgressivePool.no_divisor_block_0 : []
AUDIT ProgressivePool.StoppingEpochExecution.phase_reservations : [propext, Quot.sound, Classical.choice]
AUDIT ProgressivePool.FinalStoredInvocation.InvocationResult.mk.injEq : [propext]
AUDIT _private.EpochComposition.0.ProgressivePool.EpochComposition.badAt.match_1.eq_3 : []
AUDIT _private.FinalResidual.0.ProgressivePool.finalExperiment.match_1.eq_2 : []
AUDIT ProgressivePool.zeroRowsAt.eq_1 : [propext, Quot.sound, Classical.choice]
AUDIT ProgressivePool.MultiEpochExecution.coldRun.eq_1 : [propext, Classical.choice, Quot.sound]
AUDIT ProgressivePool.VerifiedCompiler.final_signature_bound._proof_1 : [propext, Quot.sound]
AUDIT ProgressivePool.QueryTree.leaf.injEq : [propext]
AUDIT ProgressivePool.no_divisor_block_112 : []
AUDIT _private.BufferedExecution.0.ProgressivePool.invocationDepths.match_1.eq_2 : []
AUDIT ProgressivePool.EpochResourceBounds.run_reservation_epochs : [propext, Quot.sound, Classical.choice]
AUDIT _private.SignatureCompiler.0.ProgressivePool.mapOutput.match_1.eq_2 : []
AUDIT ProgressivePool.InvocationProgram.invoke.inj : []
AUDIT ProgressivePool.OperationalSignatureEndpoint.source_zeros : [propext, Quot.sound, Classical.choice]
AUDIT ProgressivePool.runBits.eq_1 : []
AUDIT _private.StoredCheckExecution.0.ProgressivePool.StoredCheckExecution.storedRun.match_1.eq_1 : []
AUDIT ProgressivePool.EpochComposition.current_bank_uniform_given_prefix : [propext, Quot.sound, Classical.choice]
AUDIT ProgressivePool.StoredCheckExecution.dotLoop_value : [propext, Quot.sound, Classical.choice]
AUDIT ProgressivePool.freshMark.eq_1 : [propext, Quot.sound]
AUDIT ProgressivePool.VerifiedCompiler.final_signature_joint._proof_1 : [propext, Quot.sound]
AUDIT ProgressivePool.FinalTraceErasure.Result.mk.injEq : [propext]
AUDIT ProgressivePool.no_divisor_block_22 : []
AUDIT ProgressivePool.FreshSampling.sampleMass_eq : [propext, Quot.sound, Classical.choice]
AUDIT ProgressivePool.Observation.mk.inj : []
AUDIT ProgressivePool.CompletedStoppedInvocation.Result.mk.injEq : [propext]
AUDIT ProgressivePool.EpochResourceBounds.idealFieldDraws_eq : [propext, Quot.sound, Classical.choice]
AUDIT ProgressivePool.pathValid.eq_1 : []
AUDIT ProgressivePool.no_divisor_block_114 : []
AUDIT ProgressivePool.CostAndConfidence.alpha_bounds : [propext, Classical.choice, Quot.sound]
AUDIT ProgressivePool.EpochComposition.anyBad_probability_cons._proof_1 : [propext, Quot.sound]
AUDIT ProgressivePool.TraceErasure.checkRun.eq_2 : [propext]
AUDIT ProgressivePool.IncrementalPreparation.runChunks_eq_prefix : [propext, Quot.sound, Classical.choice]
AUDIT ProgressivePool.historyCell_append._proof_4 : [propext]
AUDIT ProgressivePool.runBits.eq_2 : []
AUDIT ProgressivePool.FinalTraceErasure.finalMachine_total_multiplications : [propext, Quot.sound, Classical.choice]
AUDIT ProgressivePool.StoppingEpochExecution.RawResult.mk.injEq : [propext]
AUDIT _private.OperationalSignatureEndpoint.0.ProgressivePool.OperationalSignatureEndpoint.rawFinal.match_1.eq_1 : [propext,
 Quot.sound,
 Classical.choice]
AUDIT ProgressivePool.EpochComposition.sampleProbability_nonneg._proof_1 : [propext, Quot.sound, Classical.choice]
AUDIT ProgressivePool.StoredCheckExecution.storedRun_work : [propext, Quot.sound, Classical.choice]
AUDIT ProgressivePool.StoredBufferedExecution.storedBuffered_preparation_products : [propext,
 Classical.choice,
 Quot.sound]
AUDIT ProgressivePool.StoppingEpochExecution.coldRun_pending : [propext, Quot.sound, Classical.choice]
AUDIT ProgressivePool.FiniteForgerySplit.ordinaryMass.eq_1 : [propext, Quot.sound, Classical.choice]
AUDIT ProgressivePool.IndexedPreparation.runInvocations.eq_2 : [propext, Classical.choice, Quot.sound]
AUDIT ProgressivePool.no_divisor_block_99 : []
AUDIT ProgressivePool.mem_spoiledAfter._proof_3 : [propext]
AUDIT ProgressivePool.actual_unspoiled_conditional_count._proof_1 : [propext, Quot.sound]
AUDIT ProgressivePool.no_divisor_block_36 : []
AUDIT ProgressivePool.FreshSampling.allHit_card : [propext, Quot.sound, Classical.choice]
AUDIT ProgressivePool.pathObservations.eq_3 : []
AUDIT ProgressivePool.SignatureEpoch.mk.inj : []
AUDIT ProgressivePool.FinalTraceErasure.erase.eq_1 : []
AUDIT ProgressivePool.OperationalSignatureEndpoint.phaseSource.eq_1 : [propext, Quot.sound, Classical.choice]
AUDIT ProgressivePool.bufferedRun.eq_2 : [propext, Quot.sound, Classical.choice]
AUDIT ProgressivePool.StoppingEpochExecution.coldRun_total_multiplications : [propext, Quot.sound, Classical.choice]
AUDIT ProgressivePool.flattenInvocations.eq_1 : []
AUDIT _private.ConcreteAdaptiveTail.0.ProgressivePool.AdaptiveTail.depthLE.match_1.eq_2 : []
AUDIT ProgressivePool.TraceErasure.Result.mk.injEq : [propext]
AUDIT ProgressivePool.SignatureEpoch.mk.injEq : [propext]
AUDIT ProgressivePool.StoredCheckExecution.storedRun_output : [propext, Quot.sound, Classical.choice]
AUDIT ProgressivePool.IndexedPreparation.cursor_complete : [propext, Classical.choice, Quot.sound]
AUDIT ProgressivePool.actual_transcript_factorization._proof_1 : [propext]
AUDIT ProgressivePool.EpochComposition.Epoch.mk.injEq : [propext]
AUDIT ProgressivePool.compileSignatureEpoch.eq_1 : [propext, Quot.sound]
AUDIT ProgressivePool.EpochResourceBounds.final_reservation_epochs._proof_1 : [propext, Classical.choice, Quot.sound]
AUDIT ProgressivePool.buffered_boundary_correct : [propext, Quot.sound, Classical.choice]
AUDIT ProgressivePool.EpochResourceBounds.idealFieldDraws.eq_1 : [propext, Classical.choice, Quot.sound]
AUDIT ProgressivePool.StoredCheckExecution.storedRun.eq_2 : [propext]
AUDIT ProgressivePool.no_divisor_block_88 : []
AUDIT ProgressivePool.historyCell_append : [propext, Quot.sound, Classical.choice]
AUDIT ProgressivePool.concrete_epochs_bad_bound : [propext, Quot.sound, Classical.choice]
AUDIT ProgressivePool.EpochResourceBounds.entered_epochs_le_of_reservations_le._proof_1 : [propext, Quot.sound]
AUDIT ProgressivePool.final_zero_rows_le_first_spoils : [propext, Quot.sound, Classical.choice]
AUDIT ProgressivePool.CompletedStoppedInvocation.errorIndices_eq._proof_1 : [propext, Quot.sound, Classical.choice]
AUDIT ProgressivePool.FinalTraceErasure.Result.mk.inj : []
AUDIT _private.EpochPrefix.0.ProgressivePool.EpochComposition.appendDraws.match_1.eq_1 : []
AUDIT ProgressivePool.rowDot_fiber_card : [propext, Quot.sound, Classical.choice]
AUDIT ProgressivePool.StoredBufferedExecution.storedBuffered_depths : [propext, Quot.sound, Classical.choice]
AUDIT _private.TraceErasure.0.ProgressivePool.TraceErasure.bufferedRun.match_1.eq_2 : []
AUDIT ProgressivePool.FinalStoredInvocation.checkFresh_uniform_probability : [propext, Quot.sound, Classical.choice]
AUDIT ProgressivePool.FinalStoredInvocation.checkFresh_accepted._proof_2 : [propext]
AUDIT ProgressivePool.no_divisor_block_92 : []
AUDIT ProgressivePool.IncrementalPreparation.step_designated_coefficient : [propext, Quot.sound, Classical.choice]
AUDIT ProgressivePool.no_divisor_block_28 : []
AUDIT ProgressivePool.rowDot._proof_2 : [propext, Quot.sound]
AUDIT ProgressivePool.QueryTree.query.injEq : [propext]
AUDIT ProgressivePool.parameterPrimeFact : [propext, Classical.choice, Quot.sound]
AUDIT ProgressivePool.no_divisor_block_97 : []
AUDIT ProgressivePool.no_divisor_block_116 : []
AUDIT ProgressivePool.CostAndConfidence.alpha_zero : [propext, Classical.choice, Quot.sound]
AUDIT _private.AdaptiveTail.0.ProgressivePool.AdaptiveTail.successes.match_1.eq_1 : []
AUDIT ProgressivePool.OperationalSignatureEndpoint.compiled.eq_1 : [propext, Quot.sound, Classical.choice]
AUDIT ProgressivePool.zeroRowsAt.eq_2 : [propext, Quot.sound, Classical.choice]
AUDIT _private.EpochComposition.0.ProgressivePool.EpochComposition.badAt.match_1.eq_1 : []
AUDIT ProgressivePool.historyCompatible.eq_1 : []
AUDIT ProgressivePool.no_divisor_block_38 : []
AUDIT ProgressivePool.MultiEpochExecution.run.eq_1 : [propext, Classical.choice, Quot.sound]
AUDIT ProgressivePool.certified_global_error : [propext, Classical.choice, Quot.sound]
AUDIT ProgressivePool.OperationalSignatureEndpoint.sources_depth : [propext, Quot.sound, Classical.choice]
AUDIT ProgressivePool.no_divisor_block_16 : []
AUDIT ProgressivePool.StoppingEpochExecution.phaseResult.eq_1 : []
AUDIT ProgressivePool.InvocationProgram.stop.sizeOf_spec : []
AUDIT ProgressivePool.unspoiled_row_cell._proof_2 : [propext, Quot.sound]
AUDIT ProgressivePool.no_divisor_block_37 : []
AUDIT _private.EpochFreshEndpoint.0.ProgressivePool.zeroRowsAt.match_1.eq_3 : [propext, Quot.sound, Classical.choice]
AUDIT ProgressivePool.pathValid.eq_2 : []
AUDIT ProgressivePool.IncrementalPreparation.take_add_chunks : [propext]
AUDIT ProgressivePool.no_divisor_block_17 : []
AUDIT ProgressivePool.no_divisor_block_41 : []
AUDIT ProgressivePool.AdaptiveTail.marked_event_bound : [propext, Quot.sound, Classical.choice]
AUDIT ProgressivePool.AdaptiveTail.Tree.leaf.sizeOf_spec : []
AUDIT _private.OperationalSignatureEndpoint.0.ProgressivePool.OperationalSignatureEndpoint.sources.match_1.eq_1 : []
AUDIT ProgressivePool.StoredCheckExecution.mapQueries.eq_2 : []
AUDIT _private.StoppingEpochExecution.0.ProgressivePool.StoppingEpochExecution.run.match_1.eq_1 : []
AUDIT _private.EpochComposition.0.ProgressivePool.EpochComposition.anyBad.match_1.eq_2 : []
AUDIT _private.InvocationBudget.0.ProgressivePool.bindQueries.match_1.eq_1 : []
AUDIT ProgressivePool.EpochResourceBounds.bankHeadReads.eq_1 : [propext, Classical.choice, Quot.sound]
AUDIT _private.EpochResourceBounds.0.ProgressivePool.EpochResourceBounds.lookaheadReads.match_1.eq_1 : []
AUDIT ProgressivePool.no_divisor_block_83 : []
AUDIT ProgressivePool.invocationDepths_length_le : [propext, Quot.sound, Classical.choice]
AUDIT ProgressivePool.CompletedStoppedInvocation.errorIndices_eq : [propext, Quot.sound, Classical.choice]
AUDIT _private.HistoryCells.0.ProgressivePool.historyTree.match_1.eq_2 : []
AUDIT ProgressivePool.no_divisor_block_102 : []
AUDIT _private.IncrementalPreparation.0.ProgressivePool.IncrementalPreparation.runTasks.match_1.eq_2 : []
AUDIT ProgressivePool.no_divisor_block_30 : []
AUDIT ProgressivePool.queryHeight.eq_1 : []
AUDIT ProgressivePool.no_divisor_block_100 : []
AUDIT ProgressivePool.EpochComposition.badAt.eq_1 : []
AUDIT ProgressivePool.no_divisor_block_94 : []
AUDIT ProgressivePool.Observation.mk.injEq : [propext]
AUDIT ProgressivePool.CompletedStoppedInvocation.Result.mk.inj : []
AUDIT ProgressivePool.verificationErrorMass.eq_1 : [propext, Quot.sound, Classical.choice]
AUDIT _private.AdaptiveTranscript.0.ProgressivePool.pathValid.match_1.eq_2 : []
AUDIT ProgressivePool.no_divisor_block_86 : []
AUDIT ProgressivePool.AdaptiveTail.successes.eq_1 : []
AUDIT ProgressivePool.StoredBufferedExecution.runOutput_bind_local : [propext, Quot.sound, Classical.choice]
AUDIT ProgressivePool.EpochComposition.designated_count_bound : [propext, Quot.sound, Classical.choice]
AUDIT ProgressivePool.FinalStoredInvocation.checkFresh_accepted_iff_mem._proof_3 : [propext, Quot.sound]
AUDIT ProgressivePool.runOutput.eq_1 : [propext, Quot.sound]
AUDIT ProgressivePool.FinalStoredInvocation.zeroRows_eq_residual._proof_3 : [propext, Quot.sound]
AUDIT ProgressivePool.no_divisor_block_58 : []
AUDIT ProgressivePool.no_divisor_block_39 : []
AUDIT ProgressivePool.no_divisor_block_119 : []
AUDIT _private.TraceErasure.0.ProgressivePool.TraceErasure.run.match_1.eq_2 : []
AUDIT _private.MultiEpochExecution.0.ProgressivePool.MultiEpochExecution.run.match_1.eq_1 : []
AUDIT ProgressivePool.Observation.mk.sizeOf_spec : []
AUDIT ProgressivePool.StoredBufferedExecution.Result.mk.sizeOf_spec : []
AUDIT ProgressivePool.FinalStoredInvocation.checkFresh_accepted : [propext, Quot.sound, Classical.choice]
AUDIT ProgressivePool.CostAndConfidence.gamma_lt_one : [propext, Classical.choice, Quot.sound]
AUDIT ProgressivePool.queryHeight.eq_2 : []
AUDIT ProgressivePool.AdaptiveTail.Tree.node.sizeOf_spec : []
AUDIT ProgressivePool.TraceErasure.eraseCheck.eq_1 : []
AUDIT ProgressivePool.CostAndConfidence.runSchedule_increments : [propext]
AUDIT ProgressivePool.no_divisor_block_14 : []
AUDIT ProgressivePool.TraceErasure.run.eq_1 : [propext, Classical.choice, Quot.sound]
AUDIT ProgressivePool.bindQueries_height : [propext, Quot.sound]
AUDIT ProgressivePool.historyCell_append._proof_2 : [propext, Quot.sound]
AUDIT ProgressivePool.IncrementalPreparation.runTasks_append : [propext, Quot.sound, Classical.choice]
AUDIT ProgressivePool.OperationalSignatureEndpoint.sources_length : [propext, Quot.sound, Classical.choice]
AUDIT ProgressivePool.no_divisor_block_20 : []
AUDIT _private.BufferedExecution.0.ProgressivePool.invocationDepths.match_1.eq_1 : []
AUDIT _private.StoredCheckExecution.0.ProgressivePool.StoredCheckExecution.dotLoop.match_1.eq_1 : []
AUDIT _private.FirstSpoilCounting.0.ProgressivePool.spoiledAfter.match_1.eq_2 : [propext, Quot.sound]
AUDIT ProgressivePool.OperationalSignatureEndpoint.machineErrorMass.eq_1 : [propext, Quot.sound, Classical.choice]
AUDIT ProgressivePool.StoredCheckExecution.ArithmeticResult.mk.injEq : [propext]
AUDIT ProgressivePool.rowInputs_card_le : [propext, Quot.sound, Classical.choice]
AUDIT ProgressivePool.uniform_pool_progressive : [propext, Quot.sound, Classical.choice]
AUDIT ProgressivePool.FinalStoredInvocation.zeroRows_eq_residual._proof_2 : [propext, Quot.sound]
AUDIT ProgressivePool.TraceErasure.checkRun_refines : [propext]
AUDIT ProgressivePool.actual_transcript_cell._proof_2 : [propext, Quot.sound]
AUDIT _private.EpochComposition.0.ProgressivePool.EpochComposition.badAt.match_1.eq_2 : []
AUDIT ProgressivePool.CostAndConfidence.reachable_below_seven_rows : [propext, Quot.sound, Classical.choice]
AUDIT ProgressivePool.CompletedStoppedInvocation.finish_preparation : [propext, Quot.sound, Classical.choice]
AUDIT ProgressivePool.TraceErasure.eraseBuffered.eq_1 : []
AUDIT ProgressivePool.StoredBufferedExecution.storedBuffered_output : [propext, Quot.sound, Classical.choice]
AUDIT ProgressivePool.MultiEpochCost.coldRun_preparation : [propext, Quot.sound, Classical.choice]
AUDIT ProgressivePool.CostAndConfidence.Reachable.brecOn : []
AUDIT ProgressivePool.AdaptiveTail.depthLE.eq_1 : []
AUDIT ProgressivePool.EpochComposition.anyBad_mixture_le : [propext, Quot.sound, Classical.choice]
AUDIT ProgressivePool.StoppingEpochExecution.raw_room_for_final : [propext, Quot.sound, Classical.choice]
AUDIT ProgressivePool.FinalTraceErasure.final_signature_joint : [propext, Quot.sound, Classical.choice]
AUDIT _private.CursorBufferedExecution.0.ProgressivePool.cursorBufferedRun.match_1.eq_2 : []
AUDIT ProgressivePool.no_divisor_block_2 : []
AUDIT ProgressivePool.FreshSampling.acceptMass_eq : [propext, Quot.sound, Classical.choice]
AUDIT ProgressivePool.TraceErasure.fieldSlots_card : [propext, Quot.sound, Classical.choice]
AUDIT ProgressivePool.no_divisor_block_32 : []
AUDIT ProgressivePool.StoredCheckExecution.dotLoop.eq_2 : [propext]
AUDIT _private.CostAndConfidence.0.ProgressivePool.CostAndConfidence.decEqCostState._proof_4._@.CostAndConfidence._hyg.268 : []
AUDIT ProgressivePool.StoppingEpochExecution.rawRun.eq_1 : [propext, Quot.sound, Classical.choice]
AUDIT ProgressivePool.EpochComposition.current_bank_uniform_given_prefix._proof_1 : [propext, Quot.sound]
AUDIT _private.ConcreteAdaptiveTail.0.ProgressivePool.queryHeight.match_1.eq_2 : []
AUDIT ProgressivePool.FreshSampling.allHit_eq_pi._proof_1 : [propext, Quot.sound, Classical.choice]
AUDIT _private.FinalResidual.0.ProgressivePool.virtualPass.match_1.eq_2 : []
AUDIT ProgressivePool.cursorBuffered_boundary : [propext, Quot.sound, Classical.choice]
AUDIT ProgressivePool.pool_storage_certificate : [propext]
AUDIT ProgressivePool.actual_transcript_factorization : [propext, Quot.sound]
AUDIT ProgressivePool.FinalTraceErasure.finalErrorMass_eq : [propext, Quot.sound, Classical.choice]
AUDIT ProgressivePool.mapOutput.eq_1 : []
AUDIT _private.EpochResourceBounds.0.ProgressivePool.EpochResourceBounds.lookaheadReads.match_1.eq_2 : []
AUDIT ProgressivePool.no_divisor_block_31 : []
AUDIT ProgressivePool.IndexedPreparation.runCursor.eq_2 : [propext, Classical.choice, Quot.sound]
AUDIT ProgressivePool.CompletedStoppedInvocation.finish_perfect_completeness._proof_1 : [propext, Quot.sound]
AUDIT ProgressivePool.no_divisor_block_93 : []
AUDIT ProgressivePool.product_cell_local_bound : [propext, Quot.sound, Classical.choice]
AUDIT _private.CostAndConfidence.0.ProgressivePool.CostAndConfidence.decEqCostState._proof_1._@.CostAndConfidence._hyg.268 : []
AUDIT ProgressivePool.poolEpoch_local_count : [propext, Quot.sound, Classical.choice]
AUDIT ProgressivePool.EpochComposition.selected_epoch_mixture_le : [propext, Quot.sound, Classical.choice]
AUDIT ProgressivePool.schedule_share_certificate : [propext]
AUDIT ProgressivePool.StoredBufferedExecution.storedBuffered_additions : [propext, Classical.choice, Quot.sound]
AUDIT ProgressivePool.FreshSampling.acceptProbability_eq : [propext, Quot.sound, Classical.choice]
AUDIT ProgressivePool.no_divisor_block_122 : []
AUDIT ProgressivePool.CostAndConfidence.initial.eq_1 : []
AUDIT ProgressivePool.final_zero_le_spoils : [propext, Quot.sound, Classical.choice]
AUDIT ProgressivePool.no_divisor_block_61 : []
AUDIT ProgressivePool.spoiledRows_execution : [propext, Quot.sound, Classical.choice]
AUDIT ProgressivePool.StoredCheckExecution.dotLoop._proof_1 : [propext]
AUDIT ProgressivePool.spoiledRows_card_step : [propext, Quot.sound, Classical.choice]
AUDIT ProgressivePool.StoppingEpochExecution.RawResult.mk.inj : []
AUDIT ProgressivePool.IncrementalPreparation.runChunks.eq_2 : [propext, Classical.choice, Quot.sound]
AUDIT ProgressivePool.IndexedPreparation.initialCursor.eq_1 : [propext]
AUDIT ProgressivePool.MultiEpochExecution.Result.mk.injEq : [propext]
AUDIT ProgressivePool.EpochComposition.badAt_append_current : []
AUDIT _private.MultiEpochExecution.0.ProgressivePool.MultiEpochExecution.run.match_1.eq_2 : []
AUDIT ProgressivePool.AdaptiveTail.depthLE.eq_3 : []
AUDIT ProgressivePool.StoppingEpochExecution.run.eq_1 : [propext, Classical.choice, Quot.sound]
AUDIT ProgressivePool.MultiEpochCost.run_preparation : [propext, Quot.sound, Classical.choice]
AUDIT ProgressivePool.rowDot.eq_1 : [propext, Quot.sound]
AUDIT ProgressivePool.FinalStoredInvocation.CheckResult.mk.sizeOf_spec : []
AUDIT ProgressivePool.FinalTraceErasure.Result.mk.sizeOf_spec : []
AUDIT _private.BufferedExecution.0.ProgressivePool.bufferedRun.match_1.eq_1 : []
AUDIT ProgressivePool.FinalTraceErasure.finalErrorMass.eq_1 : [propext, Quot.sound, Classical.choice]
AUDIT ProgressivePool.mem_rowInputs._proof_3 : [propext]
AUDIT ProgressivePool.historyCell_append._proof_3 : [propext]
AUDIT ProgressivePool.CompletedStoppedInvocation.finish_acceptance : [propext, Quot.sound, Classical.choice]
AUDIT ProgressivePool.finalExperiment_height._proof_1 : [propext, Quot.sound]
AUDIT ProgressivePool.uniform_pool_bad_count : [propext, Quot.sound, Classical.choice]
AUDIT _private.StoppingEpochExecution.0.ProgressivePool.StoppingEpochExecution.rawRun.match_1.eq_2 : []
AUDIT ProgressivePool.StoppedSignatureEndpoint.machine_zeros._proof_1 : [propext, Quot.sound]
AUDIT ProgressivePool.AdaptiveTail.childCell.eq_1 : [propext, Quot.sound]
AUDIT ProgressivePool.no_divisor_block_105 : []
AUDIT ProgressivePool.MultiEpochCost.phase_checking : [propext, Quot.sound, Classical.choice]
AUDIT ProgressivePool.EpochResourceBounds.lookaheadReads_eq._proof_1 : [propext, Classical.choice, Quot.sound]
AUDIT ProgressivePool.EpochComposition.local_count_to_probability : [propext, Quot.sound, Classical.choice]
AUDIT ProgressivePool.runOutput.eq_2 : [propext, Quot.sound]
AUDIT ProgressivePool.markedExperiment_depth : [propext, Quot.sound, Classical.choice]
AUDIT _private.EpochPrefix.0.ProgressivePool.EpochComposition.appendDraws.match_1.eq_2 : []
AUDIT ProgressivePool.StoppingEpochExecution.coldRun_checking : [propext, Quot.sound, Classical.choice]
AUDIT ProgressivePool.StoredCheckExecution.Execution.mk.injEq : [propext]
AUDIT ProgressivePool.IndexedPreparation.taskAt.eq_1 : [Quot.sound, propext, Classical.choice]
AUDIT ProgressivePool.rowDot_zero_card_mul : [propext, Quot.sound, Classical.choice]
AUDIT ProgressivePool.storedRow.eq_1 : [propext, Quot.sound]
AUDIT ProgressivePool.no_divisor_block_104 : []
AUDIT ProgressivePool.parameter_prime_checked : [propext, Classical.choice, Quot.sound]
AUDIT ProgressivePool.CompletedStoppedInvocation.finalErrorMass.eq_1 : [propext, Quot.sound, Classical.choice]
AUDIT ProgressivePool.StoredCheckExecution.dotLoop.eq_1 : [propext]
AUDIT ProgressivePool.FinalStoredInvocation.zeroRows.eq_1 : [propext, Quot.sound, Classical.choice]
AUDIT ProgressivePool.all_small_nondivisors : [propext]
AUDIT _private.AdaptiveTranscript.0.ProgressivePool.runBits.match_1.eq_1 : []
AUDIT ProgressivePool.IndexedPreparation.cursor_complete_at_R : [propext, Classical.choice, Quot.sound]
AUDIT _private.StoredCheckExecution.0.ProgressivePool.StoredCheckExecution.mapQueries.match_1.eq_2 : []
AUDIT ProgressivePool.no_divisor_block_124 : []
AUDIT ProgressivePool.invocationDepths.eq_1 : [propext, Quot.sound]
AUDIT ProgressivePool.StoredBufferedExecution.storedBuffered_subtractions : [propext, Classical.choice, Quot.sound]
AUDIT ProgressivePool.QueryTree.query.inj : []
AUDIT ProgressivePool.StoppedSourceBound.stopped_forgery_split_completed : [propext, Quot.sound, Classical.choice]
AUDIT _private.CostAndConfidence.0.ProgressivePool.CostAndConfidence.decEqCostState._proof_3._@.CostAndConfidence._hyg.268 : []
AUDIT ProgressivePool.mem_rowInputs._proof_2 : [propext]
AUDIT ProgressivePool.not_mem_spoiledRows._proof_2 : [propext, Quot.sound]
AUDIT ProgressivePool.StoredBufferedExecution.mapInvocationInputs.eq_2 : [propext, Quot.sound, Classical.choice]
AUDIT _private.StoppedSignatureEndpoint.0.ProgressivePool.StoppedSignatureEndpoint.rawFinal.match_1.eq_1 : [propext,
 Quot.sound,
 Classical.choice]
AUDIT ProgressivePool.compiled_query_nonzero : [propext, Quot.sound]
AUDIT ProgressivePool.IndexedPreparation.cursor_refines_fold : [propext, Classical.choice, Quot.sound]
AUDIT ProgressivePool.StoredBufferedExecution.storedBufferedRun.eq_1 : [propext, Classical.choice, Quot.sound]
AUDIT ProgressivePool.invocationDepths.eq_2 : [propext, Quot.sound]
AUDIT _private.CostAndConfidence.0.ProgressivePool.CostAndConfidence.runSchedule.match_1.eq_2 : []
AUDIT _private.ParameterCertificate.0.Nat.factorial.match_1.eq_2 : []
AUDIT ProgressivePool.VerifierInterface.requested_confidence_monotone : [propext, Classical.choice, Quot.sound]
AUDIT ProgressivePool.FreshSampling.allDraws_card : [propext, Quot.sound, Classical.choice]
AUDIT ProgressivePool.AdaptiveTail.successes.eq_2 : []
AUDIT ProgressivePool.no_divisor_block_69 : []
AUDIT ProgressivePool.no_divisor_block_52 : []
AUDIT ProgressivePool.spoiledRows_append._proof_2 : [propext, Quot.sound]
AUDIT ProgressivePool.EpochComposition.appendDraws.eq_2 : []
AUDIT ProgressivePool.excluded_union_card : [propext, Quot.sound, Classical.choice]
AUDIT ProgressivePool.AdaptiveTail.Tree.node.inj : []
AUDIT ProgressivePool.final_zero_le_spoils._proof_2 : [propext, Quot.sound]
AUDIT ProgressivePool.no_divisor_block_26 : []
AUDIT ProgressivePool.virtualPass_height : [propext, Quot.sound]
AUDIT ProgressivePool.FinalTraceErasure.finalMachine.eq_1 : [propext, Quot.sound, Classical.choice]
AUDIT ProgressivePool.CostAndConfidence.alpha_monotone : [propext, Classical.choice, Quot.sound]
AUDIT ProgressivePool.historyTree.eq_1 : []
AUDIT ProgressivePool.RandomizedStoppedEndpoint.randomized_operational_signature_bound : [propext,
 Quot.sound,
 Classical.choice]
AUDIT ProgressivePool.VerifiedCompiler.randomized_final_signature_bound : [propext, Quot.sound, Classical.choice]
AUDIT _private.InvocationBudget.0.ProgressivePool.invocationCaps.match_1.eq_1 : []
AUDIT ProgressivePool.EpochComposition.badAt.eq_3 : []
AUDIT ProgressivePool.freshMark_eq : [propext, Quot.sound]
AUDIT ProgressivePool.TraceErasure.Result.mk.inj : []
AUDIT ProgressivePool.CostAndConfidence.numeric_average_exact_cross_product : [propext, Quot.sound, Classical.choice]
AUDIT ProgressivePool.MultiEpochExecution.run_refines : [propext, Quot.sound, Classical.choice]
AUDIT ProgressivePool.no_divisor_block_46 : []
AUDIT ProgressivePool.AdaptiveTail.Tree.node.injEq : [propext]
AUDIT ProgressivePool.EpochComposition.sampleWeight.eq_1 : [propext, Quot.sound]
AUDIT ProgressivePool.no_divisor_block_59 : []
AUDIT ProgressivePool.InvocationProgram.invoke.injEq : [propext]
AUDIT ProgressivePool.no_divisor_block_21 : []
AUDIT ProgressivePool.StoredCheckExecution.stored_value_correct : [propext, Quot.sound, Classical.choice]
AUDIT ProgressivePool.rowDot_surjective : [propext, Quot.sound, Classical.choice]
AUDIT ProgressivePool.FinalTraceErasure.finish_refines : [propext, Quot.sound, Classical.choice]
AUDIT ProgressivePool.markedExperiment_local : [propext, Quot.sound, Classical.choice]
AUDIT ProgressivePool.no_divisor_block_121 : []
AUDIT ProgressivePool.no_divisor_block_117 : []
AUDIT _private.MultiEpochExecution.0.ProgressivePool.MultiEpochExecution.rawRun.match_1.eq_2 : []
AUDIT ProgressivePool.StoppingEpochExecution.RawResult.mk.sizeOf_spec : []
AUDIT ProgressivePool.no_divisor_block_96 : []
AUDIT ProgressivePool.no_divisor_block_84 : []
AUDIT ProgressivePool.not_mem_spoiledRows._proof_1 : [propext, Quot.sound]
AUDIT ProgressivePool.VerifierInterface.threshold_le : [propext]
AUDIT ProgressivePool.RandomizedFinalJoint.randomized_final_signature_joint : [propext, Quot.sound, Classical.choice]
AUDIT ProgressivePool.spoiledRows_append._proof_5 : [propext, Quot.sound]
AUDIT ProgressivePool.no_divisor_block_76 : []
AUDIT ProgressivePool.reserved_query_budget : [propext, Quot.sound]
AUDIT ProgressivePool.bindQueries.eq_2 : []
AUDIT ProgressivePool.InvocationProgram.invoke.sizeOf_spec : []
AUDIT ProgressivePool.epochs_fresh_joint : [propext, Quot.sound, Classical.choice]
AUDIT ProgressivePool.AdaptiveTail.tail_node_marked._proof_1 : [propext, Quot.sound]
AUDIT ProgressivePool.buffered_prefix_work : [propext, Quot.sound, Classical.choice]
AUDIT ProgressivePool.forgery_split : [propext, Quot.sound, Classical.choice]
AUDIT ProgressivePool.product_cell_local_bound._proof_1 : [propext, Quot.sound]
AUDIT ProgressivePool.no_divisor_block_3 : []
AUDIT ProgressivePool.StoredCheckExecution.ArithmeticResult.mk.sizeOf_spec : []
AUDIT ProgressivePool.VerifiedCompiler.randomized_final_signature_bound._proof_1 : [propext, Quot.sound]
AUDIT ProgressivePool.no_divisor_block_13 : []
AUDIT ProgressivePool.FinalStoredInvocation.cursor_prefix_products : [propext, Classical.choice, Quot.sound]
AUDIT ProgressivePool.FinalStoredInvocation.checkFresh_accepting_set._proof_3 : [propext, Quot.sound]
AUDIT ProgressivePool.unspoiled_row_cell._proof_4 : [propext, Quot.sound, Classical.choice]
AUDIT _private.IncrementalPreparation.0.ProgressivePool.IncrementalPreparation.runTasks.match_1.eq_1 : []
AUDIT ProgressivePool.FreshSampling.allHit.eq_1 : [propext, Quot.sound, Classical.choice]
AUDIT ProgressivePool.FreshSampling.fresh_threshold_uniform._proof_1 : [propext, Quot.sound]
AUDIT ProgressivePool.markedExperiment_local._proof_1 : [propext, Quot.sound]
AUDIT ProgressivePool.no_divisor_block_11 : []
AUDIT _private.MultiEpochExecution.0.ProgressivePool.MultiEpochExecution.rawRun.match_1.eq_1 : []
AUDIT ProgressivePool.EpochComposition.sampleProbability_mono._proof_1 : [propext, Quot.sound, Classical.choice]
AUDIT ProgressivePool.StoppedSignatureEndpoint.machineErrorMass.eq_1 : [propext, Quot.sound, Classical.choice]
AUDIT ProgressivePool.FiniteForgerySplit.progressive_le_ordinary_add_extra : [propext, Quot.sound, Classical.choice]
AUDIT ProgressivePool.pathValid.eq_3 : []
AUDIT ProgressivePool.FinalStoredInvocation.checkFresh_accepted_iff_mem : [propext, Quot.sound, Classical.choice]
AUDIT ProgressivePool.rowTest.eq_1 : [propext, Quot.sound]
AUDIT _private.EpochComposition.0.ProgressivePool.EpochComposition.Samples.match_1.eq_1 : []
AUDIT ProgressivePool.PoolEpoch.toEpoch.eq_1 : [propext, Quot.sound, Classical.choice]
AUDIT ProgressivePool.no_divisor_block_74 : []
AUDIT ProgressivePool.no_divisor_block_43 : []
AUDIT _private.ConcreteAdaptiveTail.0.ProgressivePool.queryHeight.match_1.eq_1 : []
AUDIT ProgressivePool.CostAndConfidence.CostState.mk.sizeOf_spec : []
AUDIT ProgressivePool.StoppingEpochExecution.run_checking : [propext, Quot.sound, Classical.choice]
AUDIT ProgressivePool.zeroRowsAt_bad._proof_1 : [propext, Quot.sound]
AUDIT ProgressivePool.finalZeroRows.eq_1 : [propext, Quot.sound, Classical.choice]
AUDIT ProgressivePool.StoppedSignatureEndpoint.source_active : [propext, Quot.sound, Classical.choice]
AUDIT ProgressivePool.CostAndConfidence.preparation_parameters : [propext]
AUDIT ProgressivePool.CompletedStoppedInvocation.finalMachine.eq_1 : [propext, Quot.sound, Classical.choice]
AUDIT ProgressivePool.no_divisor_block_73 : []
AUDIT ProgressivePool.FiniteForgerySplit.extraMass.eq_1 : [propext, Quot.sound, Classical.choice]
AUDIT ProgressivePool.PoolEpoch.mk.inj : []
AUDIT ProgressivePool.FinalStoredInvocation.checkFresh_uniform_probability_power : [propext,
 Quot.sound,
 Classical.choice]
AUDIT ProgressivePool.epochs_fresh_progressive._proof_1 : [propext, Quot.sound, Classical.choice]
AUDIT _private.IndexedPreparation.0.ProgressivePool.IndexedPreparation.runCursor.match_1.eq_1 : []
AUDIT ProgressivePool.StoppingEpochExecution.coldRun_room_for_final : [propext, Quot.sound, Classical.choice]
AUDIT ProgressivePool.ordinaryForgeryMass.eq_1 : [propext, Quot.sound, Classical.choice]
AUDIT ProgressivePool.operational_prefix_cost : [propext, Quot.sound, Classical.choice]
AUDIT ProgressivePool.StoppedSourceBound.stopped_forgery_bound : [propext, Quot.sound, Classical.choice]
AUDIT ProgressivePool.no_divisor_block_51 : []
AUDIT ProgressivePool.StoredCheckExecution.dotLoop_subtractions : [propext, Quot.sound, Classical.choice]
AUDIT ProgressivePool.no_divisor_block_109 : []
AUDIT ProgressivePool.markedExperiment_depth._proof_1 : [propext, Quot.sound]
AUDIT ProgressivePool.no_divisor_block_5 : []
AUDIT ProgressivePool.zeroRowsAt.eq_3 : [propext, Quot.sound, Classical.choice]
AUDIT ProgressivePool.EpochComposition.anyBad_probability_le._proof_1 : []
AUDIT ProgressivePool.final_zero_le_spoils._proof_1 : [propext, Quot.sound]
AUDIT ProgressivePool.markedExperiment.eq_2 : [propext, Quot.sound]
AUDIT ProgressivePool.StoppedSignatureEndpoint.rawFinal.eq_1 : [propext, Quot.sound, Classical.choice]
AUDIT ProgressivePool.no_divisor_block_42 : []
AUDIT ProgressivePool.no_divisor_block_80 : []
AUDIT ProgressivePool.FinalTraceErasure.finalMachine_perfect_completeness : [propext, Quot.sound, Classical.choice]
AUDIT ProgressivePool.CompletedStoppedInvocation.finalErrorMass_eq : [propext, Quot.sound, Classical.choice]
AUDIT _private.StoredCheckExecution.0.ProgressivePool.StoredCheckExecution.storedRun.match_1.eq_2 : []
AUDIT ProgressivePool.AdaptiveTail.partition_count : [propext, Quot.sound, Classical.choice]
AUDIT ProgressivePool.FinalStoredInvocation.final_invocation_preparation : [propext, Classical.choice, Quot.sound]
AUDIT ProgressivePool.spoiledAfter.eq_2 : [propext, Quot.sound]
AUDIT ProgressivePool.randomized_signature_verification_error : [propext, Quot.sound, Classical.choice]
AUDIT ProgressivePool.EpochComposition.sampleWeight_sum._proof_1 : [propext, Quot.sound]
AUDIT ProgressivePool.StoppingEpochExecution.Result.mk.sizeOf_spec : []
AUDIT ProgressivePool.StoppingEpochExecution.rawRun.eq_2 : [propext, Quot.sound, Classical.choice]
AUDIT ProgressivePool.historyCell_query_bound._proof_2 : [propext, Quot.sound]
AUDIT ProgressivePool.EpochResourceBounds.promotion_field_draw_burst : [propext, Quot.sound, Classical.choice]
AUDIT ProgressivePool.CostAndConfidence.numeric_below_seven_rows : [propext, Quot.sound, Classical.choice]
AUDIT ProgressivePool.CompletedStoppedInvocation.Result.mk.sizeOf_spec : []
AUDIT ProgressivePool.CostAndConfidence.alpha_one_pos : [propext, Classical.choice, Quot.sound]
AUDIT ProgressivePool.TraceErasure.bufferedRun_refines : [propext, Classical.choice, Quot.sound]
AUDIT ProgressivePool.spoiledAfter_card : [propext, Quot.sound]
AUDIT ProgressivePool.TraceErasure.run_refines : [propext, Quot.sound, Classical.choice]
AUDIT ProgressivePool.bufferedRun.eq_1 : [propext, Quot.sound, Classical.choice]
AUDIT ProgressivePool.IndexedPreparation.CursorState.mk.sizeOf_spec : []
AUDIT ProgressivePool.StoredBufferedExecution.storedBuffered_reservations_le : [propext, Classical.choice, Quot.sound]
AUDIT ProgressivePool.TraceErasure.erase.eq_1 : []
AUDIT _private.StoredCheckExecution.0.ProgressivePool.StoredCheckExecution.mapQueries.match_1.eq_1 : []
AUDIT ProgressivePool.FreshSampling.acceptMass.eq_1 : [propext, Quot.sound, Classical.choice]
AUDIT ProgressivePool.IncrementalPreparation.allTasks_length : [propext, Quot.sound, Classical.choice]
AUDIT ProgressivePool.EpochComposition.anyBad_probability_le : [propext, Quot.sound, Classical.choice]
AUDIT ProgressivePool.historyCell_query_bound._proof_3 : [propext, Quot.sound]
AUDIT ProgressivePool.FiniteForgerySplit.full_bound : [propext, Quot.sound, Classical.choice]
AUDIT ProgressivePool.StoredBufferedExecution.storedBuffered_products : [propext, Classical.choice, Quot.sound]
AUDIT ProgressivePool.FinalTraceErasure.final_signature_bound : [propext, Quot.sound, Classical.choice]
AUDIT ProgressivePool.EpochComposition.sampleWeight.eq_2 : [propext, Quot.sound]
AUDIT ProgressivePool.rowDot._proof_1 : [propext, Quot.sound]
AUDIT ProgressivePool.FinalStoredInvocation.checkFresh._proof_1 : [propext]
AUDIT _private.FinalStoredInvocation.0.ProgressivePool.FinalStoredInvocation.checkFresh.match_1.eq_2 : []
AUDIT ProgressivePool.StoredCheckExecution.storedRun_trace : [propext, Quot.sound, Classical.choice]
AUDIT ProgressivePool.MultiEpochExecution.run.eq_2 : [propext, Classical.choice, Quot.sound]
AUDIT _private.AdaptiveTranscript.0.ProgressivePool.runBits.match_1.eq_2 : []
AUDIT ProgressivePool.IncrementalPreparation.step_other_coefficient : [propext, Quot.sound, Classical.choice]
AUDIT ProgressivePool.FinalStoredInvocation.checkFresh.eq_1 : [propext]
AUDIT ProgressivePool.certified_field_margin : [propext, Quot.sound, Classical.choice]
AUDIT ProgressivePool.EpochComposition.sampleWeight_sum : [propext, Quot.sound, Classical.choice]
AUDIT _private.StoppingEpochExecution.0.ProgressivePool.StoppingEpochExecution.run.match_1.eq_2 : []
AUDIT ProgressivePool.runObservations.eq_2 : [propext, Quot.sound]
AUDIT ProgressivePool.no_divisor_block_106 : []
AUDIT ProgressivePool.StoppingEpochExecution.raw_selected_le : [propext, Quot.sound, Classical.choice]
AUDIT ProgressivePool.storedCheck.eq_1 : [propext, Quot.sound]
AUDIT ProgressivePool.StoredCheckExecution.evalStored_multiplications : [propext, Quot.sound, Classical.choice]
AUDIT ProgressivePool.no_divisor_block_1 : []
AUDIT ProgressivePool.InvocationProgram.stop.injEq : [propext]
AUDIT ProgressivePool.FreshSampling.fresh_threshold_mixture : [propext, Quot.sound, Classical.choice]
AUDIT ProgressivePool.no_divisor_block_60 : []
AUDIT ProgressivePool.actual_unspoiled_conditional_count : [propext, Quot.sound, Classical.choice]
AUDIT ProgressivePool.markedExperiment.eq_1 : [propext, Quot.sound]
AUDIT ProgressivePool.certified_tail_probability : [propext, Classical.choice, Quot.sound]
AUDIT ProgressivePool.parameter_prime_checked._proof_1 : [propext, Quot.sound]
AUDIT ProgressivePool.EpochResourceBounds.coldRun_reservation_epochs : [propext, Quot.sound, Classical.choice]
AUDIT ProgressivePool.no_divisor_block_25 : []
AUDIT ProgressivePool.StoredBufferedExecution.storedBuffered_preparation : [propext, Classical.choice, Quot.sound]
AUDIT _private.EpochComposition.0.ProgressivePool.EpochComposition.anyBad.match_1.eq_1 : []
AUDIT ProgressivePool.FinalStoredInvocation.InvocationResult.mk.sizeOf_spec : []
AUDIT _private.IndexedPreparation.0.ProgressivePool.IndexedPreparation.runCursor.match_1.eq_2 : []
AUDIT ProgressivePool.StoppingEpochExecution.Result.mk.inj : []
AUDIT ProgressivePool.historyTree_run_iff : [propext, Quot.sound]
AUDIT ProgressivePool.runOutput_bind : [propext, Quot.sound]
AUDIT _private.EpochComposition.0.ProgressivePool.EpochComposition.sampleWeight.match_1.eq_2 : []
AUDIT ProgressivePool.StoredCheckExecution.dotLoop_multiplications : [propext, Quot.sound, Classical.choice]
AUDIT ProgressivePool.no_divisor_block_75 : []
AUDIT ProgressivePool.cast_certificate : [propext, Classical.choice, Quot.sound]
AUDIT ProgressivePool.finalExperiment.eq_1 : []
AUDIT ProgressivePool.StoredBufferedExecution.Result.mk.inj : []
AUDIT _private.TraceErasure.0.ProgressivePool.TraceErasure.checkRun.match_1.eq_1 : []
AUDIT ProgressivePool.MatchedEarlyCertificates.terminal_work : [propext]
AUDIT ProgressivePool.StoredCheckExecution.storedRun_work_on_mapped_trace : [propext, Quot.sound, Classical.choice]
AUDIT ProgressivePool.StoppedSignatureEndpoint.machine_refines : [propext, Quot.sound, Classical.choice]
AUDIT _private.TraceErasure.0.ProgressivePool.TraceErasure.bufferedRun.match_1.eq_1 : []
AUDIT ProgressivePool.no_divisor_block_19 : []
AUDIT ProgressivePool.StoppedForgerySplit.stopped_forgery_split : [propext, Quot.sound, Classical.choice]
AUDIT ProgressivePool.EpochResourceBounds.bankHeadReads_eq : [propext, Quot.sound, Classical.choice]
AUDIT ProgressivePool.full_signature_bound : [propext, Quot.sound, Classical.choice]
AUDIT ProgressivePool.no_divisor_block_7 : []
AUDIT ProgressivePool.StoppingEpochExecution.coldRun.eq_1 : [propext, Classical.choice, Quot.sound]
AUDIT ProgressivePool.QueryTree.leaf.inj : []
AUDIT _private.StoppedSignatureEndpoint.0.ProgressivePool.StoppedSignatureEndpoint.rawFinal.match_1.eq_2 : [propext,
 Quot.sound,
 Classical.choice]
AUDIT ProgressivePool.VerifierInterface.requested_confidence_nontrivial : [propext, Classical.choice, Quot.sound]
AUDIT ProgressivePool.FinalStoredInvocation.final_invocation_counters : [propext, Classical.choice, Quot.sound]
AUDIT ProgressivePool.gatedEpochErrorMass.eq_1 : [propext, Quot.sound, Classical.choice]
AUDIT _private.TraceErasure.0.ProgressivePool.TraceErasure.checkRun.match_1.eq_2 : []
AUDIT ProgressivePool.historyTree_valid : [propext]
AUDIT ProgressivePool.remaining_card_lower : [propext, Quot.sound, Classical.choice]
AUDIT ProgressivePool.historyCell.eq_1 : [propext, Quot.sound, Classical.choice]
AUDIT ProgressivePool.IndexedPreparation.cursor_ledger_matches : [propext, Classical.choice, Quot.sound]
AUDIT _private.ConcreteAdaptiveTail.0.ProgressivePool.AdaptiveTail.depthLE.match_1.eq_3 : []
AUDIT ProgressivePool.markedExperiment_local._proof_2 : [propext, Quot.sound]
AUDIT ProgressivePool.no_divisor_block_107 : []
AUDIT ProgressivePool.historyCell_query_bound : [propext, Quot.sound, Classical.choice]
AUDIT ProgressivePool.no_divisor_block_82 : []
AUDIT ProgressivePool.no_divisor_block_89 : []
AUDIT ProgressivePool.AdaptiveTail.child_cards : [propext, Quot.sound, Classical.choice]
AUDIT ProgressivePool.TraceErasure.BufferedResult.mk.sizeOf_spec : []
AUDIT ProgressivePool.historyCell_query_bound._proof_1 : [propext, Quot.sound]
AUDIT ProgressivePool.FinalStoredInvocation.zeroRows_eq_residual : [propext, Quot.sound, Classical.choice]
AUDIT ProgressivePool.spoiledRows_append._proof_4 : [propext]
AUDIT ProgressivePool.TraceErasure.CheckResult.mk.sizeOf_spec : []
AUDIT ProgressivePool.TraceErasure.phaseResult.eq_1 : []
AUDIT ProgressivePool.StoppedSignatureEndpoint.rawRun_pack : [propext, Quot.sound, Classical.choice]
AUDIT ProgressivePool.CostAndConfidence.CostState.mk.injEq : [propext]
AUDIT ProgressivePool.spoiledAfter.eq_1 : [propext, Quot.sound]
AUDIT ProgressivePool.MultiEpochCost.run_checking : [propext, Quot.sound, Classical.choice]
AUDIT ProgressivePool.EpochComposition.anyBad.eq_2 : []
AUDIT ProgressivePool.CompletedStoppedInvocation.finish_perfect_completeness : [propext, Quot.sound, Classical.choice]
AUDIT ProgressivePool.VerifierInterface.response_isSome : [propext, Classical.choice, Quot.sound]
AUDIT ProgressivePool.StoredBufferedExecution.mapInvocationInputs.eq_1 : [propext, Quot.sound, Classical.choice]
AUDIT ProgressivePool.no_divisor_block_48 : []
AUDIT ProgressivePool.VerifierInterface.verifyRequest_isSome : [propext, Quot.sound, Classical.choice]
AUDIT _private.OperationalSignatureEndpoint.0.ProgressivePool.OperationalSignatureEndpoint.rawFinal.match_1.eq_2 : [propext,
 Quot.sound,
 Classical.choice]
AUDIT ProgressivePool.CompletedStoppedInvocation.finish_perfect_completeness._proof_2 : [propext, Quot.sound]
AUDIT ProgressivePool.EpochResourceBounds.lookaheadReads.eq_2 : [propext, Classical.choice, Quot.sound]
AUDIT ProgressivePool.invocationDepths_sum_le : [propext, Quot.sound]
AUDIT ProgressivePool.IncrementalPreparation.State.mk.injEq : [propext]
AUDIT ProgressivePool.mem_spoiledAfter._proof_4 : [propext]
AUDIT ProgressivePool.TraceErasure.BufferedResult.mk.injEq : [propext]
AUDIT ProgressivePool.TraceErasure.CheckResult.mk.injEq : [propext]
AUDIT ProgressivePool.IncrementalPreparation.ledger_matches_preparation : [propext, Quot.sound, Classical.choice]
AUDIT ProgressivePool.spoiledRows_append._proof_1 : [propext, Quot.sound]
AUDIT ProgressivePool.no_divisor_block_12 : []
AUDIT ProgressivePool.StoppedSignatureEndpoint.machine.eq_1 : [propext, Quot.sound, Classical.choice]
AUDIT ProgressivePool.IncrementalPreparation.runTasks_multiplications : [propext, Quot.sound, Classical.choice]
AUDIT ProgressivePool.buffered_preparation : [propext, Quot.sound, Classical.choice]
AUDIT ProgressivePool.CompletedStoppedInvocation.finalMachine_perfect_completeness : [propext,
 Quot.sound,
 Classical.choice]
AUDIT ProgressivePool.StoredCheckExecution.ArithmeticResult.mk.inj : []
AUDIT ProgressivePool.OperationalSignatureEndpoint.sources.eq_1 : [propext, Quot.sound, Classical.choice]
AUDIT ProgressivePool.StoredCheckExecution.evalStored_value : [propext, Quot.sound, Classical.choice]
AUDIT ProgressivePool.FinalTraceErasure.finalMachine_refines : [propext, Quot.sound, Classical.choice]
AUDIT ProgressivePool.no_divisor_block_50 : []
AUDIT ProgressivePool.StoredCheckExecution.evalStored_additions : [propext, Quot.sound, Classical.choice]
AUDIT ProgressivePool.FreshSampling.acceptProbability_le_threshold : [propext, Quot.sound, Classical.choice]
AUDIT ProgressivePool.uniform_pool_progressive._proof_1 : [propext, Quot.sound, Classical.choice]
AUDIT ProgressivePool.no_divisor_block_71 : []
AUDIT ProgressivePool.IndexedPreparation.taskAt_decode : [Quot.sound, propext, Classical.choice]
AUDIT ProgressivePool.not_mem_spoiledRows._proof_3 : [propext]
AUDIT ProgressivePool.IndexedPreparation.runCursor_add : [propext, Classical.choice, Quot.sound]
AUDIT _private.ConcreteAdaptiveTail.0.ProgressivePool.AdaptiveTail.depthLE.match_1.eq_1 : []
AUDIT ProgressivePool.FiniteForgerySplit.progressiveMass.eq_1 : [propext, Quot.sound, Classical.choice]
AUDIT ProgressivePool.StoredCheckExecution.evalStored_subtractions : [propext, Quot.sound, Classical.choice]
AUDIT ProgressivePool.virtualPass.eq_1 : []
AUDIT ProgressivePool.no_divisor_block_23 : []
AUDIT ProgressivePool.VerifiedCompiler.final_signature_bound : [propext, Quot.sound, Classical.choice]
AUDIT ProgressivePool.StoredCheckExecution.storedRun.eq_1 : [propext]
AUDIT _private.IncrementalPreparation.0.ProgressivePool.IncrementalPreparation.runChunks.match_1.eq_2 : []
AUDIT ProgressivePool.TraceErasure.CheckResult.mk.inj : []
AUDIT ProgressivePool.IndexedPreparation.runCursor.eq_1 : [propext, Classical.choice, Quot.sound]
AUDIT ProgressivePool.terminal_seven_certificate : [propext, Classical.choice, Quot.sound]
AUDIT ProgressivePool.TraceErasure.checkRun.eq_1 : [propext]
AUDIT ProgressivePool.StoppingEpochExecution.Result.mk.injEq : [propext]
AUDIT ProgressivePool.unspoiled_row_cell._proof_3 : [propext, Quot.sound, Classical.choice]
AUDIT ProgressivePool.unspoiled_row_compatible : [propext, Quot.sound, Classical.choice]
AUDIT ProgressivePool.VerifiedCompiler.final_signature_joint : [propext, Quot.sound, Classical.choice]
AUDIT ProgressivePool.no_divisor_block_15 : []
AUDIT ProgressivePool.TraceErasure.Result.mk.sizeOf_spec : []
AUDIT ProgressivePool.StoppingEpochExecution.coldRun_refines : [propext, Quot.sound, Classical.choice]
AUDIT ProgressivePool.actual_first_spoil_tail : [propext, Quot.sound, Classical.choice]
AUDIT ProgressivePool.CompletedStoppedInvocation.finish.eq_1 : [propext, Classical.choice, Quot.sound]
AUDIT ProgressivePool.actual_transcript_cell._proof_3 : [propext, Quot.sound, Classical.choice]
AUDIT ProgressivePool.historyTree.eq_2 : []
AUDIT _private.EpochComposition.0.ProgressivePool.EpochComposition.Samples.match_1.eq_2 : []
AUDIT ProgressivePool.no_divisor_block_110 : []
AUDIT _private.StoredBufferedExecution.0.ProgressivePool.StoredBufferedExecution.storedBufferedRun.match_1.eq_2 : []
AUDIT ProgressivePool.runBits_length_le._proof_1 : [propext, Quot.sound]
AUDIT ProgressivePool.mapOutput.eq_2 : []
AUDIT ProgressivePool.IncrementalPreparation.complete_storedRow : [propext, Quot.sound, Classical.choice]
AUDIT ProgressivePool.no_divisor_block_118 : []
AUDIT ProgressivePool.IndexedPreparation.CursorState.mk.injEq : [propext]
AUDIT _private.AdaptiveTranscript.0.ProgressivePool.pathValid.match_1.eq_3 : []
AUDIT ProgressivePool.StoredBufferedExecution.storedBuffered_reservations : [propext, Classical.choice, Quot.sound]
AUDIT ProgressivePool.StoredBufferedExecution.storedBuffered_trace_length : [propext, Classical.choice, Quot.sound]
AUDIT ProgressivePool.gatedEpochJointMass.eq_1 : [propext, Quot.sound, Classical.choice]
AUDIT ProgressivePool.storedCheck_valid : [propext, Quot.sound, Classical.choice]
AUDIT ProgressivePool.StoredBufferedExecution.storedBuffered_boundary : [propext, Classical.choice, Quot.sound]
AUDIT ProgressivePool.no_divisor_block_53 : []
AUDIT ProgressivePool.CompletedStoppedInvocation.finalMachine_total_multiplications._proof_1 : [propext,
 Quot.sound,
 Classical.choice]
AUDIT ProgressivePool.unspoiled_transcript_count : [propext, Quot.sound, Classical.choice]
AUDIT ProgressivePool.EpochResourceBounds.idealFieldDraws_setup_promotions : [propext, Quot.sound, Classical.choice]
AUDIT ProgressivePool.compiled_active_residual : [propext, Quot.sound]
AUDIT ProgressivePool.IncrementalPreparation.State.mk.sizeOf_spec : []
AUDIT ProgressivePool.StoppedSignatureEndpoint.rawFinal.eq_2 : [propext, Quot.sound, Classical.choice]
AUDIT ProgressivePool.storedCheck_eq : [propext, Quot.sound, Classical.choice]
AUDIT _private.FirstSpoilCounting.0.ProgressivePool.spoiledAfter.match_1.eq_1 : [propext, Quot.sound]
AUDIT ProgressivePool.global_signature_joint : [propext, Quot.sound, Classical.choice]
AUDIT ProgressivePool.historyTree_observations : [propext]
AUDIT _private.SignatureCompiler.0.ProgressivePool.mapOutput.match_1.eq_1 : []
AUDIT ProgressivePool.EpochComposition.sampleWeight_append : [propext, Quot.sound, Classical.choice]
AUDIT ProgressivePool.no_divisor_block_24 : []
AUDIT _private.IncrementalPreparation.0.ProgressivePool.IncrementalPreparation.runChunks.match_1.eq_1 : []
AUDIT ProgressivePool.mem_spoiledAfter._proof_2 : [propext]
AUDIT ProgressivePool.StoredCheckExecution.Execution.mk.inj : []
AUDIT ProgressivePool.mvResidual.eq_1 : [propext, Quot.sound]
AUDIT ProgressivePool.bindQueries.eq_1 : []
AUDIT ProgressivePool.TraceErasure.coldRun_pending : [propext, Quot.sound, Classical.choice]
AUDIT ProgressivePool.IncrementalPreparation.runTasks.eq_1 : [propext, Classical.choice, Quot.sound]
AUDIT _private.CursorBufferedExecution.0.ProgressivePool.cursorBufferedRun.match_1.eq_1 : []
AUDIT ProgressivePool.FinalStoredInvocation.CheckResult.mk.injEq : [propext]
AUDIT ProgressivePool.CostAndConfidence.numeric_average_cross_product : [propext, Quot.sound, Classical.choice]
AUDIT ProgressivePool.OperationalSignatureEndpoint.operational_signature_bound : [propext, Quot.sound, Classical.choice]
AUDIT ProgressivePool.TraceErasure.coldRun_refines : [propext, Quot.sound, Classical.choice]
AUDIT ProgressivePool.EpochComposition.sampleProbability_mono : [propext, Quot.sound, Classical.choice]
AUDIT ProgressivePool.StoppedSignatureEndpoint.machine_zeros._proof_2 : [propext, Quot.sound]
AUDIT ProgressivePool.IncrementalPreparation.step.eq_1 : [propext, Classical.choice, Quot.sound]
AUDIT ProgressivePool.TraceErasure.coldRun_checking : [propext, Quot.sound, Classical.choice]
AUDIT ProgressivePool.historyCell_append._proof_1 : [propext, Quot.sound]
AUDIT ProgressivePool.product_cell_local_bound._proof_2 : [propext, Quot.sound]
AUDIT ProgressivePool.no_divisor_block_55 : []
AUDIT ProgressivePool.no_divisor_block_18 : []
AUDIT _private.StoredBufferedExecution.0.ProgressivePool.StoredBufferedExecution.storedBufferedRun.match_1.eq_1 : []
AUDIT ProgressivePool.no_divisor_block_79 : []
AUDIT ProgressivePool.mem_rowInputs : [propext, Quot.sound, Classical.choice]
AUDIT ProgressivePool.no_divisor_block_56 : []
AUDIT ProgressivePool.StoredBufferedExecution.storedBuffered_trace : [propext, Quot.sound, Classical.choice]
AUDIT ProgressivePool.EpochComposition.sampleProbability.eq_1 : [propext, Quot.sound, Classical.choice]
AUDIT ProgressivePool.FinalStoredInvocation.CheckResult.mk.inj : []
AUDIT ProgressivePool.zeroRowsAt_bad : [propext, Quot.sound, Classical.choice]
AUDIT ProgressivePool.StoppingEpochExecution.run_refines : [propext, Quot.sound, Classical.choice]
AUDIT ProgressivePool.OperationalSignatureEndpoint.source_active : [propext, Quot.sound, Classical.choice]
AUDIT ProgressivePool.conditioned_count_bound : [propext, Quot.sound, Classical.choice]
AUDIT ProgressivePool.no_divisor_block_127 : []
AUDIT ProgressivePool.SignatureEpoch.mk.sizeOf_spec : []
AUDIT ProgressivePool.IndexedPreparation.cursorStep.eq_1 : [propext, Classical.choice, Quot.sound]
AUDIT ProgressivePool.IncrementalPreparation.scheduled_preparation_correct : [propext, Quot.sound, Classical.choice]
AUDIT ProgressivePool.finalExperiment_observations : [propext, Quot.sound]
AUDIT ProgressivePool.MultiEpochCost.phase_preparation : [propext, Quot.sound, Classical.choice]
AUDIT ProgressivePool.AdaptiveTail.partition_count._proof_1 : [propext]
AUDIT ProgressivePool.parameter_field_card : [propext, Quot.sound, Classical.choice]
AUDIT ProgressivePool.mem_spoiledAfter._proof_1 : [propext]
AUDIT ProgressivePool.CostAndConfidence.next_buffer_work_by_R : [propext, Quot.sound]
AUDIT ProgressivePool.EpochComposition.Samples.eq_1 : []
AUDIT ProgressivePool.no_divisor_block_70 : []
AUDIT ProgressivePool.OperationalSignatureEndpoint.rawFinal.eq_2 : [propext, Quot.sound, Classical.choice]
AUDIT ProgressivePool.no_divisor_block_85 : []
AUDIT ProgressivePool.no_divisor_block_4 : []
AUDIT _private.InvocationBudget.0.ProgressivePool.bindQueries.match_1.eq_2 : []
AUDIT ProgressivePool.OperationalSignatureEndpoint.errorGate.eq_1 : [propext, Quot.sound, Classical.choice]
AUDIT ProgressivePool.FreshSampling.fresh_joint_threshold_uniform : [propext, Quot.sound, Classical.choice]
AUDIT ProgressivePool.EpochResourceBounds.epoch_budget_u64 : [propext, Classical.choice, Quot.sound]
AUDIT ProgressivePool.CostAndConfidence.invoke.eq_1 : []
AUDIT _private.EpochComposition.0.ProgressivePool.EpochComposition.sampleWeight.match_1.eq_1 : []
AUDIT _private.StoredBufferedExecution.0.ProgressivePool.StoredBufferedExecution.mapInvocationInputs.match_1.eq_1 : []
AUDIT ProgressivePool.MultiEpochExecution.rawRun.eq_1 : [propext, Quot.sound, Classical.choice]
AUDIT ProgressivePool.EpochComposition.Samples.eq_2 : []
AUDIT ProgressivePool.StoppingEpochExecution.run_pending : [propext, Quot.sound, Classical.choice]
AUDIT ProgressivePool.actual_query_count_bound : [propext, Quot.sound, Classical.choice]
AUDIT ProgressivePool.CostAndConfidence.reachable_invariant : [propext, Quot.sound]
AUDIT ProgressivePool.no_divisor_block_111 : []
AUDIT ProgressivePool.unspoiled_row_cell._proof_1 : [propext, Quot.sound]
AUDIT ProgressivePool.spoiledRows_append : [propext, Quot.sound, Classical.choice]
AUDIT ProgressivePool.StoredCheckExecution.evalStored.eq_1 : [propext]
AUDIT ProgressivePool.EpochComposition.badAt_implies_any : [propext]
AUDIT ProgressivePool.no_divisor_block_103 : []
AUDIT ProgressivePool.StoppedSignatureEndpoint.source_zeros : [propext, Quot.sound, Classical.choice]
AUDIT _private.BufferedExecution.0.ProgressivePool.bufferedRun.match_1.eq_2 : []
AUDIT _private.InvocationBudget.0.ProgressivePool.invocationCaps.match_1.eq_2 : []
AUDIT ProgressivePool.EpochResourceBounds.lookaheadReads_eq : [propext, Quot.sound, Classical.choice]
AUDIT ProgressivePool.PoolEpoch.mk.injEq : [propext]
AUDIT ProgressivePool.FreshSampling.acceptProbability_nonneg : [propext, Quot.sound, Classical.choice]
AUDIT ProgressivePool.virtualPass_observations : [propext, Quot.sound]
AUDIT ProgressivePool.FinalStoredInvocation.checkFresh_work : [propext, Quot.sound, Classical.choice]
AUDIT ProgressivePool.no_divisor_block_68 : []
AUDIT ProgressivePool.FinalStoredInvocation.checkFresh_accepting_set._proof_2 : [propext, Quot.sound]
AUDIT ProgressivePool.PoolEpoch.mk.sizeOf_spec : []
AUDIT ProgressivePool.OperationalSignatureEndpoint.sources.eq_2 : [propext, Quot.sound, Classical.choice]
AUDIT _private.StoppingEpochExecution.0.ProgressivePool.StoppingEpochExecution.rawRun.match_1.eq_1 : []
AUDIT ProgressivePool.MultiEpochExecution.Result.mk.sizeOf_spec : []
AUDIT ProgressivePool.no_divisor_block_29 : []
AUDIT _private.EpochFreshEndpoint.0.ProgressivePool.zeroRowsAt.match_1.eq_1 : [propext, Quot.sound, Classical.choice]
AUDIT ProgressivePool.mem_spoiledAfter : [propext, Quot.sound]
AUDIT ProgressivePool.choose_tail_certificate : [propext, Classical.choice, Quot.sound]
AUDIT ProgressivePool.EpochComposition.candidate_future_independent : []
AUDIT ProgressivePool.TraceErasure.BufferedResult.mk.inj : []
AUDIT ProgressivePool.TraceErasure.publicAndStateSlots_card : [propext, Quot.sound, Classical.choice]
AUDIT ProgressivePool.OperationalSignatureEndpoint.machine_zeros : [propext, Quot.sound, Classical.choice]
AUDIT ProgressivePool.AdaptiveTail.tailCount.eq_1 : [propext, Quot.sound]
AUDIT ProgressivePool.StoredBufferedExecution.storedBufferedRun.eq_2 : [propext, Classical.choice, Quot.sound]
AUDIT ProgressivePool.FinalStoredInvocation.checkFresh_accepting_set : [propext, Quot.sound, Classical.choice]
AUDIT ProgressivePool.signature_verification_error_bound : [propext, Quot.sound, Classical.choice]
AUDIT ProgressivePool.QueryTree.leaf.sizeOf_spec : []
AUDIT ProgressivePool.progressiveForgeryMass.eq_1 : [propext, Quot.sound, Classical.choice]
AUDIT ProgressivePool.FinalStoredInvocation.InvocationResult.mk.inj : []
AUDIT ProgressivePool.no_divisor_block_33 : []
AUDIT _private.FinalResidual.0.ProgressivePool.virtualPass.match_1.eq_1 : []
AUDIT ProgressivePool.MultiEpochCost.coldRun_total_multiplications : [propext, Quot.sound, Classical.choice]
AUDIT ProgressivePool.StoredCheckExecution.dotLoop_additions : [propext, Quot.sound, Classical.choice]
AUDIT ProgressivePool.IncrementalPreparation.State.mk.inj : []
AUDIT ProgressivePool.firstSpoilCount.eq_2 : [propext, Quot.sound]
AUDIT ProgressivePool.OperationalSignatureEndpoint.pack.eq_1 : [propext, Quot.sound, Classical.choice]
AUDIT ProgressivePool.queryHeight_map : [propext, Quot.sound]
AUDIT ProgressivePool.finalExperiment.eq_2 : []
AUDIT ProgressivePool.no_divisor_block_90 : []
AUDIT ProgressivePool.no_divisor_block_66 : []
AUDIT ProgressivePool.CostAndConfidence.every_phase_work_by_R : [propext]
AUDIT ProgressivePool.unspoiled_row_cell : [propext, Quot.sound, Classical.choice]
AUDIT ProgressivePool.no_divisor_block_34 : []
AUDIT ProgressivePool.EpochResourceBounds.bankHeadReads_eq._proof_1 : [propext, Classical.choice, Quot.sound]
AUDIT ProgressivePool.StoredBufferedExecution.runBits_bind : [propext, Quot.sound, Classical.choice]
AUDIT ProgressivePool.runBits_length_le : [propext, Quot.sound]
AUDIT ProgressivePool.StoppedSignatureEndpoint.machine_mass_eq : [propext, Quot.sound, Classical.choice]
AUDIT ProgressivePool.IncrementalPreparation.runTasks.eq_2 : [propext, Classical.choice, Quot.sound]
AUDIT _private.TraceErasure.0.ProgressivePool.TraceErasure.run.match_1.eq_1 : []
AUDIT ProgressivePool.no_divisor_block_10 : []
AUDIT ProgressivePool.TraceErasure.bufferedRun.eq_1 : [propext, Classical.choice, Quot.sound]
AUDIT ProgressivePool.EpochComposition.Epoch.mk.sizeOf_spec : []
AUDIT ProgressivePool.no_divisor_block_65 : []
AUDIT ProgressivePool.cursorBuffered_output : [propext, Quot.sound, Classical.choice]
AUDIT ProgressivePool.actual_unspoiled_conditional_count._proof_2 : [propext, Quot.sound]
AUDIT ProgressivePool.StoppedSignatureEndpoint.operational_signature_joint : [propext, Quot.sound, Classical.choice]
AUDIT _private.ParameterCertificate.0.Nat.factorial.match_1.eq_1 : []
AUDIT ProgressivePool.no_divisor_block_8 : []
AUDIT ProgressivePool.OperationalSignatureEndpoint.storedZeros.eq_1 : [propext, Quot.sound, Classical.choice]
AUDIT ProgressivePool.not_mem_spoiledRows._proof_4 : [propext]
AUDIT ProgressivePool.firstSpoilCount.eq_1 : [propext, Quot.sound]
AUDIT ProgressivePool.actual_transcript_cell._proof_1 : [propext, Quot.sound]
AUDIT ProgressivePool.no_divisor_block_40 : []
AUDIT ProgressivePool.epochs_fresh_progressive : [propext, Quot.sound, Classical.choice]
AUDIT ProgressivePool.no_divisor_block_87 : []
AUDIT ProgressivePool.finalExperiment_height : [propext, Quot.sound]
AUDIT ProgressivePool.runObservations.eq_1 : [propext, Quot.sound]
AUDIT ProgressivePool.FreshSampling.fresh_joint_threshold : [propext, Quot.sound, Classical.choice]
AUDIT ProgressivePool.no_divisor_block_77 : []
AUDIT ProgressivePool.StoppedSourceBound.stopped_full_bound : [propext, Quot.sound, Classical.choice]
AUDIT ProgressivePool.actual_unspoiled_conditional_count._proof_3 : [propext, Quot.sound, Classical.choice]
AUDIT ProgressivePool.no_divisor_block_91 : []
AUDIT ProgressivePool.global_signature_verification_error : [propext, Quot.sound, Classical.choice]
AUDIT ProgressivePool.EpochComposition.anyBad.eq_1 : []
AUDIT ProgressivePool.StoredCheckExecution.stored_bit_correct : [propext, Quot.sound, Classical.choice]
AUDIT ProgressivePool.QueryTree.query.sizeOf_spec : []
AUDIT ProgressivePool.no_divisor_block_108 : []
AUDIT ProgressivePool.FreshSampling.fresh_threshold_uniform : [propext, Quot.sound, Classical.choice]
AUDIT_THEOREM_COUNT=862

EXIT_CODE=0
ELAPSED_SECONDS=25.662
PEAK_RSS_KIB=1624740
LIMIT_REASON=None
