source/FinalResidual.lean:43:0: warning: automatically included section variable(s) unused in theorem 'ProgressivePool.virtualPass_observations':
  [Fintype F]
  [DecidableEq I]
  [Fintype J]
  [DecidableEq J]
consider restructuring your `variable` declarations so that the variables are not in scope or explicitly omit them:
  omit [Fintype F] [DecidableEq I] [Fintype J] [DecidableEq J] in theorem ...
note: this linter can be disabled with `set_option linter.unusedSectionVars false`
source/FinalResidual.lean:58:0: warning: automatically included section variable(s) unused in theorem 'ProgressivePool.virtualPass_height':
  [Field F]
  [Fintype F]
  [DecidableEq F]
  [Fintype I]
  [DecidableEq I]
  [Fintype J]
  [DecidableEq J]
consider restructuring your `variable` declarations so that the variables are not in scope or explicitly omit them:
  omit [Field F] [Fintype F] [DecidableEq F] [Fintype I] [DecidableEq I] [Fintype J] [DecidableEq J] in theorem ...
note: this linter can be disabled with `set_option linter.unusedSectionVars false`
'ProgressivePool.final_zero_le_spoils' depends on axioms: [propext, Classical.choice, Quot.sound]

EXIT_CODE=0
ELAPSED_SECONDS=1.615
PEAK_RSS_KIB=1595124
LIMIT_REASON=None
