source/IncrementalPreparation.lean:36:0: warning: automatically included section variable(s) unused in theorem 'ProgressivePool.IncrementalPreparation.step_multiplications':
  [Fintype J]
  [Fintype I]
  [Fintype M]
consider restructuring your `variable` declarations so that the variables are not in scope or explicitly omit them:
  omit [Fintype J] [Fintype I] [Fintype M] in theorem ...
note: this linter can be disabled with `set_option linter.unusedSectionVars false`
source/IncrementalPreparation.lean:40:0: warning: automatically included section variable(s) unused in theorem 'ProgressivePool.IncrementalPreparation.step_designated_coefficient':
  [Fintype J]
  [Fintype I]
  [Fintype M]
consider restructuring your `variable` declarations so that the variables are not in scope or explicitly omit them:
  omit [Fintype J] [Fintype I] [Fintype M] in theorem ...
note: this linter can be disabled with `set_option linter.unusedSectionVars false`
source/IncrementalPreparation.lean:45:0: warning: automatically included section variable(s) unused in theorem 'ProgressivePool.IncrementalPreparation.step_other_coefficient':
  [Fintype J]
  [Fintype I]
  [Fintype M]
consider restructuring your `variable` declarations so that the variables are not in scope or explicitly omit them:
  omit [Fintype J] [Fintype I] [Fintype M] in theorem ...
note: this linter can be disabled with `set_option linter.unusedSectionVars false`
source/IncrementalPreparation.lean:50:0: warning: automatically included section variable(s) unused in theorem 'ProgressivePool.IncrementalPreparation.runTasks_multiplications':
  [Fintype J]
  [Fintype I]
  [Fintype M]
consider restructuring your `variable` declarations so that the variables are not in scope or explicitly omit them:
  omit [Fintype J] [Fintype I] [Fintype M] in theorem ...
note: this linter can be disabled with `set_option linter.unusedSectionVars false`
source/IncrementalPreparation.lean:61:0: warning: automatically included section variable(s) unused in theorem 'ProgressivePool.IncrementalPreparation.runTasks_value':
  [Fintype J]
  [Fintype I]
  [Fintype M]
consider restructuring your `variable` declarations so that the variables are not in scope or explicitly omit them:
  omit [Fintype J] [Fintype I] [Fintype M] in theorem ...
note: this linter can be disabled with `set_option linter.unusedSectionVars false`
source/IncrementalPreparation.lean:75:0: warning: automatically included section variable(s) unused in theorem 'ProgressivePool.IncrementalPreparation.runTasks_append':
  [Fintype J]
  [Fintype I]
  [Fintype M]
consider restructuring your `variable` declarations so that the variables are not in scope or explicitly omit them:
  omit [Fintype J] [Fintype I] [Fintype M] in theorem ...
note: this linter can be disabled with `set_option linter.unusedSectionVars false`
'ProgressivePool.IncrementalPreparation.runTasks_value' depends on axioms: [propext, Classical.choice, Quot.sound]
'ProgressivePool.IncrementalPreparation.complete_storedRow' depends on axioms: [propext, Classical.choice, Quot.sound]
'ProgressivePool.IncrementalPreparation.runChunks_eq_prefix' depends on axioms: [propext, Classical.choice, Quot.sound]
'ProgressivePool.IncrementalPreparation.scheduled_preparation_correct' depends on axioms: [propext,
 Classical.choice,
 Quot.sound]
'ProgressivePool.IncrementalPreparation.ledger_matches_preparation' depends on axioms: [propext,
 Classical.choice,
 Quot.sound]

EXIT_CODE=0
ELAPSED_SECONDS=2.366
PEAK_RSS_KIB=1609288
LIMIT_REASON=None
