source/OperationalSignatureEndpoint.lean:55:0: warning: automatically included section variable(s) unused in theorem 'ProgressivePool.OperationalSignatureEndpoint.rawRun_pack':
  [Fintype F]
consider restructuring your `variable` declarations so that the variables are not in scope or explicitly omit them:
  omit [Fintype F] in theorem ...
note: this linter can be disabled with `set_option linter.unusedSectionVars false`
source/OperationalSignatureEndpoint.lean:90:0: warning: automatically included section variable(s) unused in theorem 'ProgressivePool.OperationalSignatureEndpoint.source_active':
  [Fintype F]
consider restructuring your `variable` declarations so that the variables are not in scope or explicitly omit them:
  omit [Fintype F] in theorem ...
note: this linter can be disabled with `set_option linter.unusedSectionVars false`
source/OperationalSignatureEndpoint.lean:174:8: warning: automatically included section variable(s) unused in theorem 'ProgressivePool.OperationalSignatureEndpoint.sources_length':
  [Fintype F]
consider restructuring your `variable` declarations so that the variables are not in scope or explicitly omit them:
  omit [Fintype F] in theorem ...
note: this linter can be disabled with `set_option linter.unusedSectionVars false`
source/OperationalSignatureEndpoint.lean:181:0: warning: automatically included section variable(s) unused in theorem 'ProgressivePool.OperationalSignatureEndpoint.sources_depth':
  [Fintype F]
consider restructuring your `variable` declarations so that the variables are not in scope or explicitly omit them:
  omit [Fintype F] in theorem ...
note: this linter can be disabled with `set_option linter.unusedSectionVars false`
'ProgressivePool.OperationalSignatureEndpoint.machine_refines' depends on axioms: [propext,
 Classical.choice,
 Quot.sound]
'ProgressivePool.OperationalSignatureEndpoint.source_active' depends on axioms: [propext, Classical.choice, Quot.sound]
'ProgressivePool.OperationalSignatureEndpoint.source_zeros' depends on axioms: [propext, Classical.choice, Quot.sound]
'ProgressivePool.OperationalSignatureEndpoint.machine_zeros' depends on axioms: [propext, Classical.choice, Quot.sound]
'ProgressivePool.OperationalSignatureEndpoint.machine_mass_eq' depends on axioms: [propext,
 Classical.choice,
 Quot.sound]
'ProgressivePool.OperationalSignatureEndpoint.operational_signature_bound' depends on axioms: [propext,
 Classical.choice,
 Quot.sound]

EXIT_CODE=0
ELAPSED_SECONDS=3.020
PEAK_RSS_KIB=1632132
LIMIT_REASON=None
