{"module": "UniformRow", "exit_code": 0, "elapsed_seconds": 1.3597601910005324, "peak_rss_kib": 1516648, "limit_reason": null}
{"module": "RowExclusions", "exit_code": 0, "elapsed_seconds": 1.46047150400409, "peak_rss_kib": 1566488, "limit_reason": null}
{"module": "AdaptiveTranscript", "exit_code": 0, "elapsed_seconds": 1.3094049829960568, "peak_rss_kib": 1574204, "limit_reason": null}
{"module": "FirstSpoilCounting", "exit_code": 0, "elapsed_seconds": 1.2085213019890944, "peak_rss_kib": 1573864, "limit_reason": null}
{"module": "FieldTranscript", "exit_code": 0, "elapsed_seconds": 1.7112517719942844, "peak_rss_kib": 1576656, "limit_reason": null}
{"module": "ProductCells", "exit_code": 0, "elapsed_seconds": 1.1581563969957642, "peak_rss_kib": 1559776, "limit_reason": null}
{"module": "ActualConditionalBound", "exit_code": 0, "elapsed_seconds": 1.309801839001011, "peak_rss_kib": 1566052, "limit_reason": null}
{"module": "HistoryCells", "exit_code": 0, "elapsed_seconds": 1.3599626450013602, "peak_rss_kib": 1579692, "limit_reason": null}
{"module": "AdaptiveTail", "exit_code": 0, "elapsed_seconds": 1.361073520994978, "peak_rss_kib": 1227596, "limit_reason": null}
{"module": "ConcreteAdaptiveTail", "exit_code": 0, "elapsed_seconds": 2.065520819000085, "peak_rss_kib": 1582024, "limit_reason": null}
{"module": "SpoiledRows", "exit_code": 0, "elapsed_seconds": 2.9690704160020687, "peak_rss_kib": 1595964, "limit_reason": null}
{"module": "FinalResidual", "exit_code": 0, "elapsed_seconds": 1.6154860560054658, "peak_rss_kib": 1595124, "limit_reason": null}
{"module": "FreshSampling", "exit_code": 0, "elapsed_seconds": 3.472395125994808, "peak_rss_kib": 1369620, "limit_reason": null}
{"module": "FreshSamplingJoint", "exit_code": 0, "elapsed_seconds": 1.411843330002739, "peak_rss_kib": 1339364, "limit_reason": null}
{"module": "UniformPoolEndpoint", "exit_code": 0, "elapsed_seconds": 2.4164483150088927, "peak_rss_kib": 1581152, "limit_reason": null}
{"module": "EpochComposition", "exit_code": 0, "elapsed_seconds": 2.71800945000723, "peak_rss_kib": 1376000, "limit_reason": null}
{"module": "EpochPrefix", "exit_code": 0, "elapsed_seconds": 1.3100183679925976, "peak_rss_kib": 1354468, "limit_reason": null}
{"module": "ConcreteEpochs", "exit_code": 0, "elapsed_seconds": 1.6111423649999779, "peak_rss_kib": 1579820, "limit_reason": null}
{"module": "EpochFreshEndpoint", "exit_code": 0, "elapsed_seconds": 1.7660610070015537, "peak_rss_kib": 1581816, "limit_reason": null}
{"module": "EpochFreshJoint", "exit_code": 0, "elapsed_seconds": 1.4636434580024797, "peak_rss_kib": 1568644, "limit_reason": null}
{"module": "StoredRows", "exit_code": 0, "elapsed_seconds": 1.359764542998164, "peak_rss_kib": 1510472, "limit_reason": null}
{"module": "SignatureCompiler", "exit_code": 0, "elapsed_seconds": 1.7629988530097762, "peak_rss_kib": 1585232, "limit_reason": null}
{"module": "BaseSecurityTerm", "exit_code": 0, "elapsed_seconds": 7.045338020005147, "peak_rss_kib": 1587776, "limit_reason": null}
{"module": "GlobalSignatureCompiler", "exit_code": 0, "elapsed_seconds": 1.9633642379922094, "peak_rss_kib": 1591840, "limit_reason": null}
{"module": "CostAndConfidence", "exit_code": 0, "elapsed_seconds": 2.367078531999141, "peak_rss_kib": 1449348, "limit_reason": null}
{"module": "InvocationBudget", "exit_code": 0, "elapsed_seconds": 1.2095858169923304, "peak_rss_kib": 1580892, "limit_reason": null}
{"module": "IncrementalPreparation", "exit_code": 0, "elapsed_seconds": 2.3657537499966566, "peak_rss_kib": 1609288, "limit_reason": null}
{"module": "IndexedPreparation", "exit_code": 0, "elapsed_seconds": 2.0659755770029733, "peak_rss_kib": 1600296, "limit_reason": null}
{"module": "BufferedExecution", "exit_code": 0, "elapsed_seconds": 1.3614891320030438, "peak_rss_kib": 1582100, "limit_reason": null}
{"module": "OperationalCost", "exit_code": 0, "elapsed_seconds": 1.4103786469931947, "peak_rss_kib": 1577220, "limit_reason": null}
{"module": "CursorBufferedExecution", "exit_code": 0, "elapsed_seconds": 1.2589356750104344, "peak_rss_kib": 1581084, "limit_reason": null}
{"module": "ParameterCertificate", "exit_code": 0, "elapsed_seconds": 1.0074700390105136, "peak_rss_kib": 1302088, "limit_reason": null}
{"module": "StoredCheckExecution", "exit_code": 0, "elapsed_seconds": 2.72090269200271, "peak_rss_kib": 1605096, "limit_reason": null}
{"module": "StoredBufferedExecution", "exit_code": 0, "elapsed_seconds": 2.0160217649972765, "peak_rss_kib": 1639044, "limit_reason": null}
{"module": "MultiEpochExecution", "exit_code": 0, "elapsed_seconds": 1.5106325540109538, "peak_rss_kib": 1588056, "limit_reason": null}
{"module": "MultiEpochCost", "exit_code": 0, "elapsed_seconds": 1.5605324450007174, "peak_rss_kib": 1587596, "limit_reason": null}
{"module": "OperationalSignatureEndpoint", "exit_code": 0, "elapsed_seconds": 3.0204774080048082, "peak_rss_kib": 1632132, "limit_reason": null}
{"module": "StoppingEpochExecution", "exit_code": 0, "elapsed_seconds": 2.57317860898911, "peak_rss_kib": 1636880, "limit_reason": null}
{"module": "TraceErasure", "exit_code": 0, "elapsed_seconds": 2.266847606995725, "peak_rss_kib": 1617960, "limit_reason": null}
{"module": "GlobalSignatureJoint", "exit_code": 0, "elapsed_seconds": 1.4607218120072503, "peak_rss_kib": 1568880, "limit_reason": null}
{"module": "FinalStoredInvocation", "exit_code": 0, "elapsed_seconds": 1.8146421199926408, "peak_rss_kib": 1610500, "limit_reason": null}
{"module": "StoppedSignatureEndpoint", "exit_code": 0, "elapsed_seconds": 3.172269514994696, "peak_rss_kib": 1630412, "limit_reason": null}
{"module": "CompletedStoppedInvocation", "exit_code": 0, "elapsed_seconds": 2.5676596550038084, "peak_rss_kib": 1616824, "limit_reason": null}
{"module": "RandomTapeAveraging", "exit_code": 0, "elapsed_seconds": 1.2095893859950593, "peak_rss_kib": 1564768, "limit_reason": null}
{"module": "RandomizedStoppedEndpoint", "exit_code": 0, "elapsed_seconds": 1.2595310990000144, "peak_rss_kib": 1572744, "limit_reason": null}
{"module": "PrimeDivisorBlocks0", "exit_code": 0, "elapsed_seconds": 4.384654494002461, "peak_rss_kib": 1361384, "limit_reason": null}
{"module": "PrimeDivisorBlocks1", "exit_code": 0, "elapsed_seconds": 4.4295931450033095, "peak_rss_kib": 1360356, "limit_reason": null}
{"module": "PrimeDivisorBlocks2", "exit_code": 0, "elapsed_seconds": 4.380119883004227, "peak_rss_kib": 1357176, "limit_reason": null}
{"module": "PrimeDivisorBlocks3", "exit_code": 0, "elapsed_seconds": 4.132771821998176, "peak_rss_kib": 1356608, "limit_reason": null}
{"module": "PrimeDivisorBlocks4", "exit_code": 0, "elapsed_seconds": 4.076182381002582, "peak_rss_kib": 1363600, "limit_reason": null}
{"module": "PrimeDivisorBlocks5", "exit_code": 0, "elapsed_seconds": 4.028035249997629, "peak_rss_kib": 1368416, "limit_reason": null}
{"module": "PrimeDivisorBlocks6", "exit_code": 0, "elapsed_seconds": 4.3795671530097025, "peak_rss_kib": 1361700, "limit_reason": null}
{"module": "PrimeDivisorBlocks7", "exit_code": 0, "elapsed_seconds": 4.281567760001053, "peak_rss_kib": 1360488, "limit_reason": null}
{"module": "PrimeCertificate", "exit_code": 0, "elapsed_seconds": 1.4618140389939072, "peak_rss_kib": 1363480, "limit_reason": null}
{"module": "CertifiedField", "exit_code": 0, "elapsed_seconds": 1.0586278930131812, "peak_rss_kib": 1505228, "limit_reason": null}
{"module": "CertifiedParameters", "exit_code": 0, "elapsed_seconds": 1.5610829689976526, "peak_rss_kib": 1531704, "limit_reason": null}
{"module": "FiniteForgerySplit", "exit_code": 0, "elapsed_seconds": 1.8137017830013065, "peak_rss_kib": 1346184, "limit_reason": null}
{"module": "StoppedForgerySplit", "exit_code": 0, "elapsed_seconds": 1.7630068770085927, "peak_rss_kib": 1578780, "limit_reason": null}
{"module": "VerifiedCompiler", "exit_code": 0, "elapsed_seconds": 1.8136367379920557, "peak_rss_kib": 1596156, "limit_reason": null}
{"module": "FinalTraceErasure", "exit_code": 0, "elapsed_seconds": 2.5175355690007564, "peak_rss_kib": 1635168, "limit_reason": null}
{"module": "VerifierInterface", "exit_code": 0, "elapsed_seconds": 1.2590858110052068, "peak_rss_kib": 1598056, "limit_reason": null}
{"module": "RandomizedFinalJoint", "exit_code": 0, "elapsed_seconds": 1.4107964480062947, "peak_rss_kib": 1598540, "limit_reason": null}
{"module": "StoppedSourceBound", "exit_code": 0, "elapsed_seconds": 1.6613392930012196, "peak_rss_kib": 1595760, "limit_reason": null}
{"module": "EpochResourceBounds", "exit_code": 0, "elapsed_seconds": 2.013486625000951, "peak_rss_kib": 1616632, "limit_reason": null}
{"module": "OperationalEarlyTradeoff", "exit_code": 0, "elapsed_seconds": 1.109090390993515, "peak_rss_kib": 1573520, "limit_reason": null}
{"module": "MatchedEarlyCertificates", "exit_code": 0, "elapsed_seconds": 1.2100616590032587, "peak_rss_kib": 1395372, "limit_reason": null}
{"module": "CompilerBundle", "exit_code": 0, "elapsed_seconds": 1.1624590249994071, "peak_rss_kib": 1578408, "limit_reason": null}
{"module": "AuditAxioms", "exit_code": 0, "elapsed_seconds": 25.661744491007994, "peak_rss_kib": 1624740, "limit_reason": null}
