UniformRow.lean: OK
RowExclusions.lean: OK
AdaptiveTranscript.lean: OK
FirstSpoilCounting.lean: OK
FieldTranscript.lean: OK
ProductCells.lean: OK
ActualConditionalBound.lean: OK
HistoryCells.lean: OK
AdaptiveTail.lean: OK
ConcreteAdaptiveTail.lean: OK
SpoiledRows.lean: OK
FinalResidual.lean: OK
FreshSampling.lean: OK
FreshSamplingJoint.lean: OK
UniformPoolEndpoint.lean: OK
EpochComposition.lean: OK
EpochPrefix.lean: OK
ConcreteEpochs.lean: OK
EpochFreshEndpoint.lean: OK
EpochFreshJoint.lean: OK
StoredRows.lean: OK
SignatureCompiler.lean: OK
BaseSecurityTerm.lean: OK
GlobalSignatureCompiler.lean: OK
CostAndConfidence.lean: OK
InvocationBudget.lean: OK
IncrementalPreparation.lean: OK
IndexedPreparation.lean: OK
BufferedExecution.lean: OK
OperationalCost.lean: OK
CursorBufferedExecution.lean: OK
ParameterCertificate.lean: OK
StoredCheckExecution.lean: OK
StoredBufferedExecution.lean: OK
MultiEpochExecution.lean: OK
MultiEpochCost.lean: OK
OperationalSignatureEndpoint.lean: OK
StoppingEpochExecution.lean: OK
TraceErasure.lean: OK
GlobalSignatureJoint.lean: OK
FinalStoredInvocation.lean: OK
StoppedSignatureEndpoint.lean: OK
CompletedStoppedInvocation.lean: OK
RandomTapeAveraging.lean: OK
RandomizedStoppedEndpoint.lean: OK
PrimeDivisorBlocks0.lean: OK
PrimeDivisorBlocks1.lean: OK
PrimeDivisorBlocks2.lean: OK
PrimeDivisorBlocks3.lean: OK
PrimeDivisorBlocks4.lean: OK
PrimeDivisorBlocks5.lean: OK
PrimeDivisorBlocks6.lean: OK
PrimeDivisorBlocks7.lean: OK
PrimeCertificate.lean: OK
CertifiedField.lean: OK
CertifiedParameters.lean: OK
FiniteForgerySplit.lean: OK
StoppedForgerySplit.lean: OK
VerifiedCompiler.lean: OK
FinalTraceErasure.lean: OK
VerifierInterface.lean: OK
RandomizedFinalJoint.lean: OK
StoppedSourceBound.lean: OK
EpochResourceBounds.lean: OK
OperationalEarlyTradeoff.lean: OK
MatchedEarlyCertificates.lean: OK
CompilerBundle.lean: OK
modules-v2.txt: OK
check.sh: OK
build-all-v2.sh: OK
README-v2.md: OK
STATUS.md: OK
