CHECK FastWalsh
PASS FastWalsh 1.31s 475.7MiB
CHECK Extension
PASS Extension 0.30s 367.4MiB
CHECK Quadratic
PASS Quadratic 0.40s 420.1MiB
CHECK InputCombination
PASS InputCombination 0.30s 416.1MiB
CHECK QuadraticWalshShift
PASS QuadraticWalshShift 1.91s 488.9MiB
CHECK ZeroSum
PASS ZeroSum 0.30s 415.8MiB
CHECK OutputExtension
PASS OutputExtension 0.40s 413.5MiB
CHECK Definitions
PASS Definitions 0.60s 444.0MiB
CHECK Data.C000
PASS Data.C000 0.20s 370.7MiB
CHECK Inputs.C000
PASS Inputs.C000 1.00s 430.3MiB
CHECK Certificates.C000
PASS Certificates.C000 0.30s 408.1MiB
TARGET_COMPLETE Certificates.C000
CHECK Data.C001
PASS Data.C001 0.40s 403.4MiB
CHECK Basis.B0
PASS Basis.B0 0.50s 443.2MiB
CHECK Basis.B0_00
PASS Basis.B0_00 1.71s 521.9MiB
CHECK Basis.B0_01
PASS Basis.B0_01 1.71s 526.2MiB
CHECK Basis.B0_02
PASS Basis.B0_02 1.61s 522.5MiB
CHECK Basis.B0_03
PASS Basis.B0_03 1.81s 526.5MiB
CHECK Basis.B0_04
PASS Basis.B0_04 1.61s 521.3MiB
CHECK Basis.B0_05
PASS Basis.B0_05 1.71s 526.1MiB
CHECK Basis.B0_06
PASS Basis.B0_06 1.61s 521.7MiB
CHECK Basis.B0_07
PASS Basis.B0_07 1.71s 526.4MiB
CHECK Basis.B0_08
PASS Basis.B0_08 1.61s 521.3MiB
CHECK Basis.B0_09
PASS Basis.B0_09 1.61s 526.9MiB
CHECK Basis.B0_10
PASS Basis.B0_10 1.71s 521.3MiB
CHECK Basis.B0_11
PASS Basis.B0_11 1.71s 526.8MiB
CHECK Basis.B0_12
PASS Basis.B0_12 1.71s 521.3MiB
CHECK Basis.B0_13
PASS Basis.B0_13 1.81s 525.8MiB
CHECK Basis.B0_14
PASS Basis.B0_14 1.91s 521.8MiB
CHECK Basis.B0_15
PASS Basis.B0_15 1.81s 525.6MiB
CHECK Inputs.C001
PASS Inputs.C001 0.90s 449.8MiB
CHECK Certificates.C001
PASS Certificates.C001 4.82s 776.4MiB
TARGET_COMPLETE Certificates.C001
CHECK Data.C002
PASS Data.C002 0.40s 403.8MiB
CHECK Basis.B1
PASS Basis.B1 0.40s 408.1MiB
CHECK Basis.B1_00
PASS Basis.B1_00 1.91s 534.2MiB
CHECK Basis.B1_01
PASS Basis.B1_01 1.81s 537.1MiB
CHECK Basis.B1_02
PASS Basis.B1_02 1.91s 535.0MiB
CHECK Basis.B1_03
PASS Basis.B1_03 1.91s 537.2MiB
CHECK Basis.B1_04
PASS Basis.B1_04 1.81s 534.2MiB
CHECK Basis.B1_05
PASS Basis.B1_05 1.81s 536.9MiB
CHECK Basis.B1_06
PASS Basis.B1_06 1.81s 534.2MiB
CHECK Basis.B1_07
PASS Basis.B1_07 1.81s 536.9MiB
CHECK Basis.B1_08
PASS Basis.B1_08 1.91s 534.7MiB
CHECK Basis.B1_09
PASS Basis.B1_09 1.91s 536.5MiB
CHECK Basis.B1_10
PASS Basis.B1_10 1.81s 534.6MiB
CHECK Basis.B1_11
PASS Basis.B1_11 1.81s 536.7MiB
CHECK Basis.B1_12
PASS Basis.B1_12 1.81s 534.6MiB
CHECK Basis.B1_13
PASS Basis.B1_13 2.11s 537.0MiB
CHECK Basis.B1_14
PASS Basis.B1_14 1.91s 534.1MiB
CHECK Basis.B1_15
PASS Basis.B1_15 1.81s 537.6MiB
CHECK Inputs.C002
PASS Inputs.C002 0.90s 449.5MiB
CHECK Certificates.C002
PASS Certificates.C002 4.82s 775.4MiB
TARGET_COMPLETE Certificates.C002
CHECK Data.C003
PASS Data.C003 0.60s 412.3MiB
CHECK Inputs.C003
PASS Inputs.C003 2.61s 418.0MiB
CHECK Certificates.C003
PASS Certificates.C003 4.42s 771.6MiB
TARGET_COMPLETE Certificates.C003
CHECK Data.C004
PASS Data.C004 0.30s 398.8MiB
CHECK Basis.B2
PASS Basis.B2 0.40s 408.7MiB
CHECK Basis.B2_00
PASS Basis.B2_00 1.10s 470.8MiB
CHECK Basis.B2_01
PASS Basis.B2_01 1.10s 471.1MiB
CHECK Basis.B2_02
PASS Basis.B2_02 1.10s 470.7MiB
CHECK Basis.B2_03
PASS Basis.B2_03 1.10s 470.9MiB
CHECK Basis.B2_04
PASS Basis.B2_04 1.10s 470.9MiB
CHECK Basis.B2_05
PASS Basis.B2_05 1.10s 470.8MiB
CHECK Basis.B2_06
PASS Basis.B2_06 1.00s 472.1MiB
CHECK Basis.B2_07
PASS Basis.B2_07 1.10s 470.8MiB
CHECK Basis.B2_08
PASS Basis.B2_08 1.10s 471.5MiB
CHECK Basis.B2_09
PASS Basis.B2_09 1.10s 470.4MiB
CHECK Basis.B2_10
PASS Basis.B2_10 1.11s 470.3MiB
CHECK Basis.B2_11
PASS Basis.B2_11 1.11s 471.3MiB
CHECK Basis.B2_12
PASS Basis.B2_12 1.11s 471.3MiB
CHECK Basis.B2_13
PASS Basis.B2_13 1.20s 470.9MiB
CHECK Basis.B2_14
PASS Basis.B2_14 1.10s 470.9MiB
CHECK Basis.B2_15
PASS Basis.B2_15 1.10s 472.1MiB
CHECK Inputs.C004
PASS Inputs.C004 1.00s 450.3MiB
CHECK Certificates.C004
PASS Certificates.C004 0.30s 406.2MiB
TARGET_COMPLETE Certificates.C004
CHECK Data.C005
PASS Data.C005 0.40s 403.8MiB
CHECK Inputs.C005
PASS Inputs.C005 2.61s 411.7MiB
CHECK Certificates.C005
PASS Certificates.C005 4.92s 786.8MiB
TARGET_COMPLETE Certificates.C005
CHECK Data.C006
PASS Data.C006 0.40s 403.6MiB
CHECK Inputs.C006
PASS Inputs.C006 1.41s 409.3MiB
CHECK Certificates.C006
PASS Certificates.C006 4.82s 786.9MiB
TARGET_COMPLETE Certificates.C006
CHECK Data.C007
PASS Data.C007 0.60s 412.4MiB
CHECK Inputs.C007
PASS Inputs.C007 2.61s 419.2MiB
CHECK Certificates.C007
PASS Certificates.C007 4.82s 785.7MiB
TARGET_COMPLETE Certificates.C007
CHECK Data.C008
PASS Data.C008 0.30s 369.9MiB
CHECK Basis.B3
PASS Basis.B3 0.40s 408.1MiB
CHECK Basis.B3_00
PASS Basis.B3_00 1.21s 473.2MiB
CHECK Basis.B3_01
PASS Basis.B3_01 1.10s 471.8MiB
CHECK Basis.B3_02
PASS Basis.B3_02 1.10s 473.1MiB
CHECK Basis.B3_03
PASS Basis.B3_03 1.10s 472.8MiB
CHECK Basis.B3_04
PASS Basis.B3_04 1.10s 473.1MiB
CHECK Basis.B3_05
PASS Basis.B3_05 1.10s 473.6MiB
CHECK Basis.B3_06
PASS Basis.B3_06 1.11s 472.8MiB
CHECK Basis.B3_07
PASS Basis.B3_07 1.10s 473.3MiB
CHECK Basis.B3_08
PASS Basis.B3_08 1.20s 477.2MiB
CHECK Basis.B3_09
PASS Basis.B3_09 1.21s 473.4MiB
CHECK Basis.B3_10
PASS Basis.B3_10 1.10s 472.9MiB
CHECK Basis.B3_11
PASS Basis.B3_11 1.10s 472.8MiB
CHECK Basis.B3_12
PASS Basis.B3_12 1.10s 472.6MiB
CHECK Basis.B3_13
PASS Basis.B3_13 1.10s 473.0MiB
CHECK Basis.B3_14
PASS Basis.B3_14 1.11s 473.9MiB
CHECK Basis.B3_15
PASS Basis.B3_15 1.10s 474.0MiB
CHECK Inputs.C008
PASS Inputs.C008 0.90s 449.3MiB
CHECK Certificates.C008
PASS Certificates.C008 0.30s 408.6MiB
TARGET_COMPLETE Certificates.C008
CHECK Data.C009
PASS Data.C009 0.40s 404.0MiB
CHECK Inputs.C009
PASS Inputs.C009 1.91s 404.7MiB
CHECK Certificates.C009
PASS Certificates.C009 4.62s 786.5MiB
TARGET_COMPLETE Certificates.C009
CHECK Data.C010
PASS Data.C010 0.40s 404.6MiB
CHECK Inputs.C010
PASS Inputs.C010 1.91s 408.7MiB
CHECK Certificates.C010
PASS Certificates.C010 4.92s 787.0MiB
TARGET_COMPLETE Certificates.C010
CHECK Data.C011
PASS Data.C011 0.60s 412.1MiB
CHECK Inputs.C011
PASS Inputs.C011 2.71s 418.7MiB
CHECK Certificates.C011
PASS Certificates.C011 4.92s 783.7MiB
TARGET_COMPLETE Certificates.C011
CHECK Data.C012
PASS Data.C012 0.60s 423.2MiB
CHECK Inputs.C012
PASS Inputs.C012 1.00s 406.8MiB
CHECK Certificates.C012
PASS Certificates.C012 4.41s 770.3MiB
TARGET_COMPLETE Certificates.C012
CHECK Data.C013
PASS Data.C013 0.60s 410.1MiB
CHECK Inputs.C013
PASS Inputs.C013 2.81s 418.9MiB
CHECK Certificates.C013
PASS Certificates.C013 0.40s 405.8MiB
TARGET_COMPLETE Certificates.C013
CHECK Data.C014
PASS Data.C014 0.50s 410.1MiB
CHECK Inputs.C014
PASS Inputs.C014 2.51s 414.5MiB
CHECK Certificates.C014
PASS Certificates.C014 0.40s 406.4MiB
TARGET_COMPLETE Certificates.C014
CHECK Data.C015
PASS Data.C015 0.30s 398.9MiB
CHECK Inputs.C015
PASS Inputs.C015 2.51s 418.0MiB
CHECK Certificates.C015
PASS Certificates.C015 0.30s 410.1MiB
TARGET_COMPLETE Certificates.C015
CHECK Data.C016
PASS Data.C016 0.60s 414.5MiB
CHECK Basis.B4
PASS Basis.B4 0.50s 451.0MiB
CHECK Basis.B4_00
PASS Basis.B4_00 2.01s 539.2MiB
CHECK Basis.B4_01
PASS Basis.B4_01 1.81s 538.9MiB
CHECK Basis.B4_02
PASS Basis.B4_02 1.91s 538.8MiB
CHECK Basis.B4_03
PASS Basis.B4_03 1.91s 538.8MiB
CHECK Basis.B4_04
PASS Basis.B4_04 1.91s 539.6MiB
CHECK Basis.B4_05
PASS Basis.B4_05 2.01s 539.3MiB
CHECK Basis.B4_06
PASS Basis.B4_06 1.91s 538.7MiB
CHECK Basis.B4_07
PASS Basis.B4_07 2.01s 538.7MiB
CHECK Basis.B4_08
PASS Basis.B4_08 1.91s 539.2MiB
CHECK Basis.B4_09
PASS Basis.B4_09 1.91s 539.5MiB
CHECK Basis.B4_10
PASS Basis.B4_10 2.01s 538.7MiB
CHECK Basis.B4_11
PASS Basis.B4_11 2.01s 538.8MiB
CHECK Basis.B4_12
PASS Basis.B4_12 1.91s 539.2MiB
CHECK Basis.B4_13
PASS Basis.B4_13 2.01s 538.7MiB
CHECK Basis.B4_14
PASS Basis.B4_14 1.91s 538.7MiB
CHECK Basis.B4_15
PASS Basis.B4_15 2.01s 539.9MiB
CHECK Inputs.C016
PASS Inputs.C016 0.90s 449.6MiB
CHECK Certificates.C016
PASS Certificates.C016 4.72s 788.1MiB
TARGET_COMPLETE Certificates.C016
CHECK Data.C017
PASS Data.C017 0.60s 412.2MiB
CHECK Inputs.C017
PASS Inputs.C017 2.41s 405.2MiB
CHECK Certificates.C017
PASS Certificates.C017 5.42s 821.0MiB
TARGET_COMPLETE Certificates.C017
CHECK Data.C018
PASS Data.C018 0.60s 411.2MiB
CHECK Inputs.C018
PASS Inputs.C018 2.81s 417.9MiB
CHECK Certificates.C018
PASS Certificates.C018 5.42s 820.6MiB
TARGET_COMPLETE Certificates.C018
CHECK Data.C019
PASS Data.C019 0.60s 412.5MiB
CHECK Inputs.C019
PASS Inputs.C019 2.81s 421.4MiB
CHECK Certificates.C019
PASS Certificates.C019 5.12s 815.0MiB
TARGET_COMPLETE Certificates.C019
CHECK Data.C020
PASS Data.C020 0.60s 410.2MiB
CHECK Inputs.C020
PASS Inputs.C020 2.71s 416.2MiB
CHECK Certificates.C020
PASS Certificates.C020 5.22s 800.0MiB
TARGET_COMPLETE Certificates.C020
CHECK Data.C021
PASS Data.C021 0.60s 412.5MiB
CHECK Inputs.C021
PASS Inputs.C021 2.61s 415.0MiB
CHECK Certificates.C021
PASS Certificates.C021 5.92s 830.6MiB
TARGET_COMPLETE Certificates.C021
CHECK Data.C022
PASS Data.C022 0.70s 410.3MiB
CHECK Inputs.C022
PASS Inputs.C022 2.81s 421.5MiB
CHECK Certificates.C022
PASS Certificates.C022 5.32s 830.1MiB
TARGET_COMPLETE Certificates.C022
CHECK Data.C023
PASS Data.C023 0.60s 412.2MiB
CHECK Inputs.C023
PASS Inputs.C023 2.81s 422.8MiB
CHECK Certificates.C023
PASS Certificates.C023 5.52s 825.3MiB
TARGET_COMPLETE Certificates.C023
CHECK Data.C024
PASS Data.C024 0.60s 412.2MiB
CHECK Inputs.C024
PASS Inputs.C024 1.91s 404.8MiB
CHECK Certificates.C024
PASS Certificates.C024 4.82s 799.4MiB
TARGET_COMPLETE Certificates.C024
CHECK Data.C025
PASS Data.C025 0.60s 414.2MiB
CHECK Inputs.C025
PASS Inputs.C025 2.51s 408.7MiB
CHECK Certificates.C025
PASS Certificates.C025 5.62s 829.6MiB
TARGET_COMPLETE Certificates.C025
CHECK Data.C026
PASS Data.C026 0.60s 423.2MiB
CHECK Inputs.C026
PASS Inputs.C026 2.71s 421.4MiB
CHECK Certificates.C026
PASS Certificates.C026 5.32s 830.0MiB
TARGET_COMPLETE Certificates.C026
CHECK Data.C027
PASS Data.C027 0.60s 412.3MiB
CHECK Inputs.C027
PASS Inputs.C027 2.71s 418.1MiB
CHECK Certificates.C027
PASS Certificates.C027 5.22s 824.7MiB
TARGET_COMPLETE Certificates.C027
CHECK Data.C028
PASS Data.C028 0.60s 412.8MiB
CHECK Inputs.C028
PASS Inputs.C028 2.61s 417.2MiB
CHECK Certificates.C028
PASS Certificates.C028 5.02s 814.8MiB
TARGET_COMPLETE Certificates.C028
CHECK Data.C029
PASS Data.C029 0.60s 412.3MiB
CHECK Inputs.C029
PASS Inputs.C029 2.51s 418.8MiB
CHECK Certificates.C029
PASS Certificates.C029 5.52s 844.1MiB
TARGET_COMPLETE Certificates.C029
CHECK Data.C030
PASS Data.C030 0.60s 412.9MiB
CHECK Inputs.C030
PASS Inputs.C030 2.71s 422.5MiB
CHECK Certificates.C030
PASS Certificates.C030 5.52s 843.7MiB
TARGET_COMPLETE Certificates.C030
CHECK Data.C031
PASS Data.C031 0.60s 412.6MiB
CHECK Inputs.C031
PASS Inputs.C031 2.61s 423.4MiB
CHECK Certificates.C031
PASS Certificates.C031 5.42s 836.0MiB
TARGET_COMPLETE Certificates.C031
CHECK Data.C032
PASS Data.C032 0.30s 399.8MiB
CHECK Basis.B5
PASS Basis.B5 0.40s 407.1MiB
CHECK Basis.B5_00
PASS Basis.B5_00 1.71s 516.9MiB
CHECK Basis.B5_01
PASS Basis.B5_01 1.71s 525.6MiB
CHECK Basis.B5_02
PASS Basis.B5_02 1.71s 517.4MiB
CHECK Basis.B5_03
PASS Basis.B5_03 1.71s 526.1MiB
CHECK Basis.B5_04
PASS Basis.B5_04 1.51s 517.0MiB
CHECK Basis.B5_05
PASS Basis.B5_05 1.71s 525.7MiB
CHECK Basis.B5_06
PASS Basis.B5_06 1.61s 517.1MiB
CHECK Basis.B5_07
PASS Basis.B5_07 1.71s 526.1MiB
CHECK Basis.B5_08
PASS Basis.B5_08 1.61s 518.1MiB
CHECK Basis.B5_09
PASS Basis.B5_09 1.71s 526.4MiB
CHECK Basis.B5_10
PASS Basis.B5_10 1.61s 517.5MiB
CHECK Basis.B5_11
PASS Basis.B5_11 1.71s 525.5MiB
CHECK Basis.B5_12
PASS Basis.B5_12 1.61s 517.0MiB
CHECK Basis.B5_13
PASS Basis.B5_13 1.81s 526.1MiB
CHECK Basis.B5_14
PASS Basis.B5_14 1.81s 517.0MiB
CHECK Basis.B5_15
PASS Basis.B5_15 1.91s 525.6MiB
CHECK Inputs.C032
PASS Inputs.C032 0.90s 449.2MiB
CHECK Certificates.C032
PASS Certificates.C032 4.42s 771.7MiB
TARGET_COMPLETE Certificates.C032
CHECK Data.C033
PASS Data.C033 0.40s 403.5MiB
CHECK Inputs.C033
PASS Inputs.C033 2.81s 413.4MiB
CHECK Certificates.C033
PASS Certificates.C033 5.12s 801.1MiB
TARGET_COMPLETE Certificates.C033
CHECK Data.C034
PASS Data.C034 0.40s 404.5MiB
CHECK Inputs.C034
PASS Inputs.C034 1.91s 406.3MiB
CHECK Certificates.C034
PASS Certificates.C034 5.02s 800.3MiB
TARGET_COMPLETE Certificates.C034
CHECK Data.C035
PASS Data.C035 0.60s 411.2MiB
CHECK Inputs.C035
PASS Inputs.C035 2.61s 418.8MiB
CHECK Certificates.C035
PASS Certificates.C035 4.92s 798.6MiB
TARGET_COMPLETE Certificates.C035
CHECK Data.C036
PASS Data.C036 0.40s 404.1MiB
CHECK Inputs.C036
PASS Inputs.C036 1.31s 407.0MiB
CHECK Certificates.C036
PASS Certificates.C036 4.61s 784.7MiB
TARGET_COMPLETE Certificates.C036
CHECK Data.C037
PASS Data.C037 0.40s 404.2MiB
CHECK Inputs.C037
PASS Inputs.C037 2.81s 418.8MiB
CHECK Certificates.C037
PASS Certificates.C037 5.82s 815.0MiB
TARGET_COMPLETE Certificates.C037
CHECK Data.C038
PASS Data.C038 0.50s 406.3MiB
CHECK Inputs.C038
PASS Inputs.C038 1.91s 410.6MiB
CHECK Certificates.C038
PASS Certificates.C038 5.22s 814.2MiB
TARGET_COMPLETE Certificates.C038
CHECK Data.C039
PASS Data.C039 0.60s 410.3MiB
CHECK Inputs.C039
PASS Inputs.C039 2.71s 430.0MiB
CHECK Certificates.C039
PASS Certificates.C039 5.12s 811.9MiB
TARGET_COMPLETE Certificates.C039
CHECK Data.C040
PASS Data.C040 0.40s 409.3MiB
CHECK Inputs.C040
PASS Inputs.C040 1.81s 401.6MiB
CHECK Certificates.C040
PASS Certificates.C040 4.82s 783.3MiB
TARGET_COMPLETE Certificates.C040
CHECK Data.C041
PASS Data.C041 0.40s 406.4MiB
CHECK Inputs.C041
PASS Inputs.C041 2.71s 417.5MiB
CHECK Certificates.C041
PASS Certificates.C041 5.12s 815.3MiB
TARGET_COMPLETE Certificates.C041
CHECK Data.C042
PASS Data.C042 0.40s 404.2MiB
CHECK Inputs.C042
PASS Inputs.C042 2.51s 405.7MiB
CHECK Certificates.C042
PASS Certificates.C042 5.02s 815.0MiB
TARGET_COMPLETE Certificates.C042
CHECK Data.C043
PASS Data.C043 0.60s 410.2MiB
CHECK Inputs.C043
PASS Inputs.C043 2.71s 418.0MiB
CHECK Certificates.C043
PASS Certificates.C043 4.92s 811.8MiB
TARGET_COMPLETE Certificates.C043
CHECK Data.C044
PASS Data.C044 0.60s 410.3MiB
CHECK Inputs.C044
PASS Inputs.C044 2.51s 413.3MiB
CHECK Certificates.C044
PASS Certificates.C044 5.02s 797.1MiB
TARGET_COMPLETE Certificates.C044
CHECK Data.C045
PASS Data.C045 0.60s 412.2MiB
CHECK Inputs.C045
PASS Inputs.C045 2.51s 419.8MiB
CHECK Certificates.C045
PASS Certificates.C045 5.72s 828.6MiB
TARGET_COMPLETE Certificates.C045
CHECK Data.C046
PASS Data.C046 0.60s 413.1MiB
CHECK Inputs.C046
PASS Inputs.C046 2.71s 420.6MiB
CHECK Certificates.C046
PASS Certificates.C046 5.42s 828.4MiB
TARGET_COMPLETE Certificates.C046
CHECK Data.C047
PASS Data.C047 0.40s 406.6MiB
CHECK Inputs.C047
PASS Inputs.C047 2.71s 420.7MiB
CHECK Certificates.C047
PASS Certificates.C047 5.32s 823.3MiB
TARGET_COMPLETE Certificates.C047
CHECK Data.C048
PASS Data.C048 0.60s 415.0MiB
CHECK Inputs.C048
PASS Inputs.C048 2.81s 420.2MiB
CHECK Certificates.C048
PASS Certificates.C048 4.92s 791.1MiB
TARGET_COMPLETE Certificates.C048
CHECK Data.C049
PASS Data.C049 0.61s 412.8MiB
CHECK Inputs.C049
PASS Inputs.C049 2.51s 417.8MiB
CHECK Certificates.C049
PASS Certificates.C049 5.52s 823.2MiB
TARGET_COMPLETE Certificates.C049
CHECK Data.C050
PASS Data.C050 0.60s 410.7MiB
CHECK Inputs.C050
PASS Inputs.C050 2.81s 419.7MiB
CHECK Certificates.C050
PASS Certificates.C050 5.32s 824.3MiB
TARGET_COMPLETE Certificates.C050
CHECK Data.C051
PASS Data.C051 0.60s 412.2MiB
CHECK Inputs.C051
PASS Inputs.C051 2.61s 417.3MiB
CHECK Certificates.C051
PASS Certificates.C051 5.22s 817.1MiB
TARGET_COMPLETE Certificates.C051
CHECK Data.C052
PASS Data.C052 0.60s 412.5MiB
CHECK Inputs.C052
PASS Inputs.C052 1.41s 414.9MiB
CHECK Certificates.C052
PASS Certificates.C052 5.12s 802.4MiB
TARGET_COMPLETE Certificates.C052
CHECK Data.C053
PASS Data.C053 0.60s 410.8MiB
CHECK Inputs.C053
PASS Inputs.C053 2.51s 422.6MiB
CHECK Certificates.C053
PASS Certificates.C053 5.32s 835.1MiB
TARGET_COMPLETE Certificates.C053
CHECK Data.C054
PASS Data.C054 0.60s 422.7MiB
CHECK Inputs.C054
PASS Inputs.C054 2.51s 420.7MiB
CHECK Certificates.C054
PASS Certificates.C054 5.62s 832.1MiB
TARGET_COMPLETE Certificates.C054
CHECK Data.C055
PASS Data.C055 0.60s 412.8MiB
CHECK Inputs.C055
PASS Inputs.C055 2.61s 422.2MiB
CHECK Certificates.C055
PASS Certificates.C055 5.42s 828.3MiB
TARGET_COMPLETE Certificates.C055
CHECK Data.C056
PASS Data.C056 0.60s 412.2MiB
CHECK Inputs.C056
PASS Inputs.C056 1.51s 411.8MiB
CHECK Certificates.C056
PASS Certificates.C056 5.52s 803.2MiB
TARGET_COMPLETE Certificates.C056
CHECK Data.C057
PASS Data.C057 0.60s 412.0MiB
CHECK Inputs.C057
PASS Inputs.C057 2.81s 416.8MiB
CHECK Certificates.C057
PASS Certificates.C057 6.32s 831.5MiB
TARGET_COMPLETE Certificates.C057
CHECK Data.C058
PASS Data.C058 0.60s 410.4MiB
CHECK Inputs.C058
PASS Inputs.C058 2.91s 424.9MiB
CHECK Certificates.C058
PASS Certificates.C058 5.92s 833.8MiB
TARGET_COMPLETE Certificates.C058
CHECK Data.C059
PASS Data.C059 0.60s 413.2MiB
CHECK Inputs.C059
PASS Inputs.C059 2.81s 422.1MiB
CHECK Certificates.C059
PASS Certificates.C059 5.52s 828.2MiB
TARGET_COMPLETE Certificates.C059
CHECK Data.C060
PASS Data.C060 0.60s 413.1MiB
CHECK Inputs.C060
PASS Inputs.C060 1.31s 413.7MiB
CHECK Certificates.C060
PASS Certificates.C060 5.22s 815.9MiB
TARGET_COMPLETE Certificates.C060
CHECK Data.C061
PASS Data.C061 0.60s 410.7MiB
CHECK Inputs.C061
PASS Inputs.C061 2.71s 421.8MiB
CHECK Certificates.C061
PASS Certificates.C061 5.82s 844.9MiB
TARGET_COMPLETE Certificates.C061
CHECK Data.C062
PASS Data.C062 0.60s 412.2MiB
CHECK Inputs.C062
PASS Inputs.C062 2.61s 421.2MiB
CHECK Certificates.C062
PASS Certificates.C062 5.62s 845.2MiB
TARGET_COMPLETE Certificates.C062
CHECK Data.C063
PASS Data.C063 0.60s 412.2MiB
CHECK Inputs.C063
PASS Inputs.C063 2.71s 423.0MiB
CHECK Certificates.C063
PASS Certificates.C063 5.82s 837.8MiB
TARGET_COMPLETE Certificates.C063
CHECK Data.C064
PASS Data.C064 0.60s 413.2MiB
CHECK Basis.B6
PASS Basis.B6 0.50s 450.5MiB
CHECK Basis.B6_00
PASS Basis.B6_00 1.91s 535.0MiB
CHECK Basis.B6_01
PASS Basis.B6_01 1.91s 534.3MiB
CHECK Basis.B6_02
PASS Basis.B6_02 1.81s 534.6MiB
CHECK Basis.B6_03
PASS Basis.B6_03 1.91s 534.3MiB
CHECK Basis.B6_04
PASS Basis.B6_04 2.01s 534.8MiB
CHECK Basis.B6_05
PASS Basis.B6_05 2.01s 534.4MiB
CHECK Basis.B6_06
PASS Basis.B6_06 1.91s 534.7MiB
CHECK Basis.B6_07
PASS Basis.B6_07 1.91s 534.9MiB
CHECK Basis.B6_08
PASS Basis.B6_08 1.81s 534.8MiB
CHECK Basis.B6_09
PASS Basis.B6_09 1.71s 534.3MiB
CHECK Basis.B6_10
PASS Basis.B6_10 1.91s 534.2MiB
CHECK Basis.B6_11
PASS Basis.B6_11 1.91s 535.5MiB
CHECK Basis.B6_12
PASS Basis.B6_12 1.91s 534.7MiB
CHECK Basis.B6_13
PASS Basis.B6_13 1.91s 535.0MiB
CHECK Basis.B6_14
PASS Basis.B6_14 1.81s 534.9MiB
CHECK Basis.B6_15
PASS Basis.B6_15 1.81s 534.4MiB
CHECK Inputs.C064
PASS Inputs.C064 0.90s 450.5MiB
CHECK Certificates.C064
PASS Certificates.C064 4.62s 783.1MiB
TARGET_COMPLETE Certificates.C064
CHECK Data.C065
PASS Data.C065 0.60s 420.8MiB
CHECK Inputs.C065
PASS Inputs.C065 2.61s 418.8MiB
CHECK Certificates.C065
PASS Certificates.C065 5.22s 811.9MiB
TARGET_COMPLETE Certificates.C065
CHECK Data.C066
PASS Data.C066 0.60s 421.6MiB
CHECK Inputs.C066
PASS Inputs.C066 2.51s 415.3MiB
CHECK Certificates.C066
PASS Certificates.C066 5.02s 811.9MiB
TARGET_COMPLETE Certificates.C066
CHECK Data.C067
PASS Data.C067 0.60s 412.4MiB
CHECK Inputs.C067
PASS Inputs.C067 2.71s 421.3MiB
CHECK Certificates.C067
PASS Certificates.C067 5.22s 807.4MiB
TARGET_COMPLETE Certificates.C067
CHECK Data.C068
PASS Data.C068 0.60s 412.4MiB
CHECK Inputs.C068
PASS Inputs.C068 1.31s 407.6MiB
CHECK Certificates.C068
PASS Certificates.C068 4.52s 781.1MiB
TARGET_COMPLETE Certificates.C068
CHECK Data.C069
PASS Data.C069 0.60s 412.8MiB
CHECK Inputs.C069
PASS Inputs.C069 2.61s 421.9MiB
CHECK Certificates.C069
PASS Certificates.C069 5.22s 814.2MiB
TARGET_COMPLETE Certificates.C069
CHECK Data.C070
PASS Data.C070 0.60s 412.2MiB
CHECK Inputs.C070
PASS Inputs.C070 2.51s 421.4MiB
CHECK Certificates.C070
PASS Certificates.C070 5.12s 814.3MiB
TARGET_COMPLETE Certificates.C070
CHECK Data.C071
PASS Data.C071 0.60s 412.4MiB
CHECK Inputs.C071
PASS Inputs.C071 2.51s 422.0MiB
CHECK Certificates.C071
PASS Certificates.C071 5.02s 807.9MiB
TARGET_COMPLETE Certificates.C071
CHECK Data.C072
PASS Data.C072 0.50s 411.1MiB
CHECK Inputs.C072
PASS Inputs.C072 1.51s 409.4MiB
CHECK Certificates.C072
PASS Certificates.C072 4.62s 780.6MiB
TARGET_COMPLETE Certificates.C072
CHECK Data.C073
PASS Data.C073 0.60s 410.5MiB
CHECK Inputs.C073
PASS Inputs.C073 2.61s 417.6MiB
CHECK Certificates.C073
PASS Certificates.C073 5.02s 814.8MiB
TARGET_COMPLETE Certificates.C073
CHECK Data.C074
PASS Data.C074 0.60s 412.4MiB
CHECK Inputs.C074
PASS Inputs.C074 2.71s 417.6MiB
CHECK Certificates.C074
PASS Certificates.C074 5.12s 814.8MiB
TARGET_COMPLETE Certificates.C074
CHECK Data.C075
PASS Data.C075 0.60s 414.5MiB
CHECK Inputs.C075
PASS Inputs.C075 2.71s 420.3MiB
CHECK Certificates.C075
PASS Certificates.C075 5.12s 808.4MiB
TARGET_COMPLETE Certificates.C075
CHECK Data.C076
PASS Data.C076 0.60s 422.1MiB
CHECK Inputs.C076
PASS Inputs.C076 1.31s 406.2MiB
CHECK Certificates.C076
PASS Certificates.C076 4.82s 782.8MiB
TARGET_COMPLETE Certificates.C076
CHECK Data.C077
PASS Data.C077 0.60s 412.4MiB
CHECK Inputs.C077
PASS Inputs.C077 2.61s 418.6MiB
CHECK Certificates.C077
PASS Certificates.C077 5.02s 811.8MiB
TARGET_COMPLETE Certificates.C077
CHECK Data.C078
PASS Data.C078 0.60s 410.0MiB
CHECK Inputs.C078
PASS Inputs.C078 2.61s 416.0MiB
CHECK Certificates.C078
PASS Certificates.C078 4.92s 811.7MiB
TARGET_COMPLETE Certificates.C078
CHECK Data.C079
PASS Data.C079 0.60s 412.8MiB
CHECK Inputs.C079
PASS Inputs.C079 2.61s 426.1MiB
CHECK Certificates.C079
PASS Certificates.C079 4.92s 804.9MiB
TARGET_COMPLETE Certificates.C079
CHECK Data.C080
PASS Data.C080 0.61s 423.2MiB
CHECK Inputs.C080
PASS Inputs.C080 2.51s 416.4MiB
CHECK Certificates.C080
PASS Certificates.C080 5.32s 824.4MiB
TARGET_COMPLETE Certificates.C080
CHECK Data.C081
PASS Data.C081 0.40s 405.4MiB
CHECK Inputs.C081
PASS Inputs.C081 2.61s 419.4MiB
CHECK Certificates.C081
PASS Certificates.C081 5.52s 854.1MiB
TARGET_COMPLETE Certificates.C081
CHECK Data.C082
PASS Data.C082 0.40s 406.5MiB
CHECK Inputs.C082
PASS Inputs.C082 2.71s 419.7MiB
CHECK Certificates.C082
PASS Certificates.C082 5.72s 854.5MiB
TARGET_COMPLETE Certificates.C082
CHECK Data.C083
PASS Data.C083 0.60s 412.2MiB
CHECK Inputs.C083
PASS Inputs.C083 2.71s 420.6MiB
CHECK Certificates.C083
PASS Certificates.C083 5.92s 847.7MiB
TARGET_COMPLETE Certificates.C083
CHECK Data.C084
PASS Data.C084 0.60s 412.6MiB
CHECK Inputs.C084
PASS Inputs.C084 2.61s 419.9MiB
CHECK Certificates.C084
PASS Certificates.C084 5.32s 823.4MiB
TARGET_COMPLETE Certificates.C084
CHECK Data.C085
PASS Data.C085 0.60s 411.1MiB
CHECK Inputs.C085
PASS Inputs.C085 2.81s 423.2MiB
CHECK Certificates.C085
PASS Certificates.C085 5.92s 854.8MiB
TARGET_COMPLETE Certificates.C085
CHECK Data.C086
PASS Data.C086 0.60s 412.5MiB
CHECK Inputs.C086
PASS Inputs.C086 2.51s 421.2MiB
CHECK Certificates.C086
PASS Certificates.C086 5.72s 854.7MiB
TARGET_COMPLETE Certificates.C086
CHECK Data.C087
PASS Data.C087 0.60s 412.4MiB
CHECK Inputs.C087
PASS Inputs.C087 2.71s 423.8MiB
CHECK Certificates.C087
PASS Certificates.C087 5.82s 845.2MiB
TARGET_COMPLETE Certificates.C087
CHECK Data.C088
PASS Data.C088 0.60s 412.2MiB
CHECK Inputs.C088
PASS Inputs.C088 1.91s 411.4MiB
CHECK Certificates.C088
PASS Certificates.C088 5.22s 823.2MiB
TARGET_COMPLETE Certificates.C088
CHECK Data.C089
PASS Data.C089 0.70s 410.3MiB
CHECK Inputs.C089
PASS Inputs.C089 2.81s 423.4MiB
CHECK Certificates.C089
PASS Certificates.C089 6.02s 855.0MiB
TARGET_COMPLETE Certificates.C089
CHECK Data.C090
PASS Data.C090 0.60s 412.4MiB
CHECK Inputs.C090
PASS Inputs.C090 2.61s 421.4MiB
CHECK Certificates.C090
PASS Certificates.C090 5.72s 855.3MiB
TARGET_COMPLETE Certificates.C090
CHECK Data.C091
PASS Data.C091 0.60s 413.2MiB
CHECK Inputs.C091
PASS Inputs.C091 2.61s 426.1MiB
CHECK Certificates.C091
PASS Certificates.C091 5.62s 845.8MiB
TARGET_COMPLETE Certificates.C091
CHECK Data.C092
PASS Data.C092 0.60s 410.1MiB
CHECK Inputs.C092
PASS Inputs.C092 2.81s 421.1MiB
CHECK Certificates.C092
PASS Certificates.C092 5.22s 822.2MiB
TARGET_COMPLETE Certificates.C092
CHECK Data.C093
PASS Data.C093 0.60s 410.4MiB
CHECK Inputs.C093
PASS Inputs.C093 2.71s 424.8MiB
CHECK Certificates.C093
PASS Certificates.C093 6.02s 851.9MiB
TARGET_COMPLETE Certificates.C093
CHECK Data.C094
PASS Data.C094 0.60s 412.6MiB
CHECK Inputs.C094
PASS Inputs.C094 2.81s 423.9MiB
CHECK Certificates.C094
PASS Certificates.C094 5.82s 853.7MiB
TARGET_COMPLETE Certificates.C094
CHECK Data.C095
PASS Data.C095 0.60s 412.1MiB
CHECK Inputs.C095
PASS Inputs.C095 2.61s 423.9MiB
CHECK Certificates.C095
PASS Certificates.C095 5.62s 847.4MiB
TARGET_COMPLETE Certificates.C095
CHECK Data.C096
PASS Data.C096 0.60s 414.9MiB
CHECK Inputs.C096
PASS Inputs.C096 2.71s 415.9MiB
CHECK Certificates.C096
PASS Certificates.C096 5.12s 812.4MiB
TARGET_COMPLETE Certificates.C096
CHECK Data.C097
PASS Data.C097 0.60s 410.9MiB
CHECK Inputs.C097
PASS Inputs.C097 2.71s 421.9MiB
CHECK Certificates.C097
PASS Certificates.C097 5.72s 840.7MiB
TARGET_COMPLETE Certificates.C097
CHECK Data.C098
PASS Data.C098 0.60s 421.0MiB
CHECK Inputs.C098
PASS Inputs.C098 2.61s 418.1MiB
CHECK Certificates.C098
PASS Certificates.C098 5.62s 839.9MiB
TARGET_COMPLETE Certificates.C098
CHECK Data.C099
PASS Data.C099 0.60s 413.1MiB
CHECK Inputs.C099
PASS Inputs.C099 2.71s 423.0MiB
CHECK Certificates.C099
PASS Certificates.C099 5.72s 831.4MiB
TARGET_COMPLETE Certificates.C099
CHECK Data.C100
PASS Data.C100 0.60s 412.8MiB
CHECK Inputs.C100
PASS Inputs.C100 2.51s 417.2MiB
CHECK Certificates.C100
PASS Certificates.C100 5.02s 808.9MiB
TARGET_COMPLETE Certificates.C100
CHECK Data.C101
PASS Data.C101 0.60s 410.7MiB
CHECK Inputs.C101
PASS Inputs.C101 2.71s 423.5MiB
CHECK Certificates.C101
PASS Certificates.C101 5.72s 840.1MiB
TARGET_COMPLETE Certificates.C101
CHECK Data.C102
PASS Data.C102 0.60s 410.0MiB
CHECK Inputs.C102
PASS Inputs.C102 2.61s 416.8MiB
CHECK Certificates.C102
PASS Certificates.C102 5.42s 840.7MiB
TARGET_COMPLETE Certificates.C102
CHECK Data.C103
PASS Data.C103 0.60s 420.2MiB
CHECK Inputs.C103
PASS Inputs.C103 2.81s 429.1MiB
CHECK Certificates.C103
PASS Certificates.C103 5.32s 832.4MiB
TARGET_COMPLETE Certificates.C103
CHECK Data.C104
PASS Data.C104 0.60s 415.0MiB
CHECK Inputs.C104
PASS Inputs.C104 2.01s 416.4MiB
CHECK Certificates.C104
PASS Certificates.C104 4.82s 808.9MiB
TARGET_COMPLETE Certificates.C104
CHECK Data.C105
PASS Data.C105 0.60s 412.8MiB
CHECK Inputs.C105
PASS Inputs.C105 2.71s 422.6MiB
CHECK Certificates.C105
PASS Certificates.C105 5.82s 840.1MiB
TARGET_COMPLETE Certificates.C105
CHECK Data.C106
PASS Data.C106 0.71s 412.5MiB
CHECK Inputs.C106
PASS Inputs.C106 2.81s 422.3MiB
CHECK Certificates.C106
PASS Certificates.C106 5.92s 840.7MiB
TARGET_COMPLETE Certificates.C106
CHECK Data.C107
PASS Data.C107 0.60s 412.4MiB
CHECK Inputs.C107
PASS Inputs.C107 2.81s 422.3MiB
CHECK Certificates.C107
PASS Certificates.C107 5.42s 832.9MiB
TARGET_COMPLETE Certificates.C107
CHECK Data.C108
PASS Data.C108 0.60s 412.8MiB
CHECK Inputs.C108
PASS Inputs.C108 2.51s 411.9MiB
CHECK Certificates.C108
PASS Certificates.C108 5.22s 809.0MiB
TARGET_COMPLETE Certificates.C108
CHECK Data.C109
PASS Data.C109 0.60s 410.7MiB
CHECK Inputs.C109
PASS Inputs.C109 2.81s 423.6MiB
CHECK Certificates.C109
PASS Certificates.C109 5.72s 839.2MiB
TARGET_COMPLETE Certificates.C109
CHECK Data.C110
PASS Data.C110 0.60s 410.1MiB
CHECK Inputs.C110
PASS Inputs.C110 2.61s 423.3MiB
CHECK Certificates.C110
PASS Certificates.C110 5.82s 839.6MiB
TARGET_COMPLETE Certificates.C110
CHECK Data.C111
PASS Data.C111 0.70s 412.2MiB
CHECK Inputs.C111
PASS Inputs.C111 2.91s 426.0MiB
CHECK Certificates.C111
PASS Certificates.C111 5.52s 831.6MiB
TARGET_COMPLETE Certificates.C111
CHECK Data.C112
PASS Data.C112 0.60s 410.1MiB
CHECK Inputs.C112
PASS Inputs.C112 2.71s 426.9MiB
CHECK Certificates.C112
PASS Certificates.C112 5.32s 825.8MiB
TARGET_COMPLETE Certificates.C112
CHECK Data.C113
PASS Data.C113 0.50s 405.8MiB
CHECK Inputs.C113
PASS Inputs.C113 2.81s 423.6MiB
CHECK Certificates.C113
PASS Certificates.C113 5.62s 855.8MiB
TARGET_COMPLETE Certificates.C113
CHECK Data.C114
PASS Data.C114 0.50s 406.6MiB
CHECK Inputs.C114
PASS Inputs.C114 2.71s 420.3MiB
CHECK Certificates.C114
PASS Certificates.C114 5.92s 855.8MiB
TARGET_COMPLETE Certificates.C114
CHECK Data.C115
PASS Data.C115 0.60s 410.7MiB
CHECK Inputs.C115
PASS Inputs.C115 2.81s 419.5MiB
CHECK Certificates.C115
PASS Certificates.C115 5.62s 847.6MiB
TARGET_COMPLETE Certificates.C115
CHECK Data.C116
PASS Data.C116 0.60s 413.1MiB
CHECK Inputs.C116
PASS Inputs.C116 1.31s 414.4MiB
CHECK Certificates.C116
PASS Certificates.C116 5.12s 824.6MiB
TARGET_COMPLETE Certificates.C116
CHECK Data.C117
PASS Data.C117 0.60s 412.1MiB
CHECK Inputs.C117
PASS Inputs.C117 2.71s 426.4MiB
CHECK Certificates.C117
PASS Certificates.C117 5.72s 858.3MiB
TARGET_COMPLETE Certificates.C117
CHECK Data.C118
PASS Data.C118 0.60s 416.4MiB
CHECK Inputs.C118
PASS Inputs.C118 2.71s 426.5MiB
CHECK Certificates.C118
PASS Certificates.C118 5.82s 859.1MiB
TARGET_COMPLETE Certificates.C118
CHECK Data.C119
PASS Data.C119 0.60s 410.0MiB
CHECK Inputs.C119
PASS Inputs.C119 2.61s 421.3MiB
CHECK Certificates.C119
PASS Certificates.C119 5.62s 849.2MiB
TARGET_COMPLETE Certificates.C119
CHECK Data.C120
PASS Data.C120 0.60s 413.1MiB
CHECK Inputs.C120
PASS Inputs.C120 1.51s 414.4MiB
CHECK Certificates.C120
PASS Certificates.C120 5.32s 824.4MiB
TARGET_COMPLETE Certificates.C120
CHECK Data.C121
PASS Data.C121 0.60s 410.5MiB
CHECK Inputs.C121
PASS Inputs.C121 2.71s 424.4MiB
CHECK Certificates.C121
PASS Certificates.C121 6.02s 858.4MiB
TARGET_COMPLETE Certificates.C121
CHECK Data.C122
PASS Data.C122 0.60s 411.9MiB
CHECK Inputs.C122
PASS Inputs.C122 2.61s 425.1MiB
CHECK Certificates.C122
PASS Certificates.C122 5.82s 858.3MiB
TARGET_COMPLETE Certificates.C122
CHECK Data.C123
PASS Data.C123 0.60s 413.1MiB
CHECK Inputs.C123
PASS Inputs.C123 2.71s 423.3MiB
CHECK Certificates.C123
PASS Certificates.C123 5.82s 849.2MiB
TARGET_COMPLETE Certificates.C123
CHECK Data.C124
PASS Data.C124 0.60s 413.1MiB
CHECK Inputs.C124
PASS Inputs.C124 1.41s 418.2MiB
CHECK Certificates.C124
PASS Certificates.C124 5.32s 826.0MiB
TARGET_COMPLETE Certificates.C124
CHECK Data.C125
PASS Data.C125 0.60s 410.0MiB
CHECK Inputs.C125
PASS Inputs.C125 2.71s 424.1MiB
CHECK Certificates.C125
PASS Certificates.C125 6.12s 857.3MiB
TARGET_COMPLETE Certificates.C125
CHECK Data.C126
PASS Data.C126 0.61s 410.4MiB
CHECK Inputs.C126
PASS Inputs.C126 2.61s 425.2MiB
CHECK Certificates.C126
PASS Certificates.C126 5.62s 856.9MiB
TARGET_COMPLETE Certificates.C126
CHECK Data.C127
PASS Data.C127 0.60s 412.2MiB
CHECK Inputs.C127
PASS Inputs.C127 2.61s 427.2MiB
CHECK Certificates.C127
PASS Certificates.C127 5.52s 848.9MiB
TARGET_COMPLETE Certificates.C127
CHECK Data.C128
PASS Data.C128 0.60s 410.6MiB
CHECK Basis.B7
PASS Basis.B7 0.50s 452.5MiB
CHECK Basis.B7_00
PASS Basis.B7_00 2.21s 558.8MiB
CHECK Basis.B7_01
PASS Basis.B7_01 2.11s 558.7MiB
CHECK Basis.B7_02
PASS Basis.B7_02 2.11s 558.9MiB
CHECK Basis.B7_03
PASS Basis.B7_03 2.21s 558.9MiB
CHECK Basis.B7_04
PASS Basis.B7_04 2.21s 558.0MiB
CHECK Basis.B7_05
PASS Basis.B7_05 2.21s 558.0MiB
CHECK Basis.B7_06
PASS Basis.B7_06 2.61s 558.0MiB
CHECK Basis.B7_07
PASS Basis.B7_07 2.21s 558.1MiB
CHECK Basis.B7_08
PASS Basis.B7_08 2.21s 558.1MiB
CHECK Basis.B7_09
PASS Basis.B7_09 2.31s 558.8MiB
CHECK Basis.B7_10
PASS Basis.B7_10 2.21s 558.9MiB
CHECK Basis.B7_11
PASS Basis.B7_11 2.31s 558.9MiB
CHECK Basis.B7_12
PASS Basis.B7_12 2.21s 558.8MiB
CHECK Basis.B7_13
PASS Basis.B7_13 2.21s 558.8MiB
CHECK Basis.B7_14
PASS Basis.B7_14 2.21s 558.6MiB
CHECK Basis.B7_15
PASS Basis.B7_15 2.31s 558.8MiB
CHECK Inputs.C128
PASS Inputs.C128 0.90s 449.8MiB
CHECK Certificates.C128
PASS Certificates.C128 5.12s 798.2MiB
TARGET_COMPLETE Certificates.C128
CHECK Data.C129
PASS Data.C129 0.60s 410.4MiB
CHECK Inputs.C129
PASS Inputs.C129 2.81s 420.7MiB
CHECK Certificates.C129
PASS Certificates.C129 5.22s 814.4MiB
TARGET_COMPLETE Certificates.C129
CHECK Data.C130
PASS Data.C130 0.60s 412.1MiB
CHECK Inputs.C130
PASS Inputs.C130 2.81s 421.6MiB
CHECK Certificates.C130
PASS Certificates.C130 5.32s 814.1MiB
TARGET_COMPLETE Certificates.C130
CHECK Data.C131
PASS Data.C131 0.60s 411.9MiB
CHECK Inputs.C131
PASS Inputs.C131 2.61s 419.7MiB
CHECK Certificates.C131
PASS Certificates.C131 4.62s 798.3MiB
TARGET_COMPLETE Certificates.C131
CHECK Data.C132
PASS Data.C132 0.60s 422.2MiB
CHECK Inputs.C132
PASS Inputs.C132 1.41s 416.1MiB
CHECK Certificates.C132
PASS Certificates.C132 4.82s 797.8MiB
TARGET_COMPLETE Certificates.C132
CHECK Data.C133
PASS Data.C133 0.50s 410.3MiB
CHECK Inputs.C133
PASS Inputs.C133 2.61s 422.3MiB
CHECK Certificates.C133
PASS Certificates.C133 5.12s 816.9MiB
TARGET_COMPLETE Certificates.C133
CHECK Data.C134
PASS Data.C134 0.60s 412.5MiB
CHECK Inputs.C134
PASS Inputs.C134 2.61s 421.2MiB
CHECK Certificates.C134
PASS Certificates.C134 5.02s 817.7MiB
TARGET_COMPLETE Certificates.C134
CHECK Data.C135
PASS Data.C135 0.60s 412.3MiB
CHECK Inputs.C135
PASS Inputs.C135 2.81s 423.5MiB
CHECK Certificates.C135
PASS Certificates.C135 4.82s 796.0MiB
TARGET_COMPLETE Certificates.C135
CHECK Data.C136
PASS Data.C136 0.60s 412.2MiB
CHECK Inputs.C136
PASS Inputs.C136 1.41s 409.7MiB
CHECK Certificates.C136
PASS Certificates.C136 5.02s 809.5MiB
TARGET_COMPLETE Certificates.C136
CHECK Data.C137
PASS Data.C137 0.60s 411.1MiB
CHECK Inputs.C137
PASS Inputs.C137 2.81s 419.1MiB
CHECK Certificates.C137
PASS Certificates.C137 5.72s 828.2MiB
TARGET_COMPLETE Certificates.C137
CHECK Data.C138
PASS Data.C138 0.60s 410.2MiB
CHECK Inputs.C138
PASS Inputs.C138 2.81s 419.3MiB
CHECK Certificates.C138
PASS Certificates.C138 5.92s 827.9MiB
TARGET_COMPLETE Certificates.C138
CHECK Data.C139
PASS Data.C139 0.60s 412.5MiB
CHECK Inputs.C139
PASS Inputs.C139 2.81s 419.2MiB
CHECK Certificates.C139
PASS Certificates.C139 4.92s 809.5MiB
TARGET_COMPLETE Certificates.C139
CHECK Data.C140
PASS Data.C140 0.60s 413.1MiB
CHECK Inputs.C140
PASS Inputs.C140 1.31s 412.6MiB
CHECK Certificates.C140
PASS Certificates.C140 5.12s 808.6MiB
TARGET_COMPLETE Certificates.C140
CHECK Data.C141
PASS Data.C141 0.61s 410.0MiB
CHECK Inputs.C141
PASS Inputs.C141 2.81s 422.6MiB
CHECK Certificates.C141
PASS Certificates.C141 5.42s 827.2MiB
TARGET_COMPLETE Certificates.C141
CHECK Data.C142
PASS Data.C142 0.60s 410.0MiB
CHECK Inputs.C142
PASS Inputs.C142 2.71s 421.4MiB
CHECK Certificates.C142
PASS Certificates.C142 5.42s 827.0MiB
TARGET_COMPLETE Certificates.C142
CHECK Data.C143
PASS Data.C143 0.60s 412.1MiB
CHECK Inputs.C143
PASS Inputs.C143 2.81s 423.8MiB
CHECK Certificates.C143
PASS Certificates.C143 5.22s 809.3MiB
TARGET_COMPLETE Certificates.C143
CHECK Data.C144
PASS Data.C144 0.60s 412.5MiB
CHECK Inputs.C144
PASS Inputs.C144 2.61s 422.3MiB
CHECK Certificates.C144
PASS Certificates.C144 5.22s 827.8MiB
TARGET_COMPLETE Certificates.C144
CHECK Data.C145
PASS Data.C145 0.60s 412.9MiB
CHECK Inputs.C145
PASS Inputs.C145 2.71s 420.3MiB
CHECK Certificates.C145
PASS Certificates.C145 5.62s 845.8MiB
TARGET_COMPLETE Certificates.C145
CHECK Data.C146
PASS Data.C146 0.60s 412.1MiB
CHECK Inputs.C146
PASS Inputs.C146 2.61s 419.6MiB
CHECK Certificates.C146
PASS Certificates.C146 5.62s 846.3MiB
TARGET_COMPLETE Certificates.C146
CHECK Data.C147
PASS Data.C147 0.60s 412.5MiB
CHECK Inputs.C147
PASS Inputs.C147 2.71s 423.4MiB
CHECK Certificates.C147
PASS Certificates.C147 5.12s 824.6MiB
TARGET_COMPLETE Certificates.C147
CHECK Data.C148
PASS Data.C148 0.60s 412.4MiB
CHECK Inputs.C148
PASS Inputs.C148 2.51s 413.4MiB
CHECK Certificates.C148
PASS Certificates.C148 5.32s 825.8MiB
TARGET_COMPLETE Certificates.C148
CHECK Data.C149
PASS Data.C149 0.60s 422.1MiB
CHECK Inputs.C149
PASS Inputs.C149 2.61s 419.8MiB
CHECK Certificates.C149
PASS Certificates.C149 5.62s 845.2MiB
TARGET_COMPLETE Certificates.C149
CHECK Data.C150
PASS Data.C150 0.60s 410.3MiB
CHECK Inputs.C150
PASS Inputs.C150 3.01s 423.0MiB
CHECK Certificates.C150
PASS Certificates.C150 5.92s 844.4MiB
TARGET_COMPLETE Certificates.C150
CHECK Data.C151
PASS Data.C151 0.70s 412.0MiB
CHECK Inputs.C151
PASS Inputs.C151 2.91s 426.6MiB
CHECK Certificates.C151
PASS Certificates.C151 5.83s 826.1MiB
TARGET_COMPLETE Certificates.C151
CHECK Data.C152
PASS Data.C152 0.60s 410.8MiB
CHECK Inputs.C152
PASS Inputs.C152 2.11s 410.8MiB
CHECK Certificates.C152
PASS Certificates.C152 5.62s 836.7MiB
TARGET_COMPLETE Certificates.C152
CHECK Data.C153
PASS Data.C153 0.40s 406.1MiB
CHECK Inputs.C153
PASS Inputs.C153 2.61s 421.0MiB
CHECK Certificates.C153
PASS Certificates.C153 5.72s 855.8MiB
TARGET_COMPLETE Certificates.C153
CHECK Data.C154
PASS Data.C154 0.40s 406.0MiB
CHECK Inputs.C154
PASS Inputs.C154 2.61s 420.8MiB
CHECK Certificates.C154
PASS Certificates.C154 5.82s 854.9MiB
TARGET_COMPLETE Certificates.C154
CHECK Data.C155
PASS Data.C155 0.60s 410.2MiB
CHECK Inputs.C155
PASS Inputs.C155 2.81s 423.9MiB
CHECK Certificates.C155
PASS Certificates.C155 5.42s 836.6MiB
TARGET_COMPLETE Certificates.C155
CHECK Data.C156
PASS Data.C156 0.60s 412.0MiB
CHECK Inputs.C156
PASS Inputs.C156 2.61s 416.7MiB
CHECK Certificates.C156
PASS Certificates.C156 5.32s 838.0MiB
TARGET_COMPLETE Certificates.C156
CHECK Data.C157
PASS Data.C157 0.60s 410.5MiB
CHECK Inputs.C157
PASS Inputs.C157 2.61s 420.5MiB
CHECK Certificates.C157
PASS Certificates.C157 5.82s 858.6MiB
TARGET_COMPLETE Certificates.C157
CHECK Data.C158
PASS Data.C158 0.60s 422.9MiB
CHECK Inputs.C158
PASS Inputs.C158 2.71s 424.2MiB
CHECK Certificates.C158
PASS Certificates.C158 5.92s 858.3MiB
TARGET_COMPLETE Certificates.C158
CHECK Data.C159
PASS Data.C159 0.60s 412.2MiB
CHECK Inputs.C159
PASS Inputs.C159 2.71s 428.1MiB
CHECK Certificates.C159
PASS Certificates.C159 5.22s 833.9MiB
TARGET_COMPLETE Certificates.C159
CHECK Data.C160
PASS Data.C160 0.60s 412.2MiB
CHECK Inputs.C160
PASS Inputs.C160 2.61s 418.9MiB
CHECK Certificates.C160
PASS Certificates.C160 5.22s 824.9MiB
TARGET_COMPLETE Certificates.C160
CHECK Data.C161
PASS Data.C161 0.60s 413.1MiB
CHECK Inputs.C161
PASS Inputs.C161 2.71s 421.9MiB
CHECK Certificates.C161
PASS Certificates.C161 5.72s 846.0MiB
TARGET_COMPLETE Certificates.C161
CHECK Data.C162
PASS Data.C162 0.60s 422.5MiB
CHECK Inputs.C162
PASS Inputs.C162 2.61s 421.3MiB
CHECK Certificates.C162
PASS Certificates.C162 5.62s 844.9MiB
TARGET_COMPLETE Certificates.C162
CHECK Data.C163
PASS Data.C163 0.60s 411.1MiB
CHECK Inputs.C163
PASS Inputs.C163 2.71s 423.1MiB
CHECK Certificates.C163
PASS Certificates.C163 5.32s 824.7MiB
TARGET_COMPLETE Certificates.C163
CHECK Data.C164
PASS Data.C164 0.60s 411.8MiB
CHECK Inputs.C164
PASS Inputs.C164 2.41s 413.0MiB
CHECK Certificates.C164
PASS Certificates.C164 5.42s 826.2MiB
TARGET_COMPLETE Certificates.C164
CHECK Data.C165
PASS Data.C165 0.60s 412.2MiB
CHECK Inputs.C165
PASS Inputs.C165 2.61s 423.7MiB
CHECK Certificates.C165
PASS Certificates.C165 5.52s 844.0MiB
TARGET_COMPLETE Certificates.C165
CHECK Data.C166
PASS Data.C166 0.60s 412.5MiB
CHECK Inputs.C166
PASS Inputs.C166 2.81s 422.9MiB
CHECK Certificates.C166
PASS Certificates.C166 5.62s 843.9MiB
TARGET_COMPLETE Certificates.C166
CHECK Data.C167
PASS Data.C167 0.60s 422.0MiB
CHECK Inputs.C167
PASS Inputs.C167 2.71s 421.4MiB
CHECK Certificates.C167
PASS Certificates.C167 5.12s 826.7MiB
TARGET_COMPLETE Certificates.C167
CHECK Data.C168
PASS Data.C168 0.60s 413.2MiB
CHECK Inputs.C168
PASS Inputs.C168 2.01s 409.1MiB
CHECK Certificates.C168
PASS Certificates.C168 5.52s 836.6MiB
TARGET_COMPLETE Certificates.C168
CHECK Data.C169
PASS Data.C169 0.60s 422.5MiB
CHECK Inputs.C169
PASS Inputs.C169 2.81s 422.6MiB
CHECK Certificates.C169
PASS Certificates.C169 5.92s 857.6MiB
TARGET_COMPLETE Certificates.C169
CHECK Data.C170
PASS Data.C170 0.60s 421.4MiB
CHECK Inputs.C170
PASS Inputs.C170 2.81s 423.1MiB
CHECK Certificates.C170
PASS Certificates.C170 6.12s 857.2MiB
TARGET_COMPLETE Certificates.C170
CHECK Data.C171
PASS Data.C171 0.60s 410.6MiB
CHECK Inputs.C171
PASS Inputs.C171 2.71s 420.4MiB
CHECK Certificates.C171
PASS Certificates.C171 5.42s 836.8MiB
TARGET_COMPLETE Certificates.C171
CHECK Data.C172
PASS Data.C172 0.60s 412.1MiB
CHECK Inputs.C172
PASS Inputs.C172 2.61s 415.9MiB
CHECK Certificates.C172
PASS Certificates.C172 5.42s 837.2MiB
TARGET_COMPLETE Certificates.C172
CHECK Data.C173
PASS Data.C173 0.60s 422.5MiB
CHECK Inputs.C173
PASS Inputs.C173 2.61s 424.1MiB
CHECK Certificates.C173
PASS Certificates.C173 5.62s 858.6MiB
TARGET_COMPLETE Certificates.C173
CHECK Data.C174
PASS Data.C174 0.60s 416.9MiB
CHECK Inputs.C174
PASS Inputs.C174 2.71s 423.7MiB
CHECK Certificates.C174
PASS Certificates.C174 5.52s 858.1MiB
TARGET_COMPLETE Certificates.C174
CHECK Data.C175
PASS Data.C175 0.60s 412.8MiB
CHECK Inputs.C175
PASS Inputs.C175 2.61s 428.1MiB
CHECK Certificates.C175
PASS Certificates.C175 5.32s 833.9MiB
TARGET_COMPLETE Certificates.C175
CHECK Data.C176
PASS Data.C176 0.60s 412.4MiB
CHECK Inputs.C176
PASS Inputs.C176 2.81s 424.5MiB
CHECK Certificates.C176
PASS Certificates.C176 5.32s 828.2MiB
TARGET_COMPLETE Certificates.C176
CHECK Data.C177
PASS Data.C177 0.60s 412.4MiB
CHECK Inputs.C177
PASS Inputs.C177 2.61s 423.1MiB
CHECK Certificates.C177
PASS Certificates.C177 5.72s 846.7MiB
TARGET_COMPLETE Certificates.C177
CHECK Data.C178
PASS Data.C178 0.60s 410.7MiB
CHECK Inputs.C178
PASS Inputs.C178 2.71s 423.8MiB
CHECK Certificates.C178
PASS Certificates.C178 5.62s 846.5MiB
TARGET_COMPLETE Certificates.C178
CHECK Data.C179
PASS Data.C179 0.60s 413.8MiB
CHECK Inputs.C179
PASS Inputs.C179 2.61s 423.1MiB
CHECK Certificates.C179
PASS Certificates.C179 5.52s 827.4MiB
TARGET_COMPLETE Certificates.C179
CHECK Data.C180
PASS Data.C180 0.60s 420.8MiB
CHECK Inputs.C180
PASS Inputs.C180 1.41s 417.8MiB
CHECK Certificates.C180
PASS Certificates.C180 5.42s 827.2MiB
TARGET_COMPLETE Certificates.C180
CHECK Data.C181
PASS Data.C181 0.60s 412.9MiB
CHECK Inputs.C181
PASS Inputs.C181 2.61s 424.9MiB
CHECK Certificates.C181
PASS Certificates.C181 5.62s 846.3MiB
TARGET_COMPLETE Certificates.C181
CHECK Data.C182
PASS Data.C182 0.60s 410.9MiB
CHECK Inputs.C182
PASS Inputs.C182 2.61s 424.5MiB
CHECK Certificates.C182
PASS Certificates.C182 5.52s 845.4MiB
TARGET_COMPLETE Certificates.C182
CHECK Data.C183
PASS Data.C183 0.60s 414.2MiB
CHECK Inputs.C183
PASS Inputs.C183 2.61s 426.5MiB
CHECK Certificates.C183
PASS Certificates.C183 5.02s 825.8MiB
TARGET_COMPLETE Certificates.C183
CHECK Data.C184
PASS Data.C184 0.60s 410.4MiB
CHECK Inputs.C184
PASS Inputs.C184 1.41s 410.1MiB
CHECK Certificates.C184
PASS Certificates.C184 5.62s 840.3MiB
TARGET_COMPLETE Certificates.C184
CHECK Data.C185
PASS Data.C185 0.40s 406.4MiB
CHECK Inputs.C185
PASS Inputs.C185 2.61s 424.6MiB
CHECK Certificates.C185
PASS Certificates.C185 5.72s 859.6MiB
TARGET_COMPLETE Certificates.C185
CHECK Data.C186
PASS Data.C186 0.40s 405.9MiB
CHECK Inputs.C186
PASS Inputs.C186 2.61s 419.9MiB
CHECK Certificates.C186
PASS Certificates.C186 6.13s 858.4MiB
TARGET_COMPLETE Certificates.C186
CHECK Data.C187
PASS Data.C187 0.60s 412.9MiB
CHECK Inputs.C187
PASS Inputs.C187 2.71s 422.9MiB
CHECK Certificates.C187
PASS Certificates.C187 5.62s 838.5MiB
TARGET_COMPLETE Certificates.C187
CHECK Data.C188
PASS Data.C188 0.60s 412.4MiB
CHECK Inputs.C188
PASS Inputs.C188 1.41s 420.7MiB
CHECK Certificates.C188
PASS Certificates.C188 5.42s 838.7MiB
TARGET_COMPLETE Certificates.C188
CHECK Data.C189
PASS Data.C189 0.60s 412.0MiB
CHECK Inputs.C189
PASS Inputs.C189 2.81s 425.8MiB
CHECK Certificates.C189
PASS Certificates.C189 6.02s 859.3MiB
TARGET_COMPLETE Certificates.C189
CHECK Data.C190
PASS Data.C190 0.60s 410.0MiB
CHECK Inputs.C190
PASS Inputs.C190 2.71s 423.9MiB
CHECK Certificates.C190
PASS Certificates.C190 6.12s 859.3MiB
TARGET_COMPLETE Certificates.C190
CHECK Data.C191
PASS Data.C191 0.60s 410.8MiB
CHECK Inputs.C191
PASS Inputs.C191 2.81s 425.7MiB
CHECK Certificates.C191
PASS Certificates.C191 5.72s 839.1MiB
TARGET_COMPLETE Certificates.C191
CHECK Data.C192
PASS Data.C192 0.60s 412.8MiB
CHECK Inputs.C192
PASS Inputs.C192 2.11s 421.4MiB
CHECK Certificates.C192
PASS Certificates.C192 5.12s 802.6MiB
TARGET_COMPLETE Certificates.C192
CHECK Data.C193
PASS Data.C193 0.60s 412.6MiB
CHECK Inputs.C193
PASS Inputs.C193 2.71s 417.1MiB
CHECK Certificates.C193
PASS Certificates.C193 5.42s 821.3MiB
TARGET_COMPLETE Certificates.C193
CHECK Data.C194
PASS Data.C194 0.60s 410.4MiB
CHECK Inputs.C194
PASS Inputs.C194 2.81s 422.6MiB
CHECK Certificates.C194
PASS Certificates.C194 5.22s 821.5MiB
TARGET_COMPLETE Certificates.C194
CHECK Data.C195
PASS Data.C195 0.60s 410.1MiB
CHECK Inputs.C195
PASS Inputs.C195 2.51s 418.7MiB
CHECK Certificates.C195
PASS Certificates.C195 5.12s 799.8MiB
TARGET_COMPLETE Certificates.C195
CHECK Data.C196
PASS Data.C196 0.71s 412.2MiB
CHECK Inputs.C196
PASS Inputs.C196 1.31s 415.4MiB
CHECK Certificates.C196
PASS Certificates.C196 5.12s 814.4MiB
TARGET_COMPLETE Certificates.C196
CHECK Data.C197
PASS Data.C197 0.60s 410.2MiB
CHECK Inputs.C197
PASS Inputs.C197 2.71s 420.6MiB
CHECK Certificates.C197
PASS Certificates.C197 5.72s 830.0MiB
TARGET_COMPLETE Certificates.C197
CHECK Data.C198
PASS Data.C198 0.60s 412.0MiB
CHECK Inputs.C198
PASS Inputs.C198 2.71s 423.2MiB
CHECK Certificates.C198
PASS Certificates.C198 5.42s 830.3MiB
TARGET_COMPLETE Certificates.C198
CHECK Data.C199
PASS Data.C199 0.60s 410.4MiB
CHECK Inputs.C199
PASS Inputs.C199 2.81s 424.4MiB
CHECK Certificates.C199
PASS Certificates.C199 5.02s 811.2MiB
TARGET_COMPLETE Certificates.C199
CHECK Data.C200
PASS Data.C200 0.60s 422.6MiB
CHECK Inputs.C200
PASS Inputs.C200 1.41s 409.2MiB
CHECK Certificates.C200
PASS Certificates.C200 5.02s 800.5MiB
TARGET_COMPLETE Certificates.C200
CHECK Data.C201
PASS Data.C201 0.60s 410.9MiB
CHECK Inputs.C201
PASS Inputs.C201 2.61s 421.3MiB
CHECK Certificates.C201
PASS Certificates.C201 5.12s 818.1MiB
TARGET_COMPLETE Certificates.C201
CHECK Data.C202
PASS Data.C202 0.60s 412.5MiB
CHECK Inputs.C202
PASS Inputs.C202 2.71s 424.3MiB
CHECK Certificates.C202
PASS Certificates.C202 5.42s 818.1MiB
TARGET_COMPLETE Certificates.C202
CHECK Data.C203
PASS Data.C203 0.60s 412.4MiB
CHECK Inputs.C203
PASS Inputs.C203 2.71s 420.4MiB
CHECK Certificates.C203
PASS Certificates.C203 5.02s 801.0MiB
TARGET_COMPLETE Certificates.C203
CHECK Data.C204
PASS Data.C204 0.60s 410.4MiB
CHECK Inputs.C204
PASS Inputs.C204 1.51s 419.5MiB
CHECK Certificates.C204
PASS Certificates.C204 5.12s 813.9MiB
TARGET_COMPLETE Certificates.C204
CHECK Data.C205
PASS Data.C205 0.60s 414.6MiB
CHECK Inputs.C205
PASS Inputs.C205 2.71s 430.5MiB
CHECK Certificates.C205
PASS Certificates.C205 5.42s 830.0MiB
TARGET_COMPLETE Certificates.C205
CHECK Data.C206
PASS Data.C206 0.60s 412.2MiB
CHECK Inputs.C206
PASS Inputs.C206 2.71s 425.4MiB
CHECK Certificates.C206
PASS Certificates.C206 5.32s 829.9MiB
TARGET_COMPLETE Certificates.C206
CHECK Data.C207
PASS Data.C207 0.60s 413.1MiB
CHECK Inputs.C207
PASS Inputs.C207 2.61s 427.7MiB
CHECK Certificates.C207
PASS Certificates.C207 4.92s 810.2MiB
TARGET_COMPLETE Certificates.C207
CHECK Data.C208
PASS Data.C208 0.60s 410.6MiB
CHECK Inputs.C208
PASS Inputs.C208 2.71s 419.9MiB
CHECK Certificates.C208
PASS Certificates.C208 5.22s 828.1MiB
TARGET_COMPLETE Certificates.C208
CHECK Data.C209
PASS Data.C209 0.60s 414.2MiB
CHECK Inputs.C209
PASS Inputs.C209 2.71s 421.0MiB
CHECK Certificates.C209
PASS Certificates.C209 5.42s 846.8MiB
TARGET_COMPLETE Certificates.C209
CHECK Data.C210
PASS Data.C210 0.60s 421.6MiB
CHECK Inputs.C210
PASS Inputs.C210 2.82s 421.3MiB
CHECK Certificates.C210
PASS Certificates.C210 5.52s 846.9MiB
TARGET_COMPLETE Certificates.C210
CHECK Data.C211
PASS Data.C211 0.60s 412.1MiB
CHECK Inputs.C211
PASS Inputs.C211 2.51s 420.3MiB
CHECK Certificates.C211
PASS Certificates.C211 5.32s 827.8MiB
TARGET_COMPLETE Certificates.C211
CHECK Data.C212
PASS Data.C212 0.60s 412.5MiB
CHECK Inputs.C212
PASS Inputs.C212 2.71s 417.1MiB
CHECK Certificates.C212
PASS Certificates.C212 5.52s 840.6MiB
TARGET_COMPLETE Certificates.C212
CHECK Data.C213
PASS Data.C213 0.40s 405.6MiB
CHECK Inputs.C213
PASS Inputs.C213 2.71s 422.7MiB
CHECK Certificates.C213
PASS Certificates.C213 6.02s 858.8MiB
TARGET_COMPLETE Certificates.C213
CHECK Data.C214
PASS Data.C214 0.50s 405.8MiB
CHECK Inputs.C214
PASS Inputs.C214 2.71s 422.5MiB
CHECK Certificates.C214
PASS Certificates.C214 5.72s 858.8MiB
TARGET_COMPLETE Certificates.C214
CHECK Data.C215
PASS Data.C215 0.60s 410.3MiB
CHECK Inputs.C215
PASS Inputs.C215 2.71s 428.2MiB
CHECK Certificates.C215
PASS Certificates.C215 5.62s 838.3MiB
TARGET_COMPLETE Certificates.C215
CHECK Data.C216
PASS Data.C216 0.60s 412.9MiB
CHECK Inputs.C216
PASS Inputs.C216 1.91s 414.3MiB
CHECK Certificates.C216
PASS Certificates.C216 5.42s 827.0MiB
TARGET_COMPLETE Certificates.C216
CHECK Data.C217
PASS Data.C217 0.60s 422.8MiB
CHECK Inputs.C217
PASS Inputs.C217 2.51s 424.5MiB
CHECK Certificates.C217
PASS Certificates.C217 5.52s 846.3MiB
TARGET_COMPLETE Certificates.C217
CHECK Data.C218
PASS Data.C218 0.60s 412.4MiB
CHECK Inputs.C218
PASS Inputs.C218 2.71s 422.6MiB
CHECK Certificates.C218
PASS Certificates.C218 5.62s 845.9MiB
TARGET_COMPLETE Certificates.C218
CHECK Data.C219
PASS Data.C219 0.60s 410.1MiB
CHECK Inputs.C219
PASS Inputs.C219 2.61s 425.7MiB
CHECK Certificates.C219
PASS Certificates.C219 5.32s 826.0MiB
TARGET_COMPLETE Certificates.C219
CHECK Data.C220
PASS Data.C220 0.60s 412.5MiB
CHECK Inputs.C220
PASS Inputs.C220 2.71s 421.7MiB
CHECK Certificates.C220
PASS Certificates.C220 5.42s 839.2MiB
TARGET_COMPLETE Certificates.C220
CHECK Data.C221
PASS Data.C221 0.60s 422.8MiB
CHECK Inputs.C221
PASS Inputs.C221 2.61s 421.0MiB
CHECK Certificates.C221
PASS Certificates.C221 5.92s 859.9MiB
TARGET_COMPLETE Certificates.C221
CHECK Data.C222
PASS Data.C222 0.60s 410.4MiB
CHECK Inputs.C222
PASS Inputs.C222 2.81s 425.8MiB
CHECK Certificates.C222
PASS Certificates.C222 5.72s 859.9MiB
TARGET_COMPLETE Certificates.C222
CHECK Data.C223
PASS Data.C223 0.60s 423.4MiB
CHECK Inputs.C223
PASS Inputs.C223 2.61s 429.0MiB
CHECK Certificates.C223
PASS Certificates.C223 5.32s 839.9MiB
TARGET_COMPLETE Certificates.C223
CHECK Data.C224
PASS Data.C224 0.60s 410.8MiB
CHECK Inputs.C224
PASS Inputs.C224 2.61s 419.5MiB
CHECK Certificates.C224
PASS Certificates.C224 5.22s 829.3MiB
TARGET_COMPLETE Certificates.C224
CHECK Data.C225
PASS Data.C225 0.60s 412.8MiB
CHECK Inputs.C225
PASS Inputs.C225 2.71s 417.2MiB
CHECK Certificates.C225
PASS Certificates.C225 5.73s 846.7MiB
TARGET_COMPLETE Certificates.C225
CHECK Data.C226
PASS Data.C226 0.60s 410.3MiB
CHECK Inputs.C226
PASS Inputs.C226 2.61s 421.6MiB
CHECK Certificates.C226
PASS Certificates.C226 5.53s 847.2MiB
TARGET_COMPLETE Certificates.C226
CHECK Data.C227
PASS Data.C227 0.60s 421.8MiB
CHECK Inputs.C227
PASS Inputs.C227 2.61s 420.7MiB
CHECK Certificates.C227
PASS Certificates.C227 5.12s 827.0MiB
TARGET_COMPLETE Certificates.C227
CHECK Data.C228
PASS Data.C228 0.60s 413.1MiB
CHECK Inputs.C228
PASS Inputs.C228 2.81s 421.0MiB
CHECK Certificates.C228
PASS Certificates.C228 5.92s 840.2MiB
TARGET_COMPLETE Certificates.C228
CHECK Data.C229
PASS Data.C229 0.60s 422.3MiB
CHECK Inputs.C229
PASS Inputs.C229 2.61s 422.4MiB
CHECK Certificates.C229
PASS Certificates.C229 5.72s 860.5MiB
TARGET_COMPLETE Certificates.C229
CHECK Data.C230
PASS Data.C230 0.60s 413.0MiB
CHECK Inputs.C230
PASS Inputs.C230 2.61s 423.8MiB
CHECK Certificates.C230
PASS Certificates.C230 5.73s 861.2MiB
TARGET_COMPLETE Certificates.C230
CHECK Data.C231
PASS Data.C231 0.60s 412.3MiB
CHECK Inputs.C231
PASS Inputs.C231 2.71s 425.5MiB
CHECK Certificates.C231
PASS Certificates.C231 5.62s 838.2MiB
TARGET_COMPLETE Certificates.C231
CHECK Data.C232
PASS Data.C232 0.60s 411.2MiB
CHECK Inputs.C232
PASS Inputs.C232 1.91s 409.4MiB
CHECK Certificates.C232
PASS Certificates.C232 5.22s 827.1MiB
TARGET_COMPLETE Certificates.C232
CHECK Data.C233
PASS Data.C233 0.60s 421.8MiB
CHECK Inputs.C233
PASS Inputs.C233 2.61s 429.0MiB
CHECK Certificates.C233
PASS Certificates.C233 5.52s 846.1MiB
TARGET_COMPLETE Certificates.C233
CHECK Data.C234
PASS Data.C234 0.60s 412.1MiB
CHECK Inputs.C234
PASS Inputs.C234 2.81s 426.6MiB
CHECK Certificates.C234
PASS Certificates.C234 5.72s 845.2MiB
TARGET_COMPLETE Certificates.C234
CHECK Data.C235
PASS Data.C235 0.60s 420.5MiB
CHECK Inputs.C235
PASS Inputs.C235 2.71s 423.1MiB
CHECK Certificates.C235
PASS Certificates.C235 5.52s 826.1MiB
TARGET_COMPLETE Certificates.C235
CHECK Data.C236
PASS Data.C236 0.60s 410.0MiB
CHECK Inputs.C236
PASS Inputs.C236 2.71s 420.0MiB
CHECK Certificates.C236
PASS Certificates.C236 6.12s 838.8MiB
TARGET_COMPLETE Certificates.C236
CHECK Data.C237
PASS Data.C237 0.60s 412.8MiB
CHECK Inputs.C237
PASS Inputs.C237 2.71s 422.9MiB
CHECK Certificates.C237
PASS Certificates.C237 5.82s 860.7MiB
TARGET_COMPLETE Certificates.C237
CHECK Data.C238
PASS Data.C238 0.60s 412.2MiB
CHECK Inputs.C238
PASS Inputs.C238 2.81s 427.9MiB
CHECK Certificates.C238
PASS Certificates.C238 6.02s 859.5MiB
TARGET_COMPLETE Certificates.C238
CHECK Data.C239
PASS Data.C239 0.60s 411.2MiB
CHECK Inputs.C239
PASS Inputs.C239 2.61s 432.3MiB
CHECK Certificates.C239
PASS Certificates.C239 5.62s 839.1MiB
TARGET_COMPLETE Certificates.C239
CHECK Data.C240
PASS Data.C240 0.60s 410.9MiB
CHECK Inputs.C240
PASS Inputs.C240 2.71s 421.5MiB
CHECK Certificates.C240
PASS Certificates.C240 5.32s 829.7MiB
TARGET_COMPLETE Certificates.C240
CHECK Data.C241
PASS Data.C241 0.60s 421.0MiB
CHECK Inputs.C241
PASS Inputs.C241 2.61s 420.4MiB
CHECK Certificates.C241
PASS Certificates.C241 5.72s 848.5MiB
TARGET_COMPLETE Certificates.C241
CHECK Data.C242
PASS Data.C242 0.60s 412.9MiB
CHECK Inputs.C242
PASS Inputs.C242 2.61s 422.9MiB
CHECK Certificates.C242
PASS Certificates.C242 5.52s 848.2MiB
TARGET_COMPLETE Certificates.C242
CHECK Data.C243
PASS Data.C243 0.60s 412.6MiB
CHECK Inputs.C243
PASS Inputs.C243 2.61s 425.9MiB
CHECK Certificates.C243
PASS Certificates.C243 5.22s 829.5MiB
TARGET_COMPLETE Certificates.C243
CHECK Data.C244
PASS Data.C244 0.60s 410.6MiB
CHECK Inputs.C244
PASS Inputs.C244 1.41s 419.1MiB
CHECK Certificates.C244
PASS Certificates.C244 5.52s 841.8MiB
TARGET_COMPLETE Certificates.C244
CHECK Data.C245
PASS Data.C245 0.50s 405.8MiB
CHECK Inputs.C245
PASS Inputs.C245 2.61s 425.1MiB
CHECK Certificates.C245
PASS Certificates.C245 5.92s 860.8MiB
TARGET_COMPLETE Certificates.C245
CHECK Data.C246
PASS Data.C246 0.40s 406.5MiB
CHECK Inputs.C246
PASS Inputs.C246 2.61s 425.4MiB
CHECK Certificates.C246
PASS Certificates.C246 6.02s 860.5MiB
TARGET_COMPLETE Certificates.C246
CHECK Data.C247
PASS Data.C247 0.60s 412.3MiB
CHECK Inputs.C247
PASS Inputs.C247 2.61s 428.9MiB
CHECK Certificates.C247
PASS Certificates.C247 5.52s 842.4MiB
TARGET_COMPLETE Certificates.C247
CHECK Data.C248
PASS Data.C248 0.60s 412.4MiB
CHECK Inputs.C248
PASS Inputs.C248 1.31s 409.4MiB
CHECK Certificates.C248
PASS Certificates.C248 5.22s 830.2MiB
TARGET_COMPLETE Certificates.C248
CHECK Data.C249
PASS Data.C249 0.70s 421.7MiB
CHECK Inputs.C249
PASS Inputs.C249 2.61s 423.6MiB
CHECK Certificates.C249
PASS Certificates.C249 5.82s 851.1MiB
TARGET_COMPLETE Certificates.C249
CHECK Data.C250
PASS Data.C250 0.70s 410.5MiB
CHECK Inputs.C250
PASS Inputs.C250 2.81s 427.6MiB
CHECK Certificates.C250
PASS Certificates.C250 5.62s 848.8MiB
TARGET_COMPLETE Certificates.C250
CHECK Data.C251
PASS Data.C251 0.60s 412.2MiB
CHECK Inputs.C251
PASS Inputs.C251 2.71s 422.2MiB
CHECK Certificates.C251
PASS Certificates.C251 5.62s 828.5MiB
TARGET_COMPLETE Certificates.C251
CHECK Data.C252
PASS Data.C252 0.60s 421.7MiB
CHECK Inputs.C252
PASS Inputs.C252 1.31s 416.8MiB
CHECK Certificates.C252
PASS Certificates.C252 5.62s 840.6MiB
TARGET_COMPLETE Certificates.C252
CHECK Data.C253
PASS Data.C253 0.60s 411.1MiB
CHECK Inputs.C253
PASS Inputs.C253 2.61s 428.6MiB
CHECK Certificates.C253
PASS Certificates.C253 5.92s 861.4MiB
TARGET_COMPLETE Certificates.C253
CHECK Data.C254
PASS Data.C254 0.80s 411.1MiB
CHECK Inputs.C254
PASS Inputs.C254 3.01s 427.0MiB
CHECK Certificates.C254
PASS Certificates.C254 5.92s 861.1MiB
TARGET_COMPLETE Certificates.C254
CHECK Data.C255
PASS Data.C255 0.60s 410.3MiB
CHECK Inputs.C255
PASS Inputs.C255 2.71s 429.9MiB
CHECK Certificates.C255
PASS Certificates.C255 5.82s 841.0MiB
TARGET_COMPLETE Certificates.C255
CHECK MaskLists
PASS MaskLists 2.91s 683.2MiB
CHECK Membership.M00
PASS Membership.M00 12.95s 1583.5MiB
CHECK Membership.M01
PASS Membership.M01 12.85s 1580.9MiB
CHECK Membership.M02
PASS Membership.M02 12.65s 1582.9MiB
CHECK Membership.M03
PASS Membership.M03 12.84s 1585.0MiB
CHECK Membership.M04
PASS Membership.M04 13.14s 1585.1MiB
CHECK Membership.M05
PASS Membership.M05 13.25s 1587.3MiB
CHECK Membership.M06
PASS Membership.M06 12.94s 1589.6MiB
CHECK Membership.M07
PASS Membership.M07 12.84s 1590.1MiB
CHECK Membership.M08
PASS Membership.M08 12.94s 1591.3MiB
CHECK Membership.M09
PASS Membership.M09 13.24s 1594.1MiB
CHECK Membership.M10
PASS Membership.M10 12.84s 1595.8MiB
CHECK Membership.M11
PASS Membership.M11 13.24s 1595.8MiB
CHECK Membership.M12
PASS Membership.M12 13.04s 1597.9MiB
CHECK Membership.M13
PASS Membership.M13 13.24s 1600.0MiB
CHECK Membership.M14
PASS Membership.M14 13.95s 1602.7MiB
CHECK Membership.M15
PASS Membership.M15 13.14s 1602.2MiB
CHECK Main
PASS Main 11.34s 768.3MiB
TARGET_COMPLETE Main
REQUESTED_TARGETS_COMPLETE
'N12.exists_exactly_quadratic_with_ninety_five_nonbent_components' depends on axioms: [propext, Quot.sound]
'N12.exact_nonbent_masks' depends on axioms: [propext, Quot.sound]
'N12.F_quadratic' depends on axioms: [propext, Quot.sound]
'N12.F_nonaffine' depends on axioms: [propext]

EXIT_CODE=0
ELAPSED_SECONDS=11.3362
PEAK_RSS_KIB=786696
ADDRESS_SPACE_LIMIT_BYTES=3221225472
LEAN_THREADS=1
RECURSIVE_SOURCE_FINGERPRINT=c2e347cc485e4670dada3f9c4211fd8f0c12402810097abc108f67af28e2d09b

